
Allocating common symbols
Common symbol       size              file

netbufpool          0x4               binaries/net.o
readylist           0x2               binaries/ready.o
rfltab              0x5a0             binaries/rflinit.o
sleepq              0x2               binaries/clkinit.o
nnames              0x4               binaries/naminit.o
udptab              0x168             binaries/udp.o
minheap             0x4               binaries/meminit.o
marks               0x50              binaries/mark.o
currpid             0x4               binaries/initialize.o
Lf_data             0x20c             binaries/lfsinit.o
porttab             0x2d0             binaries/ptinit.o
girmask             0x2               binaries/evec.o
ttytab              0x10c             binaries/ttyinit.o
proctab             0x1a90            binaries/initialize.o
prcount             0x4               binaries/initialize.o
lck                 0x4               binaries/main.o
lfltab              0xf00             binaries/lflinit.o
rdstab              0x8c              binaries/rdsinit.o
ethertab            0x138             binaries/ethinit.o
NetData             0xa8              binaries/net.o
nmarks              0x4               binaries/mark.o
Defer               0x8               binaries/resched.o
semtab              0x4b0             binaries/initialize.o
lcks                0xc8              binaries/main.o
maxheap             0x4               binaries/meminit.o
preempt             0x4               binaries/clkinit.o
lockcnt             0x4               binaries/linit.o
buftab              0xf0              binaries/bufinit.o
Rf_data             0x18              binaries/rfsinit.o
mkmutex             0x4               binaries/mark.o
clktime             0x4               binaries/clkinit.o
arpcache            0x140             binaries/arp.o
icmptab             0x230             binaries/icmp.o
nbpools             0x4               binaries/bufinit.o
queuetab            0xca0             binaries/queue.o
locktab             0x3e8             binaries/linit.o
ptnextid            0x4               binaries/ptinit.o
Ram                 0x19000           binaries/raminit.o
ipoqueue            0x2c              binaries/ip.o
memlist             0x8               binaries/initialize.o
nametab             0x19a0            binaries/naminit.o
ptfree              0x4               binaries/ptinit.o

Discarded input sections

 .group         0x0000000000000000        0x8 binaries/ascdate.o
 .group         0x0000000000000000        0x8 binaries/bufinit.o
 .group         0x0000000000000000        0x8 binaries/chprio.o
 .text.__x86.get_pc_thunk.bx
                0x0000000000000000        0x4 binaries/chprio.o
 .group         0x0000000000000000        0x8 binaries/clkhandler.o
 .text.__x86.get_pc_thunk.bx
                0x0000000000000000        0x4 binaries/clkhandler.o
 .group         0x0000000000000000        0x8 binaries/clkinit.o
 .text.__x86.get_pc_thunk.bx
                0x0000000000000000        0x4 binaries/clkinit.o
 .group         0x0000000000000000        0x8 binaries/close.o
 .text.__x86.get_pc_thunk.bx
                0x0000000000000000        0x4 binaries/close.o
 .group         0x0000000000000000        0x8 binaries/control.o
 .text.__x86.get_pc_thunk.bx
                0x0000000000000000        0x4 binaries/control.o
 .group         0x0000000000000000        0x8 binaries/create.o
 .text.__x86.get_pc_thunk.bx
                0x0000000000000000        0x4 binaries/create.o
 .group         0x0000000000000000        0x8 binaries/early_imr.o
 .text.__x86.get_pc_thunk.bx
                0x0000000000000000        0x4 binaries/early_imr.o
 .group         0x0000000000000000        0x8 binaries/evec.o
 .text.__x86.get_pc_thunk.bx
                0x0000000000000000        0x4 binaries/evec.o
 .group         0x0000000000000000        0x8 binaries/freebuf.o
 .text.__x86.get_pc_thunk.bx
                0x0000000000000000        0x4 binaries/freebuf.o
 .group         0x0000000000000000        0x8 binaries/freemem.o
 .text.__x86.get_pc_thunk.bx
                0x0000000000000000        0x4 binaries/freemem.o
 .group         0x0000000000000000        0x8 binaries/getbuf.o
 .text.__x86.get_pc_thunk.bx
                0x0000000000000000        0x4 binaries/getbuf.o
 .group         0x0000000000000000        0x8 binaries/getc.o
 .text.__x86.get_pc_thunk.bx
                0x0000000000000000        0x4 binaries/getc.o
 .group         0x0000000000000000        0x8 binaries/getdev.o
 .text.__x86.get_pc_thunk.bx
                0x0000000000000000        0x4 binaries/getdev.o
 .group         0x0000000000000000        0x8 binaries/getitem.o
 .group         0x0000000000000000        0x8 binaries/getitem.o
 .text.__x86.get_pc_thunk.ax
                0x0000000000000000        0x4 binaries/getitem.o
 .group         0x0000000000000000        0x8 binaries/getmem.o
 .text.__x86.get_pc_thunk.bx
[...]
Memory Configuration

Name             Origin             Length             Attributes
*default*        0x0000000000000000 0xffffffffffffffff

Linker script and memory map

                0x0000000000100000                physbase = 0x100000
                0x0000000000100000                . = physbase
                0x0000000000100000                . = ALIGN (0x1000)

.text           0x0000000000100000    0x17000
                0x0000000000100000                text = ABSOLUTE (.)
 *(.text .text.*)
 .text          0x0000000000100000      0x1a8 binaries/start.o
                0x0000000000100024                start
                0x00000000001000f6                inb
                0x00000000001000fe                inw
                0x0000000000100107                inl
                0x000000000010010f                outb
                0x0000000000100119                outw
                0x0000000000100124                outl
                0x000000000010012e                _rtcin
                0x0000000000100139                ___udivsi3
                0x0000000000100144                ___divsi3
                0x0000000000100150                sbzero
                0x0000000000100160                bcopy
                0x0000000000100174                insw
                0x000000000010018a                outsw
                0x00000000001001a0                lidt
 .text          0x00000000001001a8      0x2e5 binaries/ascdate.o
                0x00000000001001a8                ascdate
 .text.__x86.get_pc_thunk.bx
                0x000000000010048d        0x4 binaries/ascdate.o
                0x000000000010048d                __x86.get_pc_thunk.bx
 .text          0x0000000000100491       0x1c binaries/bufinit.o
                0x0000000000100491                bufinit
 .text.__x86.get_pc_thunk.ax
                0x00000000001004ad        0x4 binaries/bufinit.o
                0x00000000001004ad                __x86.get_pc_thunk.ax
 .text          0x00000000001004b1       0x7d binaries/chprio.o
                0x00000000001004b1                chprio
 .text          0x000000000010052e       0x92 binaries/clkhandler.o
                0x000000000010052e                clkhandler
 .text          0x00000000001005c0       0x6e binaries/clkinit.o
                0x00000000001005c0                clkinit
 .text          0x000000000010062e       0x5c binaries/close.o
                0x000000000010062e                close
 .text          0x000000000010068a        0x0 binaries/conf.o
 .text          0x000000000010068a       0x65 binaries/control.o
                0x000000000010068a                control
 .text          0x00000000001006ef      0x23b binaries/create.o
                0x00000000001006ef                create
 .text          0x000000000010092a      0x23b binaries/early_imr.o
                0x000000000010092a                intel_cln_early_sb_read_reg
                0x0000000000100991                intel_cln_early_sb_write_reg
                0x0000000000100a50                remove_irm_protections
 .text          0x0000000000100b65      0x36f binaries/evec.o
                0x0000000000100b65                setirmask
                0x0000000000100bb6                set_evec
                0x0000000000100c2a                initevec
                0x0000000000100d0b                trap
 .text          0x0000000000100ed4       0x91 binaries/freebuf.o
                0x0000000000100ed4                freebuf
 .text          0x0000000000100f65      0x123 binaries/freemem.o
                0x0000000000100f65                freemem
 .text          0x0000000000101088       0x75 binaries/getbuf.o
                0x0000000000101088                getbuf
 .text          0x00000000001010fd       0x5c binaries/getc.o
                0x00000000001010fd                getc
 .text          0x0000000000101159       0x79 binaries/getdev.o
                0x0000000000101159                getdev
 .text          0x00000000001011d2       0x96 binaries/getitem.o
                0x00000000001011d2                getitem
                0x0000000000101205                getfirst
                0x0000000000101235                getlast
 .text.__x86.get_pc_thunk.dx
                0x0000000000101268        0x4 binaries/getitem.o
                0x0000000000101268                __x86.get_pc_thunk.dx
 .text          0x000000000010126c       0xce binaries/getmem.o
                0x000000000010126c                getmem
 .text          0x000000000010133a       0x13 binaries/getpid.o
                0x000000000010133a                getpid
 .text          0x000000000010134d       0x70 binaries/getprio.o
                0x000000000010134d                getprio
 .text          0x00000000001013bd       0xc0 binaries/getstk.o
                0x00000000001013bd                getstk
 .text          0x000000000010147d       0x41 binaries/gettime.o
                0x000000000010147d                gettime
 .text          0x00000000001014be      0x1d9 binaries/getutime.o
                0x00000000001014be                getutime
 .text          0x0000000000101697       0x5c binaries/init.o
                0x0000000000101697                init
 .text          0x00000000001016f3      0x27d binaries/initialize.o
                0x00000000001016f3                nulluser
                0x000000000010191b                stop
                0x000000000010194d                delay
 .text          0x0000000000101970       0x99 binaries/insert.o
                0x0000000000101970                insert
 .text.__x86.get_pc_thunk.di
                0x0000000000101a09        0x4 binaries/insert.o
                0x0000000000101a09                __x86.get_pc_thunk.di
 .text          0x0000000000101a0d       0xf8 binaries/insertd.o
                0x0000000000101a0d                insertd
 .text          0x0000000000101b05        0x6 binaries/ioerr.o
                0x0000000000101b05                ioerr
 .text          0x0000000000101b0b        0x6 binaries/ionull.o
                0x0000000000101b0b                ionull
 .text          0x0000000000101b11      0x193 binaries/kill.o
                0x0000000000101b11                kill
 .text          0x0000000000101ca4       0xe2 binaries/kprintf.o
                0x0000000000101ca4                kputc
                0x0000000000101ce2                console_init
                0x0000000000101d26                kgetc
                0x0000000000101d55                kprintf
 .text          0x0000000000101d86       0xc1 binaries/lcreate.o
                0x0000000000101d86                lcreate
 .text          0x0000000000101e47       0xea binaries/ldelete.o
                0x0000000000101e47                ldelete
 .text          0x0000000000101f31       0x55 binaries/linit.o
                0x0000000000101f31                linit
 .text          0x0000000000101f86      0x318 binaries/lock.o
                0x0000000000101f86                lock
 .text          0x000000000010229e      0xaa9 binaries/main.o
                0x000000000010229e                reader1
                0x000000000010234d                writer1
                0x00000000001023e7                loop
                0x0000000000102440                test0
                0x000000000010258a                test1
                0x000000000010268e                test2
                0x0000000000102793                test3
                0x000000000010289e                test4
                0x00000000001029fb                test5
                0x0000000000102b59                test6
                0x0000000000102c9a                main
 .text          0x0000000000102d47       0xb3 binaries/mark.o
                0x0000000000102d47                markinit
                0x0000000000102d76                mark
 .text          0x0000000000102dfa      0x22c binaries/meminit.o
                0x0000000000102dfa                meminit
                0x0000000000102fa0                setsegs
 .text          0x0000000000103026      0x14a binaries/mkbufpool.o
                0x0000000000103026                mkbufpool
 .text          0x0000000000103170       0x5e binaries/newqueue.o
                0x0000000000103170                newqueue
 .text.__x86.get_pc_thunk.cx
                0x00000000001031ce        0x4 binaries/newqueue.o
                0x00000000001031ce                __x86.get_pc_thunk.cx
 .text          0x00000000001031d2       0x64 binaries/open.o
                0x00000000001031d2                open
 .text          0x0000000000103236       0x2c binaries/panic.o
                0x0000000000103236                panic
 .text          0x0000000000103262      0x280 binaries/pci.o
                0x0000000000103262                pci_init
                0x0000000000103268                find_pci_device
                0x000000000010332a                pci_read_config_byte
                0x0000000000103367                pci_read_config_word
                0x00000000001033a6                pci_read_config_dword
                0x00000000001033e3                pci_write_config_byte
                0x000000000010341e                pci_write_config_word
                0x000000000010345a                pci_write_config_dword
                0x0000000000103495                pci_get_dev_mmio_base_addr
 .text          0x00000000001034e2       0x68 binaries/platinit.o
                0x00000000001034e2                platinit
 .text          0x000000000010354a       0xab binaries/ptclear.o
                0x000000000010354a                _ptclear
 .text          0x00000000001035f5       0x9f binaries/ptcount.o
                0x00000000001035f5                ptcount
 .text          0x0000000000103694       0xf4 binaries/ptcreate.o
                0x0000000000103694                ptcreate
 .text          0x0000000000103788       0x70 binaries/ptdelete.o
                0x0000000000103788                ptdelete
 .text          0x00000000001037f8       0xa0 binaries/ptinit.o
                0x00000000001037f8                ptinit
 .text          0x0000000000103898      0x123 binaries/ptrecv.o
                0x0000000000103898                ptrecv
 .text          0x00000000001039bb       0x68 binaries/ptreset.o
                0x00000000001039bb                ptreset
 .text          0x0000000000103a23      0x15c binaries/ptsend.o
                0x0000000000103a23                ptsend
 .text          0x0000000000103b7f       0x6e binaries/putc.o
                0x0000000000103b7f                putc
 .text          0x0000000000103bed       0xc3 binaries/quark_irq.o
                0x0000000000103bed                quark_irq_routing
 .text          0x0000000000103cb0      0x1bb binaries/quark_pdat.o
                0x0000000000103cb0                get_quark_pdat_entry_data_by_id
                0x0000000000103d89                get_quark_pdat_entry_data_by_desc
 .text          0x0000000000103e6b       0xc7 binaries/queue.o
                0x0000000000103e6b                enqueue
                0x0000000000103ed7                dequeue
 .text          0x0000000000103f32       0x64 binaries/read.o
                0x0000000000103f32                read
 .text          0x0000000000103f96       0x7b binaries/ready.o
                0x0000000000103f96                ready
 .text          0x0000000000104011       0x7d binaries/receive.o
                0x0000000000104011                receive
 .text          0x000000000010408e       0x63 binaries/recvclr.o
                0x000000000010408e                recvclr
 .text          0x00000000001040f1       0xcd binaries/recvtime.o
                0x00000000001040f1                recvtime
 .text          0x00000000001041be       0xf4 binaries/releaseall.o
                0x00000000001041be                releaseall
 .text          0x00000000001042b2      0x179 binaries/resched.o
                0x00000000001042b2                resched
                0x000000000010439e                resched_cntl
 .text          0x000000000010442b       0x97 binaries/resume.o
                0x000000000010442b                resume
 .text          0x00000000001044c2       0x60 binaries/seek.o
                0x00000000001044c2                seek
 .text          0x0000000000104522       0x65 binaries/semcount.o
                0x0000000000104522                semcount
 .text          0x0000000000104587       0xb5 binaries/semcreate.o
                0x0000000000104587                semcreate
 .text          0x000000000010463c       0xe0 binaries/semdelete.o
                0x000000000010463c                semdelete
 .text          0x000000000010471c       0xc0 binaries/semreset.o
                0x000000000010471c                semreset
 .text          0x00000000001047dc       0xd1 binaries/send.o
                0x00000000001047dc                send
 .text          0x00000000001048ad       0xa9 binaries/signal.o
                0x00000000001048ad                signal
 .text          0x0000000000104956       0xe9 binaries/signaln.o
                0x0000000000104956                signaln
 .text          0x0000000000104a3f       0xd8 binaries/sleep.o
                0x0000000000104a3f                sleepms
                0x0000000000104ae1                sleep
 .text          0x0000000000104b17       0xd2 binaries/suspend.o
                0x0000000000104b17                suspend
 .text          0x0000000000104be9       0xa0 binaries/unsleep.o
                0x0000000000104be9                unsleep
 .text          0x0000000000104c89       0x22 binaries/userret.o
                0x0000000000104c89                userret
 .text          0x0000000000104cab       0xc7 binaries/wait.o
                0x0000000000104cab                wait
 .text          0x0000000000104d72       0x88 binaries/wakeup.o
                0x0000000000104d72                wakeup
 .text          0x0000000000104dfa       0x64 binaries/write.o
                0x0000000000104dfa                write
 .text          0x0000000000104e5e       0x25 binaries/xdone.o
                0x0000000000104e5e                xdone
 .text          0x0000000000104e83       0x30 binaries/yield.o
                0x0000000000104e83                yield
 .text          0x0000000000104eb3        0xe binaries/abs.o
                0x0000000000104eb3                abs
 .text          0x0000000000104ec1       0x60 binaries/atoi.o
                0x0000000000104ec1                atoi
 .text          0x0000000000104f21       0x60 binaries/atol.o
                0x0000000000104f21                atol
 .text          0x0000000000104f81       0x18 binaries/bzero.o
                0x0000000000104f81                bzero
 .text          0x0000000000104f99        0x0 binaries/ctype_.o
 .text          0x0000000000104f99      0x83f binaries/doprnt.o
                0x000000000010510f                _doprnt
 .text.__x86.get_pc_thunk.si
                0x00000000001057d8        0x4 binaries/doprnt.o
                0x00000000001057d8                __x86.get_pc_thunk.si
 .text          0x00000000001057dc      0x776 binaries/doscan.o
                0x00000000001057dc                _doscan
 .text          0x0000000000105f52      0x7a9 binaries/fdoprnt.o
                0x0000000000105fd8                _fdoprnt
 .text          0x00000000001066fb       0x2b binaries/fgetc.o
                0x00000000001066fb                fgetc
 .text          0x0000000000106726       0x68 binaries/fgets.o
                0x0000000000106726                fgets
 .text          0x000000000010678e       0x31 binaries/fprintf.o
                0x000000000010678e                fprintf
 .text          0x00000000001067bf       0x36 binaries/fputc.o
                0x00000000001067bf                fputc
 .text          0x00000000001067f5       0x45 binaries/fputs.o
                0x00000000001067f5                fputs
 .text          0x000000000010683a       0x88 binaries/fscanf.o
                0x0000000000106881                fscanf
 .text          0x00000000001068c2       0x36 binaries/getchar.o
                0x00000000001068c2                getchar
 .text          0x00000000001068f8        0xe binaries/labs.o
                0x00000000001068f8                labs
 .text          0x0000000000106906       0x34 binaries/memchr.o
                0x0000000000106906                memchr
 .text          0x000000000010693a       0x47 binaries/memcmp.o
                0x000000000010693a                memcmp
 .text          0x0000000000106981       0x25 binaries/memcpy.o
                0x0000000000106981                memcpy
 .text          0x00000000001069a6       0x1e binaries/memset.o
                0x00000000001069a6                memset
 .text          0x00000000001069c4       0x4a binaries/printf.o
                0x00000000001069c4                printf
 .text          0x0000000000106a0e       0x3a binaries/putchar.o
                0x0000000000106a0e                putchar
 .text          0x0000000000106a48      0x22b binaries/qsort.o
                0x0000000000106c3b                qsort
 .text.__x86.get_pc_thunk.bp
                0x0000000000106c73        0x4 binaries/qsort.o
                0x0000000000106c73                __x86.get_pc_thunk.bp
 .text          0x0000000000106c77       0x3e binaries/rand.o
                0x0000000000106c77                srand
                0x0000000000106c8c                rand
 .text          0x0000000000106cb5       0x58 binaries/sprintf.o
                0x0000000000106ccc                sprintf
 .text          0x0000000000106d0d       0x68 binaries/sscanf.o
                0x0000000000106d36                sscanf
 .text          0x0000000000106d75       0x2f binaries/strchr.o
                0x0000000000106d75                strchr
 .text          0x0000000000106da4       0x41 binaries/strcmp.o
                0x0000000000106da4                strcmp
 .text          0x0000000000106de5       0x1a binaries/strcpy.o
                0x0000000000106de5                strcpy
 .text          0x0000000000106dff       0x1c binaries/strlen.o
                0x0000000000106dff                strlen
 .text          0x0000000000106e1b       0x3a binaries/strncat.o
                0x0000000000106e1b                strncat
 .text          0x0000000000106e55       0x36 binaries/strncmp.o
                0x0000000000106e55                strncmp
 .text          0x0000000000106e8b       0x57 binaries/strncpy.o
                0x0000000000106e8b                strncpy
 .text          0x0000000000106ee2       0x2e binaries/strnlen.o
                0x0000000000106ee2                strnlen
 .text          0x0000000000106f10       0x34 binaries/strrchr.o
                0x0000000000106f10                strrchr
 .text          0x0000000000106f44       0x75 binaries/strstr.o
                0x0000000000106f44                strstr
 .text          0x0000000000106fb9      0x164 binaries/ttycontrol.o
                0x0000000000106fb9                ttycontrol
 .text          0x000000000010711d       0xda binaries/ttygetc.o
                0x000000000010711d                ttygetc
 .text          0x00000000001071f7      0x4f5 binaries/ttyhandle_in.o
                0x00000000001072b7                ttyhandle_in
 .text          0x00000000001076ec      0x181 binaries/ttyhandle_out.o
                0x00000000001076ec                ttyhandle_out
 .text          0x000000000010786d       0x93 binaries/ttyhandler.o
                0x000000000010786d                ttyhandler
 .text          0x0000000000107900      0x17a binaries/ttyinit.o
                0x0000000000107900                ttyinit
 .text          0x0000000000107a7a        0xc binaries/ttykickout.o
                0x0000000000107a7a                ttykickout
 .text          0x0000000000107a86       0xf0 binaries/ttyputc.o
                0x0000000000107a86                ttyputc
 .text          0x0000000000107b76      0x143 binaries/ttyread.o
                0x0000000000107b76                ttyread
 .text          0x0000000000107cb9       0x59 binaries/ttywrite.o
                0x0000000000107cb9                ttywrite
 .text          0x0000000000107d12      0x152 binaries/mount.o
                0x0000000000107d12                namlen
                0x0000000000107d48                mount
 .text          0x0000000000107e64      0x1f2 binaries/naminit.o
                0x0000000000107e64                naminit
 .text          0x0000000000108056      0x231 binaries/nammap.o
                0x0000000000108056                namrepl
                0x0000000000108193                namcpy
                0x00000000001081de                nammap
 .text          0x0000000000108287       0x5b binaries/namopen.o
                0x0000000000108287                namopen
 .text          0x00000000001082e2       0xfc binaries/colon2mac.o
                0x00000000001082e2                colon2mac
 .text          0x00000000001083de       0x8d binaries/ethcontrol.o
                0x00000000001083de                ethcontrol
 .text          0x000000000010846b      0x1bc binaries/ethhandler.o
                0x000000000010846b                ethhandler
 .text          0x0000000000108627      0x573 binaries/ethinit.o
                0x0000000000108627                eth_phy_read
                0x0000000000108662                eth_phy_write
                0x00000000001086a0                eth_phy_reset
                0x0000000000108775                ethinit
 .text          0x0000000000108b9a      0x10d binaries/ethmcast.o
                0x0000000000108b9a                ethmcast_add
                0x0000000000108bee                ethmcast_remove
 .text          0x0000000000108ca7      0x1d8 binaries/ethread.o
                0x0000000000108ca7                ethread
 .text          0x0000000000108e7f       0xdf binaries/ethwrite.o
                0x0000000000108e7f                ethwrite
 .text          0x0000000000108f5e       0x73 binaries/rdsbufalloc.o
                0x0000000000108f5e                rdsbufalloc
 .text          0x0000000000108fd1       0xb7 binaries/rdsclose.o
                0x0000000000108fd1                rdsclose
 .text          0x0000000000109088      0x22d binaries/rdscomm.o
                0x0000000000109088                rdscomm
 .text          0x00000000001092b5      0x1d8 binaries/rdscontrol.o
                0x00000000001092b5                rdscontrol
 .text          0x000000000010948d      0x201 binaries/rdsinit.o
                0x000000000010948d                rdsinit
 .text          0x000000000010968e      0x1a4 binaries/rdsopen.o
                0x000000000010968e                rdsopen
 .text          0x0000000000109832      0x2e5 binaries/rdsprocess.o
                0x0000000000109832                rdsprocess
 .text          0x0000000000109b17      0x209 binaries/rdsread.o
                0x0000000000109b17                rdsread
 .text          0x0000000000109d20      0x1b3 binaries/rdswrite.o
                0x0000000000109d20                rdswrite
 .text          0x0000000000109ed3        0x6 binaries/ramclose.o
                0x0000000000109ed3                ramclose
 .text          0x0000000000109ed9       0x42 binaries/raminit.o
                0x0000000000109ed9                raminit
 .text          0x0000000000109f1b        0x7 binaries/ramopen.o
                0x0000000000109f1b                ramopen
 .text          0x0000000000109f22       0x35 binaries/ramread.o
                0x0000000000109f22                ramread
 .text          0x0000000000109f57       0x35 binaries/ramwrite.o
                0x0000000000109f57                ramwrite
 .text          0x0000000000109f8c       0xa3 binaries/lfdballoc.o
                0x0000000000109f8c                lfdballoc
 .text          0x000000000010a02f       0x5c binaries/lfdbfree.o
                0x000000000010a02f                lfdbfree
 .text          0x000000000010a08b       0xb5 binaries/lfflush.o
                0x000000000010a08b                lfflush
 .text          0x000000000010a140       0x74 binaries/lfgetmode.o
                0x000000000010a140                lfgetmode
 .text          0x000000000010a1b4       0x70 binaries/lfiballoc.o
                0x000000000010a1b4                lfiballoc
 .text          0x000000000010a224       0x25 binaries/lfibclear.o
                0x000000000010a224                lfibclear
 .text          0x000000000010a249       0x8f binaries/lfibget.o
                0x000000000010a249                lfibget
 .text          0x000000000010a2d8       0xa8 binaries/lfibput.o
                0x000000000010a2d8                lfibput
 .text          0x000000000010a380       0xc1 binaries/lflclose.o
                0x000000000010a380                lflclose
 .text          0x000000000010a441       0xdb binaries/lflcontrol.o
                0x000000000010a441                lflcontrol
 .text          0x000000000010a51c      0x118 binaries/lflgetc.o
                0x000000000010a51c                lflgetc
 .text          0x000000000010a634       0xf6 binaries/lflinit.o
                0x000000000010a634                lflinit
 .text          0x000000000010a72a      0x150 binaries/lflputc.o
                0x000000000010a72a                lflputc
 .text          0x000000000010a87a       0x77 binaries/lflread.o
                0x000000000010a87a                lflread
 .text          0x000000000010a8f1       0xda binaries/lflseek.o
                0x000000000010a8f1                lflseek
 .text          0x000000000010a9cb       0x65 binaries/lflwrite.o
                0x000000000010a9cb                lflwrite
 .text          0x000000000010aa30      0x14f binaries/lfsckfmt.o
                0x000000000010aa30                lfsckfmt
 .text          0x000000000010ab7f      0x1d3 binaries/lfscreate.o
                0x000000000010ab7f                lfscreate
 .text          0x000000000010ad52      0x1f7 binaries/lfsetup.o
                0x000000000010ad52                lfsetup
 .text          0x000000000010af49       0x52 binaries/lfsinit.o
                0x000000000010af49                lfsinit
 .text          0x000000000010af9b      0x33f binaries/lfsopen.o
                0x000000000010af9b                lfsopen
 .text          0x000000000010b2da      0x151 binaries/lftruncate.o
                0x000000000010b2da                lftruncate
 .text          0x000000000010b42b       0x83 binaries/rflclose.o
                0x000000000010b42b                rflclose
 .text          0x000000000010b4ae       0x38 binaries/rflgetc.o
                0x000000000010b4ae                rflgetc
 .text          0x000000000010b4e6       0x80 binaries/rflinit.o
                0x000000000010b4e6                rflinit
 .text          0x000000000010b566       0x3b binaries/rflputc.o
                0x000000000010b566                rflputc
 .text          0x000000000010b5a1      0x33b binaries/rflread.o
                0x000000000010b5a1                rflread
 .text          0x000000000010b8dc       0x87 binaries/rflseek.o
                0x000000000010b8dc                rflseek
 .text          0x000000000010b963      0x360 binaries/rflwrite.o
                0x000000000010b963                rflwrite
 .text          0x000000000010bcc3      0x1a6 binaries/rfscomm.o
                0x000000000010bcc3                rfscomm
 .text          0x000000000010be69      0x27f binaries/rfscontrol.o
                0x000000000010be69                rfscontrol
 .text          0x000000000010c0e8       0x74 binaries/rfsgetmode.o
                0x000000000010c0e8                rfsgetmode
 .text          0x000000000010c15c       0x98 binaries/rfsinit.o
                0x000000000010c15c                rfsinit
 .text          0x000000000010c1f4       0xca binaries/rfsndmsg.o
                0x000000000010c1f4                rfsndmsg
 .text          0x000000000010c2be      0x286 binaries/rfsopen.o
                0x000000000010c2be                rfsopen
 .text          0x000000000010c544      0x6c0 binaries/arp.o
                0x000000000010c544                arp_init
                0x000000000010c56b                arp_alloc
                0x000000000010c61c                arp_ntoh
                0x000000000010c686                arp_hton
                0x000000000010c6f0                arp_resolve
                0x000000000010c995                arp_in
 .text          0x000000000010cc04      0x5ea binaries/dhcp.o
                0x000000000010cc04                dhcp_get_opt_val
                0x000000000010cc55                dhcp_bld_bootp_msg
                0x000000000010cd33                dhcp_bld_disc
                0x000000000010cd83                dhcp_bld_req
                0x000000000010ce29                getlocalip
 .text          0x000000000010d1ee       0xc6 binaries/dot2ip.o
                0x000000000010d1ee                dot2ip
 .text          0x000000000010d2b4      0x3cf binaries/hexdump.o
                0x000000000010d2b4                hexdump
                0x000000000010d446                hexadump
 .text          0x000000000010d683      0x778 binaries/icmp.o
                0x000000000010d683                icmp_init
                0x000000000010d6a7                icmp_register
                0x000000000010d75b                icmp_recv
                0x000000000010d916                icmp_mkpkt
                0x000000000010da0d                icmp_in
                0x000000000010dbb3                icmp_send
                0x000000000010dc36                icmp_release
                0x000000000010dd79                icmp_cksum
                0x000000000010ddd3                icmp_hton
                0x000000000010dde7                icmp_ntoh
 .text          0x000000000010ddfb      0x648 binaries/ip.o
                0x000000000010ddfb                ip_local
                0x000000000010de48                ipcksum
                0x000000000010de96                ip_ntoh
                0x000000000010df00                ip_in
                0x000000000010e049                ip_hton
                0x000000000010e0b3                ip_out
                0x000000000010e173                ip_send
                0x000000000010e29d                ipout
                0x000000000010e3a0                ip_enqueue
 .text          0x000000000010e443      0x1cc binaries/net.o
                0x000000000010e443                net_init
                0x000000000010e551                eth_hton
                0x000000000010e55b                eth_ntoh
                0x000000000010e565                netin
 .text          0x000000000010e60f       0xd9 binaries/netstart.o
                0x000000000010e60f                netstart
 .text          0x000000000010e6e8      0xae9 binaries/pdump.o
                0x000000000010e6e8                pdump
                0x000000000010ed25                pdumph
 .text          0x000000000010f1d1      0x5ff binaries/tftp.o
                0x000000000010f1d1                tftp_send1
                0x000000000010f2f3                tftpget_mb
                0x000000000010f7a9                tftpget
 .text          0x000000000010f7d0      0xa9c binaries/udp.o
                0x000000000010f7d0                udp_init
                0x000000000010f813                udp_in
                0x000000000010f92f                udp_register
                0x000000000010fa4a                udp_recv
                0x000000000010fbef                udp_recvaddr
                0x000000000010fda8                udp_send
                0x000000000010ff75                udp_sendto
                0x0000000000110101                udp_release
                0x0000000000110244                udp_ntoh
                0x0000000000110258                udp_hton
 .text          0x000000000011026c      0x13a binaries/addargs.o
                0x000000000011026c                addargs
 .text          0x00000000001103a6      0x234 binaries/lexan.o
                0x00000000001103a6                lexan
 .text          0x00000000001105da      0x643 binaries/shell.o
                0x00000000001105da                shell
 .text          0x0000000000110c1d       0x6e binaries/xsh_argecho.o
                0x0000000000110c1d                xsh_argecho
 .text          0x0000000000110c8b      0x244 binaries/xsh_arp.o
                0x0000000000110c8b                xsh_arp
 .text          0x0000000000110ecf      0x265 binaries/xsh_cat.o
                0x0000000000110ecf                xsh_cat
 .text          0x0000000000111134       0x6e binaries/xsh_clear.o
                0x0000000000111134                xsh_clear
 .text          0x00000000001111a2      0x2c1 binaries/xsh_date.o
                0x00000000001111a2                xsh_date
 .text          0x0000000000111463       0xa8 binaries/xsh_devdump.o
                0x0000000000111463                xsh_devdump
 .text          0x000000000011150b       0x77 binaries/xsh_echo.o
                0x000000000011150b                xsh_echo
 .text          0x0000000000111582        0x6 binaries/xsh_exit.o
                0x0000000000111582                xsh_exit
 .text          0x0000000000111588      0x380 binaries/xsh_help.o
                0x0000000000111588                xsh_help
 .text          0x0000000000111908      0x38a binaries/xsh_ipaddr.o
                0x0000000000111908                xsh_ipaddr
 .text          0x0000000000111c92      0x204 binaries/xsh_kill.o
                0x0000000000111c92                xsh_kill
 .text          0x0000000000111e96      0x43c binaries/xsh_memdump.o
                0x0000000000111f40                xsh_memdump
 .text          0x00000000001122d2      0x223 binaries/xsh_memstat.o
                0x00000000001122d2                xsh_memstat
 .text          0x00000000001124f5      0x319 binaries/xsh_ping.o
                0x00000000001124f5                xsh_ping
 .text          0x000000000011280e      0x1d8 binaries/xsh_ps.o
                0x000000000011280e                xsh_ps
 .text          0x00000000001129e6      0x1df binaries/xsh_sleep.o
                0x00000000001129e6                xsh_sleep
 .text          0x0000000000112bc5      0x219 binaries/xsh_udpdump.o
                0x0000000000112bc5                xsh_udpdump
 .text          0x0000000000112dde      0x477 binaries/xsh_udpecho.o
                0x0000000000112dde                xsh_udpecho
 .text          0x0000000000113255      0x2ac binaries/xsh_udpeserver.o
                0x0000000000113255                xsh_udpeserver
 .text          0x0000000000113501      0x1f4 binaries/xsh_uptime.o
                0x0000000000113501                xsh_uptime
 .text          0x00000000001136f5        0xe binaries/clkdisp.o
                0x00000000001136f5                clkdisp
 .text          0x0000000000113703       0x19 binaries/ctxsw.o
                0x0000000000113703                ctxsw
 .text          0x000000000011371c      0x368 binaries/intr.o
                0x000000000011371c                disable
                0x0000000000113725                restore
                0x0000000000113733                enable
                0x0000000000113735                pause
                0x000000000011373c                halt
                0x000000000011373f                spurious_irq7
                0x0000000000113744                spurious_irq15
                0x0000000000113753                _Xint0
                0x000000000011375e                _Xint1
                0x0000000000113769                _Xint2
                0x0000000000113774                _Xint3
                0x000000000011377f                _Xint4
                0x000000000011378a                _Xint5
                0x0000000000113795                _Xint6
                0x00000000001137a0                _Xint7
                0x00000000001137ab                _Xint8
                0x00000000001137b6                _Xint9
                0x00000000001137c1                _Xint10
                0x00000000001137cc                _Xint11
                0x00000000001137da                _Xint12
                0x00000000001137e8                _Xint13
                0x00000000001137f6                _Xint14
                0x0000000000113804                _Xint15
                0x0000000000113812                _Xint16
                0x0000000000113820                _Xint17
                0x000000000011382e                _Xint18
                0x000000000011383c                _Xint19
                0x000000000011384a                _Xint20
                0x0000000000113858                _Xint21
                0x0000000000113866                _Xint22
                0x0000000000113874                _Xint23
                0x0000000000113882                _Xint24
                0x0000000000113890                _Xint25
                0x000000000011389e                _Xint26
                0x00000000001138ac                _Xint27
                0x00000000001138ba                _Xint28
                0x00000000001138c8                _Xint29
                0x00000000001138d6                _Xint30
                0x00000000001138e4                _Xint31
                0x00000000001138f2                _Xint32
                0x0000000000113900                _Xint33
                0x000000000011390e                _Xint34
                0x000000000011391c                _Xint35
                0x000000000011392a                _Xint36
                0x0000000000113938                _Xint37
                0x0000000000113946                _Xint38
                0x0000000000113954                _Xint39
                0x0000000000113962                _Xint40
                0x0000000000113970                _Xint41
                0x000000000011397e                _Xint42
                0x000000000011398c                _Xint43
                0x000000000011399a                _Xint44
                0x00000000001139a8                _Xint45
                0x00000000001139b6                _Xint46
                0x00000000001139c4                defevec
 .text          0x0000000000113a84        0xf binaries/ttydispatch.o
                0x0000000000113a84                ttydispatch
 .text          0x0000000000113a93       0x13 binaries/ethdispatch.o
                0x0000000000113a93                ethdispatch
 *(.rodata .rodata.*)
 .rodata.str1.1
                0x0000000000113aa6       0x54 binaries/ascdate.o
 *fill*         0x0000000000113afa        0x2 
 .rodata.str1.4
                0x0000000000113afc       0x22 binaries/ascdate.o
 .rodata.str1.1
                0x0000000000113b1e       0x5f binaries/conf.o
 *fill*         0x0000000000113b7d        0x3 
 .rodata.str1.4
                0x0000000000113b80       0x4f binaries/early_imr.o
 *fill*         0x0000000000113bcf        0x1 
 .rodata        0x0000000000113bd0       0x33 binaries/early_imr.o
 .rodata.str1.1
                0x0000000000113c03      0x20c binaries/evec.o
 *fill*         0x0000000000113e0f        0x1 
 .rodata.str1.4
                0x0000000000113e10       0x23 binaries/evec.o
 .rodata.str1.1
                0x0000000000113e33        0xb binaries/getutime.o
 *fill*         0x0000000000113e3e        0x2 
 .rodata.str1.4
                0x0000000000113e40       0x54 binaries/getutime.o
 .rodata.str1.1
                0x0000000000113e94       0x63 binaries/initialize.o
                                         0x67 (size before relaxing)
 *fill*         0x0000000000113ef7        0x1 
 .rodata.str1.4
                0x0000000000113ef8       0xd4 binaries/initialize.o
 .rodata        0x0000000000113fcc       0x20 binaries/kill.o
 .rodata.str1.4
                0x0000000000113fec      0x2a7 binaries/main.o
 .rodata.str1.1
                0x0000000000114293      0x25c binaries/main.o
 *fill*         0x00000000001144ef        0x1 
 .rodata.str1.4
                0x00000000001144f0       0x23 binaries/meminit.o
 .rodata.str1.1
                0x0000000000114513       0x1b binaries/meminit.o
 .rodata.str1.1
                0x000000000011452e        0xf binaries/panic.o
 .rodata.str1.1
                0x000000000011453d       0x1c binaries/ptinit.o
 *fill*         0x0000000000114559        0x3 
 .rodata.str1.4
                0x000000000011455c       0x25 binaries/ptsend.o
 .rodata.str1.1
                0x0000000000114581       0x22 binaries/quark_pdat.o
 *fill*         0x00000000001145a3        0x1 
 .rodata.str1.4
                0x00000000001145a4       0x27 binaries/xdone.o
 *fill*         0x00000000001145cb       0x15 
 .rodata        0x00000000001145e0       0x81 binaries/ctype_.o
                0x00000000001145e0                _ctype_
 .rodata.str1.1
                0x0000000000114661       0x29 binaries/doprnt.o
 *fill*         0x000000000011468a        0x2 
 .rodata        0x000000000011468c       0xc4 binaries/doprnt.o
 .rodata        0x0000000000114750       0x98 binaries/doscan.o
 .rodata.str1.1
                0x00000000001147e8       0x29 binaries/fdoprnt.o
 .rodata        0x00000000001147e8       0x84 binaries/fdoprnt.o
 .rodata        0x000000000011486c       0x20 binaries/ttycontrol.o
 .rodata.str1.4
                0x000000000011488c       0x4c binaries/naminit.o
 .rodata.str1.1
                0x00000000001148d8       0x32 binaries/naminit.o
                                         0x35 (size before relaxing)
 .rodata.str1.1
                0x000000000011490a       0x15 binaries/ethinit.o
 *fill*         0x000000000011491f        0x1 
 .rodata.str1.4
                0x0000000000114920       0x2e binaries/ethinit.o
 *fill*         0x000000000011494e        0x2 
 .rodata.str1.4
                0x0000000000114950       0x2c binaries/rdsbufalloc.o
 .rodata.str1.4
                0x000000000011497c       0x76 binaries/rdscomm.o
 *fill*         0x00000000001149f2        0x2 
 .rodata.str1.4
                0x00000000001149f4       0x48 binaries/rdscontrol.o
 .rodata.str1.4
                0x0000000000114a3c       0x7e binaries/rdsinit.o
 .rodata.str1.1
                0x0000000000114aba       0x18 binaries/rdsinit.o
 *fill*         0x0000000000114ad2        0x2 
 .rodata.str1.4
                0x0000000000114ad4       0x22 binaries/rdsopen.o
 *fill*         0x0000000000114af6        0x2 
 .rodata.str1.4
                0x0000000000114af8       0x4d binaries/rdsprocess.o
 .rodata.str1.1
                0x0000000000114b45        0x9 binaries/raminit.o
 .rodata.str1.1
                0x0000000000114b4e       0x13 binaries/lfdballoc.o
 *fill*         0x0000000000114b61        0x3 
 .rodata.str1.4
                0x0000000000114b64       0x23 binaries/lfdballoc.o
 .rodata.str1.1
                0x0000000000114b87       0x14 binaries/lfiballoc.o
 *fill*         0x0000000000114b9b        0x1 
 .rodata.str1.4
                0x0000000000114b9c       0x23 binaries/lflcontrol.o
 .rodata.str1.1
                0x0000000000114bbf       0x64 binaries/lfsckfmt.o
 *fill*         0x0000000000114c23        0x1 
 .rodata.str1.4
                0x0000000000114c24       0x51 binaries/lfsckfmt.o
 *fill*         0x0000000000114c75        0x3 
 .rodata.str1.4
                0x0000000000114c78       0x21 binaries/rflread.o
 .rodata.str1.4
                0x0000000000114c99       0x21 binaries/rflwrite.o
 *fill*         0x0000000000114c99        0x3 
 .rodata.str1.4
                0x0000000000114c9c       0x75 binaries/rfscomm.o
 *fill*         0x0000000000114d11        0x3 
 .rodata.str1.4
                0x0000000000114d14       0x23 binaries/rfscontrol.o
 *fill*         0x0000000000114d37        0x1 
 .rodata        0x0000000000114d38       0x18 binaries/rfscontrol.o
 .rodata.str1.1
                0x0000000000114d50       0x10 binaries/rfsinit.o
 .rodata.str1.4
                0x0000000000114d50       0x57 binaries/rfsinit.o
 *fill*         0x0000000000114da7        0x1 
 .rodata.str1.4
                0x0000000000114da8       0x2a binaries/rfsndmsg.o
 .rodata.str1.4
                0x0000000000114dd2       0x22 binaries/rfsopen.o
 .rodata.str1.1
                0x0000000000114dd2       0x19 binaries/arp.o
 *fill*         0x0000000000114deb        0x1 
 .rodata.str1.4
                0x0000000000114dec       0x21 binaries/arp.o
 *fill*         0x0000000000114e0d        0x3 
 .rodata.str1.4
                0x0000000000114e10       0xa6 binaries/dhcp.o
 .rodata.str1.1
                0x0000000000114eb6       0x4a binaries/dhcp.o
 .rodata.str1.1
                0x0000000000114f00       0x5a binaries/hexdump.o
                                         0x61 (size before relaxing)
 *fill*         0x0000000000114f5a        0x2 
 .rodata.str1.4
                0x0000000000114f5c       0x67 binaries/hexdump.o
 *fill*         0x0000000000114fc3        0x1 
 .rodata.str1.4
                0x0000000000114fc4       0x29 binaries/icmp.o
 .rodata.str1.1
                0x0000000000114fed       0x4e binaries/ip.o
 *fill*         0x000000000011503b        0x1 
 .rodata.str1.4
                0x000000000011503c       0x20 binaries/ip.o
 .rodata.str1.4
                0x000000000011505c       0x28 binaries/net.o
 .rodata.str1.1
                0x0000000000115084       0x27 binaries/net.o
 *fill*         0x00000000001150ab        0x1 
 .rodata.str1.4
                0x00000000001150ac       0xcf binaries/netstart.o
 .rodata.str1.1
                0x000000000011517b      0x141 binaries/pdump.o
                                        0x14b (size before relaxing)
 .rodata.str1.4
                0x00000000001152bc      0x126 binaries/pdump.o
 *fill*         0x00000000001153e2        0x2 
 .rodata.str1.4
                0x00000000001153e4      0x148 binaries/tftp.o
 .rodata.str1.1
                0x000000000011552c        0x6 binaries/tftp.o
                                          0xa (size before relaxing)
 .rodata.str1.1
                0x0000000000115532       0xe3 binaries/shell.o
                                         0xff (size before relaxing)
 *fill*         0x0000000000115615        0x3 
 .rodata.str1.4
                0x0000000000115618      0x1c4 binaries/shell.o
 .rodata.str1.1
                0x00000000001157dc       0x26 binaries/xsh_argecho.o
                                         0x28 (size before relaxing)
 .rodata.str1.1
                0x0000000000115802       0x70 binaries/xsh_arp.o
                                         0x72 (size before relaxing)
 *fill*         0x0000000000115872        0x2 
 .rodata.str1.4
                0x0000000000115874       0xb4 binaries/xsh_arp.o
 .rodata.str1.1
                0x0000000000115928       0x2d binaries/xsh_cat.o
                                         0x4f (size before relaxing)
 *fill*         0x0000000000115955        0x3 
 .rodata.str1.4
                0x0000000000115958       0x52 binaries/xsh_cat.o
                                         0x79 (size before relaxing)
 .rodata.str1.1
                0x00000000001159aa       0x15 binaries/xsh_clear.o
 .rodata.str1.1
                0x00000000001159bf       0x46 binaries/xsh_date.o
                                         0x5f (size before relaxing)
 *fill*         0x0000000000115a05        0x3 
 .rodata.str1.4
                0x0000000000115a08      0x163 binaries/xsh_date.o
 .rodata.str1.1
                0x0000000000115b6b       0x5d binaries/xsh_devdump.o
 .rodata.str1.1
                0x0000000000115bc8        0x4 binaries/xsh_echo.o
                                          0x9 (size before relaxing)
 .rodata.str1.1
                0x0000000000115bcc       0x65 binaries/xsh_help.o
                                         0xa3 (size before relaxing)
 *fill*         0x0000000000115c31        0x3 
 .rodata.str1.4
                0x0000000000115c34       0x7c binaries/xsh_help.o
                                         0xc6 (size before relaxing)
 .rodata.str1.1
                0x0000000000115cb0       0x9c binaries/xsh_ipaddr.o
                                         0xf8 (size before relaxing)
 .rodata.str1.4
                0x0000000000115d4c       0x4d binaries/xsh_ipaddr.o
                                         0x99 (size before relaxing)
 .rodata.str1.1
                0x0000000000115d99       0x78 binaries/xsh_kill.o
                                         0x97 (size before relaxing)
 *fill*         0x0000000000115e11        0x3 
 .rodata.str1.4
                0x0000000000115e14       0x4a binaries/xsh_kill.o
                                         0x96 (size before relaxing)
 .rodata.str1.1
                0x0000000000115e5e       0x84 binaries/xsh_memdump.o
                                         0xa8 (size before relaxing)
 *fill*         0x0000000000115ee2        0x2 
 .rodata.str1.4
                0x0000000000115ee4      0x15a binaries/xsh_memdump.o
                                        0x1aa (size before relaxing)
 .rodata.str1.1
                0x000000000011603e       0x40 binaries/xsh_memstat.o
                                         0x79 (size before relaxing)
 *fill*         0x000000000011607e        0x2 
 .rodata.str1.4
                0x0000000000116080      0x187 binaries/xsh_memstat.o
                                        0x1af (size before relaxing)
 .rodata.str1.1
                0x0000000000116207       0x90 binaries/xsh_ping.o
                                         0xaf (size before relaxing)
 *fill*         0x0000000000116297        0x1 
 .rodata.str1.4
                0x0000000000116298       0x77 binaries/xsh_ping.o
                                         0xc6 (size before relaxing)
 .rodata.str1.1
                0x000000000011630f       0x74 binaries/xsh_ps.o
                                         0xd5 (size before relaxing)
 *fill*         0x0000000000116383        0x1 
 .rodata.str1.4
                0x0000000000116384       0x80 binaries/xsh_ps.o
                                         0xd0 (size before relaxing)
 .rodata.str1.1
                0x0000000000116404       0x31 binaries/xsh_sleep.o
                                         0x72 (size before relaxing)
 *fill*         0x0000000000116435        0x3 
 .rodata.str1.4
                0x0000000000116438       0x2a binaries/xsh_sleep.o
                                         0x7a (size before relaxing)
 .rodata.str1.1
                0x0000000000116462       0x6b binaries/xsh_udpdump.o
                                         0xd2 (size before relaxing)
 *fill*         0x00000000001164cd        0x3 
 .rodata.str1.4
                0x00000000001164d0       0x94 binaries/xsh_udpdump.o
                                         0xe4 (size before relaxing)
 .rodata.str1.1
                0x0000000000116564       0xdb binaries/xsh_udpecho.o
                                         0xfa (size before relaxing)
 *fill*         0x000000000011663f        0x1 
 .rodata.str1.4
                0x0000000000116640       0xc7 binaries/xsh_udpecho.o
                                        0x116 (size before relaxing)
 .rodata.str1.1
                0x0000000000116707       0x66 binaries/xsh_udpeserver.o
                                         0x8f (size before relaxing)
 *fill*         0x000000000011676d        0x3 
 .rodata.str1.4
                0x0000000000116770       0x29 binaries/xsh_udpeserver.o
                                         0x9f (size before relaxing)
 .rodata.str1.1
                0x0000000000116799       0x49 binaries/xsh_uptime.o
                                         0x8c (size before relaxing)
 *fill*         0x00000000001167e2        0x2 
 .rodata.str1.4
                0x00000000001167e4       0x28 binaries/xsh_uptime.o
                                         0x76 (size before relaxing)
                0x000000000011680c                etext = ABSOLUTE (.)
                0x0000000000117000                . = ALIGN (0x1000)
 *fill*         0x000000000011680c      0x7f4 

.eh_frame       0x0000000000117000     0x7814
 .eh_frame      0x0000000000117000       0x98 binaries/ascdate.o
 .eh_frame      0x0000000000117098       0x28 binaries/bufinit.o
                                         0x40 (size before relaxing)
 .eh_frame      0x00000000001170c0       0x54 binaries/chprio.o
                                         0x80 (size before relaxing)
 .eh_frame      0x0000000000117114       0x24 binaries/clkhandler.o
                                         0x50 (size before relaxing)
 .eh_frame      0x0000000000117138       0x44 binaries/clkinit.o
                                         0x70 (size before relaxing)
 .eh_frame      0x000000000011717c       0x44 binaries/close.o
                                         0x70 (size before relaxing)
 .eh_frame      0x00000000001171c0       0x48 binaries/control.o
                                         0x74 (size before relaxing)
 .eh_frame      0x0000000000117208       0x5c binaries/create.o
                                         0x88 (size before relaxing)
 .eh_frame      0x0000000000117264      0x164 binaries/early_imr.o
                                        0x190 (size before relaxing)
 .eh_frame      0x00000000001173c8      0x1f8 binaries/evec.o
                                        0x224 (size before relaxing)
 .eh_frame      0x00000000001175c0       0x58 binaries/freebuf.o
                                         0x84 (size before relaxing)
 .eh_frame      0x0000000000117618       0x5c binaries/freemem.o
                                         0x88 (size before relaxing)
 .eh_frame      0x0000000000117674       0x50 binaries/getbuf.o
                                         0x7c (size before relaxing)
 .eh_frame      0x00000000001176c4       0x44 binaries/getc.o
                                         0x70 (size before relaxing)
 .eh_frame      0x0000000000117708       0x60 binaries/getdev.o
                                         0x8c (size before relaxing)
 .eh_frame      0x0000000000117768       0x68 binaries/getitem.o
                                         0x94 (size before relaxing)
 .eh_frame      0x00000000001177d0       0x54 binaries/getmem.o
                                         0x80 (size before relaxing)
 .eh_frame      0x0000000000117824       0x14 binaries/getpid.o
                                         0x40 (size before relaxing)
 .eh_frame      0x0000000000117838       0x40 binaries/getprio.o
                                         0x6c (size before relaxing)
 .eh_frame      0x0000000000117878       0x5c binaries/getstk.o
                                         0x88 (size before relaxing)
 .eh_frame      0x00000000001178d4       0x2c binaries/gettime.o
                                         0x58 (size before relaxing)
 .eh_frame      0x0000000000117900       0x98 binaries/getutime.o
                                         0xc4 (size before relaxing)
 .eh_frame      0x0000000000117998       0x44 binaries/init.o
                                         0x70 (size before relaxing)
 .eh_frame      0x00000000001179dc       0xe0 binaries/initialize.o
                                        0x10c (size before relaxing)
 .eh_frame      0x0000000000117abc       0x44 binaries/insert.o
                                         0x5c (size before relaxing)
 .eh_frame      0x0000000000117b00       0x40 binaries/insertd.o
                                         0x6c (size before relaxing)
 .eh_frame      0x0000000000117b40       0x14 binaries/ioerr.o
                                         0x2c (size before relaxing)
 .eh_frame      0x0000000000117b54       0x14 binaries/ionull.o
                                         0x2c (size before relaxing)
 .eh_frame      0x0000000000117b68       0x78 binaries/kill.o
                                         0xa4 (size before relaxing)
 .eh_frame      0x0000000000117be0       0x90 binaries/kprintf.o
                                         0xd0 (size before relaxing)
 .eh_frame      0x0000000000117c70       0x54 binaries/lcreate.o
                                         0x80 (size before relaxing)
 .eh_frame      0x0000000000117cc4       0x6c binaries/ldelete.o
                                         0x98 (size before relaxing)
 .eh_frame      0x0000000000117d30       0x30 binaries/linit.o
                                         0x5c (size before relaxing)
 .eh_frame      0x0000000000117d60       0xb4 binaries/lock.o
                                         0xe0 (size before relaxing)
 .eh_frame      0x0000000000117e14      0x718 binaries/main.o
                                        0x744 (size before relaxing)
 .eh_frame      0x000000000011852c       0x64 binaries/mark.o
                                         0x90 (size before relaxing)
 .eh_frame      0x0000000000118590       0x80 binaries/meminit.o
                                         0xac (size before relaxing)
 .eh_frame      0x0000000000118610       0x78 binaries/mkbufpool.o
                                         0xa4 (size before relaxing)
 .eh_frame      0x0000000000118688       0x30 binaries/newqueue.o
                                         0x48 (size before relaxing)
 .eh_frame      0x00000000001186b8       0x48 binaries/open.o
                                         0x74 (size before relaxing)
 .eh_frame      0x0000000000118700       0x28 binaries/panic.o
                                         0x54 (size before relaxing)
 .eh_frame      0x0000000000118728       0xf4 binaries/pci.o
                                        0x10c (size before relaxing)
 .eh_frame      0x000000000011881c       0x40 binaries/platinit.o
                                         0x6c (size before relaxing)
 .eh_frame      0x000000000011885c       0x6c binaries/ptclear.o
                                         0x98 (size before relaxing)
 .eh_frame      0x00000000001188c8       0x64 binaries/ptcount.o
                                         0x90 (size before relaxing)
 .eh_frame      0x000000000011892c       0x60 binaries/ptcreate.o
                                         0x8c (size before relaxing)
 .eh_frame      0x000000000011898c       0x48 binaries/ptdelete.o
                                         0x74 (size before relaxing)
 .eh_frame      0x00000000001189d4       0x44 binaries/ptinit.o
                                         0x70 (size before relaxing)
 .eh_frame      0x0000000000118a18       0x64 binaries/ptrecv.o
                                         0x90 (size before relaxing)
 .eh_frame      0x0000000000118a7c       0x48 binaries/ptreset.o
                                         0x74 (size before relaxing)
 .eh_frame      0x0000000000118ac4       0x70 binaries/ptsend.o
                                         0x9c (size before relaxing)
 .eh_frame      0x0000000000118b34       0x54 binaries/putc.o
                                         0x80 (size before relaxing)
 .eh_frame      0x0000000000118b88       0x6c binaries/quark_irq.o
                                         0x98 (size before relaxing)
 .eh_frame      0x0000000000118bf4       0xe8 binaries/quark_pdat.o
                                        0x114 (size before relaxing)
 .eh_frame      0x0000000000118cdc       0x4c binaries/queue.o
                                         0x78 (size before relaxing)
 .eh_frame      0x0000000000118d28       0x48 binaries/read.o
                                         0x74 (size before relaxing)
 .eh_frame      0x0000000000118d70       0x34 binaries/ready.o
                                         0x60 (size before relaxing)
 .eh_frame      0x0000000000118da4       0x50 binaries/receive.o
                                         0x7c (size before relaxing)
 .eh_frame      0x0000000000118df4       0x38 binaries/recvclr.o
                                         0x64 (size before relaxing)
 .eh_frame      0x0000000000118e2c       0x60 binaries/recvtime.o
                                         0x8c (size before relaxing)
 .eh_frame      0x0000000000118e8c       0x60 binaries/releaseall.o
                                         0x8c (size before relaxing)
 .eh_frame      0x0000000000118eec       0x78 binaries/resched.o
                                         0xb8 (size before relaxing)
 .eh_frame      0x0000000000118f64       0x5c binaries/resume.o
                                         0x88 (size before relaxing)
 .eh_frame      0x0000000000118fc0       0x44 binaries/seek.o
                                         0x70 (size before relaxing)
 .eh_frame      0x0000000000119004       0x40 binaries/semcount.o
                                         0x6c (size before relaxing)
 .eh_frame      0x0000000000119044       0x54 binaries/semcreate.o
                                         0x80 (size before relaxing)
 .eh_frame      0x0000000000119098       0x6c binaries/semdelete.o
                                         0x98 (size before relaxing)
 .eh_frame      0x0000000000119104       0x6c binaries/semreset.o
                                         0x98 (size before relaxing)
 .eh_frame      0x0000000000119170       0x60 binaries/send.o
                                         0x8c (size before relaxing)
 .eh_frame      0x00000000001191d0       0x54 binaries/signal.o
                                         0x80 (size before relaxing)
 .eh_frame      0x0000000000119224       0x70 binaries/signaln.o
                                         0x9c (size before relaxing)
 .eh_frame      0x0000000000119294       0x80 binaries/sleep.o
                                         0xac (size before relaxing)
 .eh_frame      0x0000000000119314       0x54 binaries/suspend.o
                                         0x80 (size before relaxing)
 .eh_frame      0x0000000000119368       0x4c binaries/unsleep.o
                                         0x78 (size before relaxing)
 .eh_frame      0x00000000001193b4       0x28 binaries/userret.o
                                         0x54 (size before relaxing)
 .eh_frame      0x00000000001193dc       0x58 binaries/wait.o
                                         0x84 (size before relaxing)
 .eh_frame      0x0000000000119434       0x48 binaries/wakeup.o
                                         0x74 (size before relaxing)
 .eh_frame      0x000000000011947c       0x48 binaries/write.o
                                         0x74 (size before relaxing)
 .eh_frame      0x00000000001194c4       0x24 binaries/xdone.o
                                         0x50 (size before relaxing)
 .eh_frame      0x00000000001194e8       0x30 binaries/yield.o
                                         0x5c (size before relaxing)
 .eh_frame      0x0000000000119518       0x14 binaries/abs.o
                                         0x2c (size before relaxing)
 .eh_frame      0x000000000011952c       0x28 binaries/atoi.o
                                         0x40 (size before relaxing)
 .eh_frame      0x0000000000119554       0x28 binaries/atol.o
                                         0x40 (size before relaxing)
 .eh_frame      0x000000000011957c       0x14 binaries/bzero.o
                                         0x2c (size before relaxing)
 .eh_frame      0x0000000000119590      0x174 binaries/doprnt.o
                                        0x1a0 (size before relaxing)
 .eh_frame      0x0000000000119704      0x108 binaries/doscan.o
                                        0x134 (size before relaxing)
 .eh_frame      0x000000000011980c      0x114 binaries/fdoprnt.o
                                        0x140 (size before relaxing)
 .eh_frame      0x0000000000119920       0x2c binaries/fgetc.o
                                         0x58 (size before relaxing)
 .eh_frame      0x000000000011994c       0x48 binaries/fgets.o
                                         0x74 (size before relaxing)
 .eh_frame      0x0000000000119994       0x2c binaries/fprintf.o
                                         0x58 (size before relaxing)
 .eh_frame      0x00000000001199c0       0x2c binaries/fputc.o
                                         0x58 (size before relaxing)
 .eh_frame      0x00000000001199ec       0x3c binaries/fputs.o
                                         0x68 (size before relaxing)
 .eh_frame      0x0000000000119a28       0x7c binaries/fscanf.o
                                         0xa8 (size before relaxing)
 .eh_frame      0x0000000000119aa4       0x24 binaries/getchar.o
                                         0x50 (size before relaxing)
 .eh_frame      0x0000000000119ac8       0x14 binaries/labs.o
                                         0x2c (size before relaxing)
 .eh_frame      0x0000000000119adc       0x14 binaries/memchr.o
                                         0x2c (size before relaxing)
 .eh_frame      0x0000000000119af0       0x28 binaries/memcmp.o
                                         0x40 (size before relaxing)
 .eh_frame      0x0000000000119b18       0x24 binaries/memcpy.o
                                         0x3c (size before relaxing)
 .eh_frame      0x0000000000119b3c       0x1c binaries/memset.o
                                         0x34 (size before relaxing)
 .eh_frame      0x0000000000119b58       0x2c binaries/printf.o
                                         0x58 (size before relaxing)
 .eh_frame      0x0000000000119b84       0x28 binaries/putchar.o
                                         0x54 (size before relaxing)
 .eh_frame      0x0000000000119bac       0xdc binaries/qsort.o
                                        0x11c (size before relaxing)
 .eh_frame      0x0000000000119c88       0x28 binaries/rand.o
                                         0x68 (size before relaxing)
 .eh_frame      0x0000000000119cb0       0x54 binaries/sprintf.o
                                         0x80 (size before relaxing)
 .eh_frame      0x0000000000119d04       0x5c binaries/sscanf.o
                                         0x88 (size before relaxing)
 .eh_frame      0x0000000000119d60       0x20 binaries/strchr.o
                                         0x38 (size before relaxing)
 .eh_frame      0x0000000000119d80       0x20 binaries/strcmp.o
                                         0x38 (size before relaxing)
 .eh_frame      0x0000000000119da0       0x14 binaries/strcpy.o
                                         0x2c (size before relaxing)
 .eh_frame      0x0000000000119db4       0x14 binaries/strlen.o
                                         0x2c (size before relaxing)
 .eh_frame      0x0000000000119dc8       0x2c binaries/strncat.o
                                         0x44 (size before relaxing)
 .eh_frame      0x0000000000119df4       0x1c binaries/strncmp.o
                                         0x34 (size before relaxing)
 .eh_frame      0x0000000000119e10       0x30 binaries/strncpy.o
                                         0x48 (size before relaxing)
 .eh_frame      0x0000000000119e40       0x14 binaries/strnlen.o
                                         0x2c (size before relaxing)
 .eh_frame      0x0000000000119e54       0x20 binaries/strrchr.o
                                         0x38 (size before relaxing)
 .eh_frame      0x0000000000119e74       0x3c binaries/strstr.o
                                         0x54 (size before relaxing)
 .eh_frame      0x0000000000119eb0       0x58 binaries/ttycontrol.o
                                         0x84 (size before relaxing)
 .eh_frame      0x0000000000119f08       0x44 binaries/ttygetc.o
                                         0x70 (size before relaxing)
 .eh_frame      0x0000000000119f4c       0xe0 binaries/ttyhandle_in.o
                                        0x10c (size before relaxing)
 .eh_frame      0x000000000011a02c       0x68 binaries/ttyhandle_out.o
                                         0x94 (size before relaxing)
 .eh_frame      0x000000000011a094       0x5c binaries/ttyhandler.o
                                         0x88 (size before relaxing)
 .eh_frame      0x000000000011a0f0       0x4c binaries/ttyinit.o
                                         0x78 (size before relaxing)
 .eh_frame      0x000000000011a13c       0x14 binaries/ttykickout.o
                                         0x2c (size before relaxing)
 .eh_frame      0x000000000011a150       0x64 binaries/ttyputc.o
                                         0x90 (size before relaxing)
 .eh_frame      0x000000000011a1b4       0x64 binaries/ttyread.o
                                         0x90 (size before relaxing)
 .eh_frame      0x000000000011a218       0x4c binaries/ttywrite.o
                                         0x78 (size before relaxing)
 .eh_frame      0x000000000011a264       0x7c binaries/mount.o
                                         0xa8 (size before relaxing)
 .eh_frame      0x000000000011a2e0       0xe4 binaries/naminit.o
                                        0x110 (size before relaxing)
 .eh_frame      0x000000000011a3c4       0xf0 binaries/nammap.o
                                        0x130 (size before relaxing)
 .eh_frame      0x000000000011a4b4       0x48 binaries/namopen.o
                                         0x74 (size before relaxing)
 .eh_frame      0x000000000011a4fc       0x3c binaries/colon2mac.o
                                         0x68 (size before relaxing)
 .eh_frame      0x000000000011a538       0x4c binaries/ethcontrol.o
                                         0x78 (size before relaxing)
 .eh_frame      0x000000000011a584       0x58 binaries/ethhandler.o
                                         0x84 (size before relaxing)
 .eh_frame      0x000000000011a5dc      0x154 binaries/ethinit.o
                                        0x180 (size before relaxing)
 .eh_frame      0x000000000011a730       0xa8 binaries/ethmcast.o
                                         0xd4 (size before relaxing)
 .eh_frame      0x000000000011a7d8       0x80 binaries/ethread.o
                                         0xac (size before relaxing)
 .eh_frame      0x000000000011a858       0x48 binaries/ethwrite.o
                                         0x74 (size before relaxing)
 .eh_frame      0x000000000011a8a0       0x3c binaries/rdsbufalloc.o
                                         0x68 (size before relaxing)
 .eh_frame      0x000000000011a8dc       0x3c binaries/rdsclose.o
                                         0x68 (size before relaxing)
 .eh_frame      0x000000000011a918       0x90 binaries/rdscomm.o
                                         0xbc (size before relaxing)
 .eh_frame      0x000000000011a9a8       0xb4 binaries/rdscontrol.o
                                         0xe0 (size before relaxing)
 .eh_frame      0x000000000011aa5c       0x9c binaries/rdsinit.o
                                         0xc8 (size before relaxing)
 .eh_frame      0x000000000011aaf8       0x80 binaries/rdsopen.o
                                         0xac (size before relaxing)
 .eh_frame      0x000000000011ab78       0xf8 binaries/rdsprocess.o
                                        0x124 (size before relaxing)
 .eh_frame      0x000000000011ac70       0x7c binaries/rdsread.o
                                         0xa8 (size before relaxing)
 .eh_frame      0x000000000011acec       0x80 binaries/rdswrite.o
                                         0xac (size before relaxing)
 .eh_frame      0x000000000011ad6c       0x14 binaries/ramclose.o
                                         0x2c (size before relaxing)
 .eh_frame      0x000000000011ad80       0x40 binaries/raminit.o
                                         0x6c (size before relaxing)
 .eh_frame      0x000000000011adc0       0x14 binaries/ramopen.o
                                         0x2c (size before relaxing)
 .eh_frame      0x000000000011add4       0x2c binaries/ramread.o
                                         0x58 (size before relaxing)
 .eh_frame      0x000000000011ae00       0x2c binaries/ramwrite.o
                                         0x58 (size before relaxing)
 .eh_frame      0x000000000011ae2c       0x80 binaries/lfdballoc.o
                                         0xac (size before relaxing)
 .eh_frame      0x000000000011aeac       0x50 binaries/lfdbfree.o
                                         0x7c (size before relaxing)
 .eh_frame      0x000000000011aefc       0x5c binaries/lfflush.o
                                         0x88 (size before relaxing)
 .eh_frame      0x000000000011af58       0x14 binaries/lfgetmode.o
                                         0x2c (size before relaxing)
 .eh_frame      0x000000000011af6c       0x5c binaries/lfiballoc.o
                                         0x88 (size before relaxing)
 .eh_frame      0x000000000011afc8       0x14 binaries/lfibclear.o
                                         0x2c (size before relaxing)
 .eh_frame      0x000000000011afdc       0x4c binaries/lfibget.o
                                         0x78 (size before relaxing)
 .eh_frame      0x000000000011b028       0x68 binaries/lfibput.o
                                         0x94 (size before relaxing)
 .eh_frame      0x000000000011b090       0x54 binaries/lflclose.o
                                         0x80 (size before relaxing)
 .eh_frame      0x000000000011b0e4       0x74 binaries/lflcontrol.o
                                         0xa0 (size before relaxing)
 .eh_frame      0x000000000011b158       0x6c binaries/lflgetc.o
                                         0x98 (size before relaxing)
 .eh_frame      0x000000000011b1c4       0x5c binaries/lflinit.o
                                         0x88 (size before relaxing)
 .eh_frame      0x000000000011b220       0x6c binaries/lflputc.o
                                         0x98 (size before relaxing)
 .eh_frame      0x000000000011b28c       0x48 binaries/lflread.o
                                         0x74 (size before relaxing)
 .eh_frame      0x000000000011b2d4       0x60 binaries/lflseek.o
                                         0x8c (size before relaxing)
 .eh_frame      0x000000000011b334       0x48 binaries/lflwrite.o
                                         0x74 (size before relaxing)
 .eh_frame      0x000000000011b37c       0xd4 binaries/lfsckfmt.o
                                        0x100 (size before relaxing)
 .eh_frame      0x000000000011b450       0xd4 binaries/lfscreate.o
                                        0x100 (size before relaxing)
 .eh_frame      0x000000000011b524       0xbc binaries/lfsetup.o
                                         0xe8 (size before relaxing)
 .eh_frame      0x000000000011b5e0       0x38 binaries/lfsinit.o
                                         0x64 (size before relaxing)
 .eh_frame      0x000000000011b618       0x90 binaries/lfsopen.o
                                         0xbc (size before relaxing)
 .eh_frame      0x000000000011b6a8       0x84 binaries/lftruncate.o
                                         0xb0 (size before relaxing)
 .eh_frame      0x000000000011b72c       0x3c binaries/rflclose.o
                                         0x68 (size before relaxing)
 .eh_frame      0x000000000011b768       0x30 binaries/rflgetc.o
                                         0x5c (size before relaxing)
 .eh_frame      0x000000000011b798       0x30 binaries/rflinit.o
                                         0x5c (size before relaxing)
 .eh_frame      0x000000000011b7c8       0x30 binaries/rflputc.o
                                         0x5c (size before relaxing)
 .eh_frame      0x000000000011b7f8       0xdc binaries/rflread.o
                                        0x108 (size before relaxing)
 .eh_frame      0x000000000011b8d4       0x3c binaries/rflseek.o
                                         0x68 (size before relaxing)
 .eh_frame      0x000000000011b910       0xd0 binaries/rflwrite.o
                                         0xfc (size before relaxing)
 .eh_frame      0x000000000011b9e0       0x88 binaries/rfscomm.o
                                         0xb4 (size before relaxing)
 .eh_frame      0x000000000011ba68      0x11c binaries/rfscontrol.o
                                        0x148 (size before relaxing)
 .eh_frame      0x000000000011bb84       0x14 binaries/rfsgetmode.o
                                         0x2c (size before relaxing)
 .eh_frame      0x000000000011bb98       0x50 binaries/rfsinit.o
                                         0x7c (size before relaxing)
 .eh_frame      0x000000000011bbe8       0x50 binaries/rfsndmsg.o
                                         0x7c (size before relaxing)
 .eh_frame      0x000000000011bc38       0xdc binaries/rfsopen.o
                                        0x108 (size before relaxing)
 .eh_frame      0x000000000011bd14      0x27c binaries/arp.o
                                        0x2bc (size before relaxing)
 .eh_frame      0x000000000011bf90      0x284 binaries/dhcp.o
                                        0x2b0 (size before relaxing)
 .eh_frame      0x000000000011c214       0x40 binaries/dot2ip.o
                                         0x58 (size before relaxing)
 .eh_frame      0x000000000011c254      0x1bc binaries/hexdump.o
                                        0x1e8 (size before relaxing)
 .eh_frame      0x000000000011c410      0x310 binaries/icmp.o
                                        0x350 (size before relaxing)
 .eh_frame      0x000000000011c720      0x2e8 binaries/ip.o
                                        0x314 (size before relaxing)
 .eh_frame      0x000000000011ca08      0x138 binaries/net.o
                                        0x164 (size before relaxing)
 .eh_frame      0x000000000011cb40       0x74 binaries/netstart.o
                                         0xa0 (size before relaxing)
 .eh_frame      0x000000000011cbb4      0x394 binaries/pdump.o
                                        0x3c0 (size before relaxing)
 .eh_frame      0x000000000011cf48      0x260 binaries/tftp.o
                                        0x28c (size before relaxing)
 .eh_frame      0x000000000011d1a8      0x36c binaries/udp.o
                                        0x3ac (size before relaxing)
 .eh_frame      0x000000000011d514       0x68 binaries/addargs.o
                                         0x94 (size before relaxing)
 .eh_frame      0x000000000011d57c       0x40 binaries/lexan.o
                                         0x58 (size before relaxing)
 .eh_frame      0x000000000011d5bc      0x24c binaries/shell.o
                                        0x278 (size before relaxing)
 .eh_frame      0x000000000011d808       0x5c binaries/xsh_argecho.o
                                         0x88 (size before relaxing)
 .eh_frame      0x000000000011d864       0xe0 binaries/xsh_arp.o
                                        0x10c (size before relaxing)
 .eh_frame      0x000000000011d944       0xb0 binaries/xsh_cat.o
                                         0xdc (size before relaxing)
 .eh_frame      0x000000000011d9f4       0x3c binaries/xsh_clear.o
                                         0x68 (size before relaxing)
 .eh_frame      0x000000000011da30      0x108 binaries/xsh_date.o
                                        0x134 (size before relaxing)
 .eh_frame      0x000000000011db38       0x64 binaries/xsh_devdump.o
                                         0x90 (size before relaxing)
 .eh_frame      0x000000000011db9c       0x5c binaries/xsh_echo.o
                                         0x88 (size before relaxing)
 .eh_frame      0x000000000011dbf8       0x14 binaries/xsh_exit.o
                                         0x2c (size before relaxing)
 .eh_frame      0x000000000011dc0c       0xd4 binaries/xsh_help.o
                                        0x100 (size before relaxing)
 .eh_frame      0x000000000011dce0      0x194 binaries/xsh_ipaddr.o
                                        0x1c0 (size before relaxing)
 .eh_frame      0x000000000011de74       0xac binaries/xsh_kill.o
                                         0xd8 (size before relaxing)
 .eh_frame      0x000000000011df20      0x130 binaries/xsh_memdump.o
                                        0x15c (size before relaxing)
 .eh_frame      0x000000000011e050       0xbc binaries/xsh_memstat.o
                                         0xe8 (size before relaxing)
 .eh_frame      0x000000000011e10c      0x10c binaries/xsh_ping.o
                                        0x138 (size before relaxing)
 .eh_frame      0x000000000011e218       0xd8 binaries/xsh_ps.o
                                        0x104 (size before relaxing)
 .eh_frame      0x000000000011e2f0       0xac binaries/xsh_sleep.o
                                         0xd8 (size before relaxing)
 .eh_frame      0x000000000011e39c       0xe8 binaries/xsh_udpdump.o
                                        0x114 (size before relaxing)
 .eh_frame      0x000000000011e484      0x1b0 binaries/xsh_udpecho.o
                                        0x1dc (size before relaxing)
 .eh_frame      0x000000000011e634      0x128 binaries/xsh_udpeserver.o
                                        0x154 (size before relaxing)
 .eh_frame      0x000000000011e75c       0xb8 binaries/xsh_uptime.o
                                         0xe4 (size before relaxing)

.iplt           0x000000000011e818        0x0
 .iplt          0x000000000011e818        0x0 binaries/start.o

.rel.dyn        0x000000000011e814        0x0
 .rel.got       0x000000000011e814        0x0 binaries/start.o
 .rel.iplt      0x000000000011e814        0x0 binaries/start.o
 .rel.text      0x000000000011e814        0x0 binaries/start.o

.data           0x000000000011e820     0x17e0
                0x000000000011e820                data = ABSOLUTE (.)
 *(.data .data.*)
 .data          0x000000000011e820      0x85a binaries/start.o
                0x000000000011e820                gdt
                0x000000000011e870                idt
                0x000000000011f076                cpudelay
 .data          0x000000000011f07a        0x0 binaries/ascdate.o
 *fill*         0x000000000011f07a        0x6 
 .data.rel.local
                0x000000000011f080       0x88 binaries/ascdate.o
                0x000000000011f080                Date
 .data          0x000000000011f108        0x0 binaries/bufinit.o
 .data          0x000000000011f108        0x0 binaries/chprio.o
 .data          0x000000000011f108        0x4 binaries/clkhandler.o
 .data          0x000000000011f10c        0x0 binaries/clkinit.o
 .data          0x000000000011f10c        0x0 binaries/close.o
 .data          0x000000000011f10c        0x0 binaries/conf.o
 *fill*         0x000000000011f10c       0x14 
 .data.rel      0x000000000011f120      0x30c binaries/conf.o
                0x000000000011f120                devtab
 .data          0x000000000011f42c        0x0 binaries/control.o
 .data          0x000000000011f42c        0x4 binaries/create.o
 .data          0x000000000011f430        0x0 binaries/early_imr.o
 .data          0x000000000011f430        0x0 binaries/evec.o
 *fill*         0x000000000011f430       0x10 
 .data.rel.local
                0x000000000011f440       0x40 binaries/evec.o
                0x000000000011f440                inames
 .data          0x000000000011f480        0x0 binaries/freebuf.o
 .data          0x000000000011f480        0x0 binaries/freemem.o
 .data          0x000000000011f480        0x0 binaries/getbuf.o
 .data          0x000000000011f480        0x0 binaries/getc.o
 .data          0x000000000011f480        0x0 binaries/getdev.o
 .data          0x000000000011f480        0x0 binaries/getitem.o
 .data          0x000000000011f480        0x0 binaries/getmem.o
 .data          0x000000000011f480        0x0 binaries/getpid.o
 .data          0x000000000011f480        0x0 binaries/getprio.o
 .data          0x000000000011f480        0x0 binaries/getstk.o
 .data          0x000000000011f480        0x0 binaries/gettime.o
 .data          0x000000000011f480        0x0 binaries/getutime.o
 .data          0x000000000011f480        0x0 binaries/init.o
 .data          0x000000000011f480        0x0 binaries/initialize.o
 .data          0x000000000011f480        0x0 binaries/insert.o
 .data          0x000000000011f480        0x0 binaries/insertd.o
 .data          0x000000000011f480        0x0 binaries/ioerr.o
 .data          0x000000000011f480        0x0 binaries/ionull.o
 .data          0x000000000011f480        0x0 binaries/kill.o
 .data          0x000000000011f480        0x0 binaries/kprintf.o
 .data          0x000000000011f480        0x0 binaries/lcreate.o
 .data          0x000000000011f480        0x0 binaries/ldelete.o
 .data          0x000000000011f480        0x0 binaries/linit.o
 .data          0x000000000011f480        0x0 binaries/lock.o
 .data          0x000000000011f480        0x0 binaries/main.o
 .data          0x000000000011f480        0x0 binaries/mark.o
 .data          0x000000000011f480       0x48 binaries/meminit.o
                0x000000000011f480                gdt_copy
                0x000000000011f4c0                bootinfo
                0x000000000011f4c4                bootsign
 .data          0x000000000011f4c8        0x0 binaries/mkbufpool.o
 .data          0x000000000011f4c8        0x2 binaries/newqueue.o
 .data          0x000000000011f4ca        0x0 binaries/open.o
 .data          0x000000000011f4ca        0x0 binaries/panic.o
 .data          0x000000000011f4ca        0x0 binaries/pci.o
 .data          0x000000000011f4ca        0x0 binaries/platinit.o
 .data          0x000000000011f4ca        0x0 binaries/ptclear.o
 .data          0x000000000011f4ca        0x0 binaries/ptcount.o
 .data          0x000000000011f4ca        0x0 binaries/ptcreate.o
 .data          0x000000000011f4ca        0x0 binaries/ptdelete.o
 .data          0x000000000011f4ca        0x0 binaries/ptinit.o
 .data          0x000000000011f4ca        0x0 binaries/ptrecv.o
 .data          0x000000000011f4ca        0x0 binaries/ptreset.o
 .data          0x000000000011f4ca        0x0 binaries/ptsend.o
 .data          0x000000000011f4ca        0x0 binaries/putc.o
 .data          0x000000000011f4ca        0x0 binaries/quark_irq.o
 .data          0x000000000011f4ca        0x0 binaries/quark_pdat.o
 .data          0x000000000011f4ca        0x0 binaries/queue.o
 .data          0x000000000011f4ca        0x0 binaries/read.o
 .data          0x000000000011f4ca        0x0 binaries/ready.o
 .data          0x000000000011f4ca        0x0 binaries/receive.o
 .data          0x000000000011f4ca        0x0 binaries/recvclr.o
 .data          0x000000000011f4ca        0x0 binaries/recvtime.o
 .data          0x000000000011f4ca        0x0 binaries/releaseall.o
 .data          0x000000000011f4ca        0x0 binaries/resched.o
 .data          0x000000000011f4ca        0x0 binaries/resume.o
 .data          0x000000000011f4ca        0x0 binaries/seek.o
 .data          0x000000000011f4ca        0x0 binaries/semcount.o
 .data          0x000000000011f4ca        0x0 binaries/semcreate.o
 .data          0x000000000011f4ca        0x0 binaries/semdelete.o
 .data          0x000000000011f4ca        0x0 binaries/semreset.o
 .data          0x000000000011f4ca        0x0 binaries/send.o
 .data          0x000000000011f4ca        0x0 binaries/signal.o
 .data          0x000000000011f4ca        0x0 binaries/signaln.o
 .data          0x000000000011f4ca        0x0 binaries/sleep.o
 .data          0x000000000011f4ca        0x0 binaries/suspend.o
 .data          0x000000000011f4ca        0x0 binaries/unsleep.o
 .data          0x000000000011f4ca        0x0 binaries/userret.o
 .data          0x000000000011f4ca        0x0 binaries/wait.o
 .data          0x000000000011f4ca        0x0 binaries/wakeup.o
 .data          0x000000000011f4ca        0x0 binaries/write.o
 .data          0x000000000011f4ca        0x0 binaries/xdone.o
 .data          0x000000000011f4ca        0x0 binaries/yield.o
 .data          0x000000000011f4ca        0x0 binaries/abs.o
 .data          0x000000000011f4ca        0x0 binaries/atoi.o
 .data          0x000000000011f4ca        0x0 binaries/atol.o
 .data          0x000000000011f4ca        0x0 binaries/bzero.o
 .data          0x000000000011f4ca        0x0 binaries/ctype_.o
 .data          0x000000000011f4ca        0x0 binaries/doprnt.o
 *fill*         0x000000000011f4ca       0x16 
 .data          0x000000000011f4e0       0x80 binaries/doscan.o
                0x000000000011f4e0                _sctab
 .data          0x000000000011f560        0x0 binaries/fdoprnt.o
 .data          0x000000000011f560        0x0 binaries/fgetc.o
 .data          0x000000000011f560        0x0 binaries/fgets.o
 .data          0x000000000011f560        0x0 binaries/fprintf.o
 .data          0x000000000011f560        0x0 binaries/fputc.o
 .data          0x000000000011f560        0x0 binaries/fputs.o
 .data          0x000000000011f560        0x0 binaries/fscanf.o
 .data          0x000000000011f560        0x0 binaries/getchar.o
 .data          0x000000000011f560        0x0 binaries/labs.o
 .data          0x000000000011f560        0x0 binaries/memchr.o
 .data          0x000000000011f560        0x0 binaries/memcmp.o
 .data          0x000000000011f560        0x0 binaries/memcpy.o
 .data          0x000000000011f560        0x0 binaries/memset.o
 .data          0x000000000011f560        0x0 binaries/printf.o
 .data          0x000000000011f560        0x0 binaries/putchar.o
 .data          0x000000000011f560        0x0 binaries/qsort.o
 .data          0x000000000011f560        0x4 binaries/rand.o
 .data          0x000000000011f564        0x0 binaries/sprintf.o
 .data          0x000000000011f564        0x0 binaries/sscanf.o
 .data          0x000000000011f564        0x0 binaries/strchr.o
 .data          0x000000000011f564        0x0 binaries/strcmp.o
 .data          0x000000000011f564        0x0 binaries/strcpy.o
 .data          0x000000000011f564        0x0 binaries/strlen.o
 .data          0x000000000011f564        0x0 binaries/strncat.o
 .data          0x000000000011f564        0x0 binaries/strncmp.o
 .data          0x000000000011f564        0x0 binaries/strncpy.o
 .data          0x000000000011f564        0x0 binaries/strnlen.o
 .data          0x000000000011f564        0x0 binaries/strrchr.o
 .data          0x000000000011f564        0x0 binaries/strstr.o
 .data          0x000000000011f564        0x0 binaries/ttycontrol.o
 .data          0x000000000011f564        0x0 binaries/ttygetc.o
 .data          0x000000000011f564        0x0 binaries/ttyhandle_in.o
 .data          0x000000000011f564        0x0 binaries/ttyhandle_out.o
 .data          0x000000000011f564        0x0 binaries/ttyhandler.o
 .data          0x000000000011f564        0x0 binaries/ttyinit.o
 .data          0x000000000011f564        0x0 binaries/ttykickout.o
 .data          0x000000000011f564        0x0 binaries/ttyputc.o
 .data          0x000000000011f564        0x0 binaries/ttyread.o
 .data          0x000000000011f564        0x0 binaries/ttywrite.o
 .data          0x000000000011f564        0x0 binaries/mount.o
 .data          0x000000000011f564        0x0 binaries/naminit.o
 .data          0x000000000011f564        0x0 binaries/nammap.o
 .data          0x000000000011f564        0x0 binaries/namopen.o
 .data          0x000000000011f564        0x0 binaries/colon2mac.o
 .data          0x000000000011f564        0x0 binaries/ethcontrol.o
 .data          0x000000000011f564        0x0 binaries/ethhandler.o
 .data          0x000000000011f564        0x0 binaries/ethinit.o
 .data          0x000000000011f564        0x0 binaries/ethmcast.o
 .data          0x000000000011f564        0x0 binaries/ethread.o
 .data          0x000000000011f564        0x0 binaries/ethwrite.o
 .data          0x000000000011f564        0x0 binaries/rdsbufalloc.o
 .data          0x000000000011f564        0x0 binaries/rdsclose.o
 .data          0x000000000011f564        0x0 binaries/rdscomm.o
 .data          0x000000000011f564        0x0 binaries/rdscontrol.o
 .data          0x000000000011f564        0x0 binaries/rdsinit.o
 .data          0x000000000011f564        0x0 binaries/rdsopen.o
 .data          0x000000000011f564        0x0 binaries/rdsprocess.o
 .data          0x000000000011f564        0x0 binaries/rdsread.o
 .data          0x000000000011f564        0x0 binaries/rdswrite.o
 .data          0x000000000011f564        0x0 binaries/ramclose.o
 .data          0x000000000011f564        0x0 binaries/raminit.o
 .data          0x000000000011f564        0x0 binaries/ramopen.o
 .data          0x000000000011f564        0x0 binaries/ramread.o
 .data          0x000000000011f564        0x0 binaries/ramwrite.o
 .data          0x000000000011f564        0x0 binaries/lfdballoc.o
 .data          0x000000000011f564        0x0 binaries/lfdbfree.o
 .data          0x000000000011f564        0x0 binaries/lfflush.o
 .data          0x000000000011f564        0x0 binaries/lfgetmode.o
 .data          0x000000000011f564        0x0 binaries/lfiballoc.o
 .data          0x000000000011f564        0x0 binaries/lfibclear.o
 .data          0x000000000011f564        0x0 binaries/lfibget.o
 .data          0x000000000011f564        0x0 binaries/lfibput.o
 .data          0x000000000011f564        0x0 binaries/lflclose.o
 .data          0x000000000011f564        0x0 binaries/lflcontrol.o
 .data          0x000000000011f564        0x0 binaries/lflgetc.o
 .data          0x000000000011f564        0x0 binaries/lflinit.o
 .data          0x000000000011f564        0x0 binaries/lflputc.o
 .data          0x000000000011f564        0x0 binaries/lflread.o
 .data          0x000000000011f564        0x0 binaries/lflseek.o
 .data          0x000000000011f564        0x0 binaries/lflwrite.o
 .data          0x000000000011f564        0x0 binaries/lfsckfmt.o
 .data          0x000000000011f564        0x0 binaries/lfscreate.o
 .data          0x000000000011f564        0x0 binaries/lfsetup.o
 .data          0x000000000011f564        0x0 binaries/lfsinit.o
 .data          0x000000000011f564        0x0 binaries/lfsopen.o
 .data          0x000000000011f564        0x0 binaries/lftruncate.o
 .data          0x000000000011f564        0x0 binaries/rflclose.o
 .data          0x000000000011f564        0x0 binaries/rflgetc.o
 .data          0x000000000011f564        0x0 binaries/rflinit.o
 .data          0x000000000011f564        0x0 binaries/rflputc.o
 .data          0x000000000011f564        0x0 binaries/rflread.o
 .data          0x000000000011f564        0x0 binaries/rflseek.o
 .data          0x000000000011f564        0x0 binaries/rflwrite.o
 .data          0x000000000011f564        0x0 binaries/rfscomm.o
 .data          0x000000000011f564        0x0 binaries/rfscontrol.o