
Allocating common symbols
Common symbol       size              file

netbufpool          0x4               binaries/net.o
readylist           0x2               binaries/ready.o
rfltab              0x5a0             binaries/rflinit.o
sleepq              0x2               binaries/clkinit.o
nnames              0x4               binaries/naminit.o
udptab              0x168             binaries/udp.o
minheap             0x4               binaries/meminit.o
marks               0x50              binaries/mark.o
currpid             0x4               binaries/initialize.o
Lf_data             0x20c             binaries/lfsinit.o
porttab             0x2d0             binaries/ptinit.o
girmask             0x2               binaries/evec.o
ttytab              0x10c             binaries/ttyinit.o
proctab             0x1f40            binaries/initialize.o
prcount             0x4               binaries/initialize.o
lfltab              0xf00             binaries/lflinit.o
rdstab              0x8c              binaries/rdsinit.o
ethertab            0x138             binaries/ethinit.o
NetData             0xa8              binaries/net.o
nmarks              0x4               binaries/mark.o
Defer               0x8               binaries/resched.o
semtab              0x4b0             binaries/initialize.o
maxheap             0x4               binaries/meminit.o
preempt             0x4               binaries/clkinit.o
buftab              0xf0              binaries/bufinit.o
Rf_data             0x18              binaries/rfsinit.o
mkmutex             0x4               binaries/mark.o
clktime             0x4               binaries/clkinit.o
arpcache            0x140             binaries/arp.o
icmptab             0x230             binaries/icmp.o
nbpools             0x4               binaries/bufinit.o
queuetab            0xfc0             binaries/queue.o
ptnextid            0x4               binaries/ptinit.o
Ram                 0x19000           binaries/raminit.o
ipoqueue            0x2c              binaries/ip.o
memlist             0x8               binaries/initialize.o
nametab             0x19a0            binaries/naminit.o
ptfree              0x4               binaries/ptinit.o

Discarded input sections

 .group         0x0000000000000000        0x8 binaries/ascdate.o
 .group         0x0000000000000000        0x8 binaries/bufinit.o
 .group         0x0000000000000000        0x8 binaries/cbreg.o
 .text.__x86.get_pc_thunk.bx
                0x0000000000000000        0x4 binaries/cbreg.o
 .group         0x0000000000000000        0x8 binaries/chprio.o
 .text.__x86.get_pc_thunk.bx
                0x0000000000000000        0x4 binaries/chprio.o
 .group         0x0000000000000000        0x8 binaries/clkhandler.o
 .text.__x86.get_pc_thunk.bx
                0x0000000000000000        0x4 binaries/clkhandler.o
 .group         0x0000000000000000        0x8 binaries/clkinit.o
 .text.__x86.get_pc_thunk.bx
                0x0000000000000000        0x4 binaries/clkinit.o
 .group         0x0000000000000000        0x8 binaries/close.o
 .text.__x86.get_pc_thunk.bx
                0x0000000000000000        0x4 binaries/close.o
 .group         0x0000000000000000        0x8 binaries/control.o
 .text.__x86.get_pc_thunk.bx
                0x0000000000000000        0x4 binaries/control.o
 .group         0x0000000000000000        0x8 binaries/create.o
 .text.__x86.get_pc_thunk.bx
                0x0000000000000000        0x4 binaries/create.o
 .group         0x0000000000000000        0x8 binaries/early_imr.o
 .text.__x86.get_pc_thunk.bx
                0x0000000000000000        0x4 binaries/early_imr.o
 .group         0x0000000000000000        0x8 binaries/evec.o
 .text.__x86.get_pc_thunk.bx
                0x0000000000000000        0x4 binaries/evec.o
 .group         0x0000000000000000        0x8 binaries/freebuf.o
 .text.__x86.get_pc_thunk.bx
                0x0000000000000000        0x4 binaries/freebuf.o
 .group         0x0000000000000000        0x8 binaries/freemem.o
 .text.__x86.get_pc_thunk.bx
                0x0000000000000000        0x4 binaries/freemem.o
 .group         0x0000000000000000        0x8 binaries/getbuf.o
 .text.__x86.get_pc_thunk.bx
                0x0000000000000000        0x4 binaries/getbuf.o
 .group         0x0000000000000000        0x8 binaries/getc.o
 .text.__x86.get_pc_thunk.bx
                0x0000000000000000        0x4 binaries/getc.o
 .group         0x0000000000000000        0x8 binaries/getdev.o
 .text.__x86.get_pc_thunk.bx
                0x0000000000000000        0x4 binaries/getdev.o
 .group         0x0000000000000000        0x8 binaries/getitem.o
 .group         0x0000000000000000        0x8 binaries/getitem.o
 .text.__x86.get_pc_thunk.ax
                0x0000000000000000        0x4 binaries/getitem.o
 .group         0x0000000000000000        0x8 binaries/getmem.o
 .text.__x86.get_pc_thunk.bx
                0x0000000000000000        0x4 binaries/getmem.o
[...]
Memory Configuration

Name             Origin             Length             Attributes
*default*        0x0000000000000000 0xffffffffffffffff

Linker script and memory map

                0x0000000000100000                physbase = 0x100000
                0x0000000000100000                . = physbase
                0x0000000000100000                . = ALIGN (0x1000)

.text           0x0000000000100000    0x16000
                0x0000000000100000                text = ABSOLUTE (.)
 *(.text .text.*)
 .text          0x0000000000100000      0x1a8 binaries/start.o
                0x0000000000100024                start
                0x00000000001000f6                inb
                0x00000000001000fe                inw
                0x0000000000100107                inl
                0x000000000010010f                outb
                0x0000000000100119                outw
                0x0000000000100124                outl
                0x000000000010012e                _rtcin
                0x0000000000100139                ___udivsi3
                0x0000000000100144                ___divsi3
                0x0000000000100150                sbzero
                0x0000000000100160                bcopy
                0x0000000000100174                insw
                0x000000000010018a                outsw
                0x00000000001001a0                lidt
 .text          0x00000000001001a8      0x2e5 binaries/ascdate.o
                0x00000000001001a8                ascdate
 .text.__x86.get_pc_thunk.bx
                0x000000000010048d        0x4 binaries/ascdate.o
                0x000000000010048d                __x86.get_pc_thunk.bx
 .text          0x0000000000100491       0x1c binaries/bufinit.o
                0x0000000000100491                bufinit
 .text.__x86.get_pc_thunk.ax
                0x00000000001004ad        0x4 binaries/bufinit.o
                0x00000000001004ad                __x86.get_pc_thunk.ax
 .text          0x00000000001004b1       0x94 binaries/cbreg.o
                0x00000000001004b1                cbreg
 .text          0x0000000000100545       0x81 binaries/chprio.o
                0x0000000000100545                chprio
 .text          0x00000000001005c6       0x8f binaries/clkhandler.o
                0x00000000001005c6                clkhandler
 .text          0x0000000000100655       0x6e binaries/clkinit.o
                0x0000000000100655                clkinit
 .text          0x00000000001006c3       0x5c binaries/close.o
                0x00000000001006c3                close
 .text          0x000000000010071f        0x0 binaries/conf.o
 .text          0x000000000010071f       0x65 binaries/control.o
                0x000000000010071f                control
 .text          0x0000000000100784      0x21c binaries/create.o
                0x0000000000100784                create
 .text          0x00000000001009a0      0x23b binaries/early_imr.o
                0x00000000001009a0                intel_cln_early_sb_read_reg
                0x0000000000100a07                intel_cln_early_sb_write_reg
                0x0000000000100ac6                remove_irm_protections
 .text          0x0000000000100bdb      0x36d binaries/evec.o
                0x0000000000100bdb                setirmask
                0x0000000000100c2c                set_evec
                0x0000000000100ca0                initevec
                0x0000000000100d81                trap
 .text          0x0000000000100f48       0x91 binaries/freebuf.o
                0x0000000000100f48                freebuf
 .text          0x0000000000100fd9      0x123 binaries/freemem.o
                0x0000000000100fd9                freemem
 .text          0x00000000001010fc       0x75 binaries/getbuf.o
                0x00000000001010fc                getbuf
 .text          0x0000000000101171       0x5c binaries/getc.o
                0x0000000000101171                getc
 .text          0x00000000001011cd       0x79 binaries/getdev.o
                0x00000000001011cd                getdev
 .text          0x0000000000101246       0x96 binaries/getitem.o
                0x0000000000101246                getitem
                0x0000000000101279                getfirst
                0x00000000001012a9                getlast
 .text.__x86.get_pc_thunk.dx
                0x00000000001012dc        0x4 binaries/getitem.o
                0x00000000001012dc                __x86.get_pc_thunk.dx
 .text          0x00000000001012e0       0xce binaries/getmem.o
                0x00000000001012e0                getmem
 .text          0x00000000001013ae       0x13 binaries/getpid.o
                0x00000000001013ae                getpid
 .text          0x00000000001013c1       0x68 binaries/getprio.o
                0x00000000001013c1                getprio
 .text          0x0000000000101429       0xc0 binaries/getstk.o
                0x0000000000101429                getstk
 .text          0x00000000001014e9       0x41 binaries/gettime.o
                0x00000000001014e9                gettime
 .text          0x000000000010152a      0x1cf binaries/getutime.o
                0x000000000010152a                getutime
 .text          0x00000000001016f9       0x5c binaries/init.o
                0x00000000001016f9                init
 .text          0x0000000000101755      0x28d binaries/initialize.o
                0x0000000000101755                nulluser
                0x000000000010198d                stop
                0x00000000001019bf                delay
 .text          0x00000000001019e2       0x95 binaries/insert.o
                0x00000000001019e2                insert
 .text.__x86.get_pc_thunk.di
                0x0000000000101a77        0x4 binaries/insert.o
                0x0000000000101a77                __x86.get_pc_thunk.di
 .text          0x0000000000101a7b       0xf4 binaries/insertd.o
                0x0000000000101a7b                insertd
 .text          0x0000000000101b6f        0x6 binaries/ioerr.o
                0x0000000000101b6f                ioerr
 .text          0x0000000000101b75        0x6 binaries/ionull.o
                0x0000000000101b75                ionull
 .text          0x0000000000101b7b      0x17b binaries/kill.o
                0x0000000000101b7b                kill
 .text          0x0000000000101cf6       0xe2 binaries/kprintf.o
                0x0000000000101cf6                kputc
                0x0000000000101d34                console_init
                0x0000000000101d78                kgetc
                0x0000000000101da7                kprintf
 .text          0x0000000000101dd8      0x754 binaries/main.o
                0x0000000000101dd8                receiver
                0x0000000000101e15                receiver_callback
                0x0000000000101e4b                sender
                0x0000000000101e99                sender_no_blk
                0x0000000000101ee7                test_reg_cb
                0x0000000000101f20                main
 .text          0x000000000010252c       0xb3 binaries/mark.o
                0x000000000010252c                markinit
                0x000000000010255b                mark
 .text          0x00000000001025df      0x22c binaries/meminit.o
                0x00000000001025df                meminit
                0x0000000000102785                setsegs
 .text          0x000000000010280b      0x14a binaries/mkbufpool.o
                0x000000000010280b                mkbufpool
 .text          0x0000000000102955       0x5e binaries/newqueue.o
                0x0000000000102955                newqueue
 .text.__x86.get_pc_thunk.cx
                0x00000000001029b3        0x4 binaries/newqueue.o
                0x00000000001029b3                __x86.get_pc_thunk.cx
 .text          0x00000000001029b7       0x64 binaries/open.o
                0x00000000001029b7                open
 .text          0x0000000000102a1b       0x2c binaries/panic.o
                0x0000000000102a1b                panic
 .text          0x0000000000102a47      0x280 binaries/pci.o
                0x0000000000102a47                pci_init
                0x0000000000102a4d                find_pci_device
                0x0000000000102b0f                pci_read_config_byte
                0x0000000000102b4c                pci_read_config_word
                0x0000000000102b8b                pci_read_config_dword
                0x0000000000102bc8                pci_write_config_byte
                0x0000000000102c03                pci_write_config_word
                0x0000000000102c3f                pci_write_config_dword
                0x0000000000102c7a                pci_get_dev_mmio_base_addr
 .text          0x0000000000102cc7       0x68 binaries/platinit.o
                0x0000000000102cc7                platinit
 .text          0x0000000000102d2f       0xab binaries/ptclear.o
                0x0000000000102d2f                _ptclear
 .text          0x0000000000102dda       0x9f binaries/ptcount.o
                0x0000000000102dda                ptcount
 .text          0x0000000000102e79       0xf4 binaries/ptcreate.o
                0x0000000000102e79                ptcreate
 .text          0x0000000000102f6d       0x70 binaries/ptdelete.o
                0x0000000000102f6d                ptdelete
 .text          0x0000000000102fdd       0xa0 binaries/ptinit.o
                0x0000000000102fdd                ptinit
 .text          0x000000000010307d      0x123 binaries/ptrecv.o
                0x000000000010307d                ptrecv
 .text          0x00000000001031a0       0x68 binaries/ptreset.o
                0x00000000001031a0                ptreset
 .text          0x0000000000103208      0x15c binaries/ptsend.o
                0x0000000000103208                ptsend
 .text          0x0000000000103364       0x6e binaries/putc.o
                0x0000000000103364                putc
 .text          0x00000000001033d2       0xc3 binaries/quark_irq.o
                0x00000000001033d2                quark_irq_routing
 .text          0x0000000000103495      0x1bb binaries/quark_pdat.o
                0x0000000000103495                get_quark_pdat_entry_data_by_id
                0x000000000010356e                get_quark_pdat_entry_data_by_desc
 .text          0x0000000000103650       0xc3 binaries/queue.o
                0x0000000000103650                enqueue
                0x00000000001036b8                dequeue
 .text          0x0000000000103713       0x64 binaries/read.o
                0x0000000000103713                read
 .text          0x0000000000103777       0x73 binaries/ready.o
                0x0000000000103777                ready
 .text          0x00000000001037ea       0xa8 binaries/receive.o
                0x00000000001037ea                receive
 .text          0x0000000000103892       0x67 binaries/recvclr.o
                0x0000000000103892                recvclr
 .text          0x00000000001038f9       0xca binaries/recvtime.o
                0x00000000001038f9                recvtime
 .text          0x00000000001039c3      0x19c binaries/resched.o
                0x00000000001039c3                resched
                0x0000000000103ad2                resched_cntl
 .text          0x0000000000103b5f       0x8f binaries/resume.o
                0x0000000000103b5f                resume
 .text          0x0000000000103bee       0x60 binaries/seek.o
                0x0000000000103bee                seek
 .text          0x0000000000103c4e       0x65 binaries/semcount.o
                0x0000000000103c4e                semcount
 .text          0x0000000000103cb3       0xb5 binaries/semcreate.o
                0x0000000000103cb3                semcreate
 .text          0x0000000000103d68       0xe0 binaries/semdelete.o
                0x0000000000103d68                semdelete
 .text          0x0000000000103e48       0xc0 binaries/semreset.o
                0x0000000000103e48                semreset
 .text          0x0000000000103f08      0x1a1 binaries/sendblk.o
                0x0000000000103f08                sendblk
 .text          0x00000000001040a9       0xc5 binaries/send.o
                0x00000000001040a9                send
 .text          0x000000000010416e       0xa9 binaries/signal.o
                0x000000000010416e                signal
 .text          0x0000000000104217       0xe9 binaries/signaln.o
                0x0000000000104217                signaln
 .text          0x0000000000104300       0xd4 binaries/sleep.o
                0x0000000000104300                sleepms
                0x000000000010439e                sleep
 .text          0x00000000001043d4       0xc2 binaries/suspend.o
                0x00000000001043d4                suspend
 .text          0x0000000000104496       0x9c binaries/unsleep.o
                0x0000000000104496                unsleep
 .text          0x0000000000104532       0x22 binaries/userret.o
                0x0000000000104532                userret
 .text          0x0000000000104554       0xc3 binaries/wait.o
                0x0000000000104554                wait
 .text          0x0000000000104617       0x88 binaries/wakeup.o
                0x0000000000104617                wakeup
 .text          0x000000000010469f       0x64 binaries/write.o
                0x000000000010469f                write
 .text          0x0000000000104703       0x25 binaries/xdone.o
                0x0000000000104703                xdone
 .text          0x0000000000104728       0x30 binaries/yield.o
                0x0000000000104728                yield
 .text          0x0000000000104758        0xe binaries/abs.o
                0x0000000000104758                abs
 .text          0x0000000000104766       0x60 binaries/atoi.o
                0x0000000000104766                atoi
 .text          0x00000000001047c6       0x60 binaries/atol.o
                0x00000000001047c6                atol
 .text          0x0000000000104826       0x18 binaries/bzero.o
                0x0000000000104826                bzero
 .text          0x000000000010483e        0x0 binaries/ctype_.o
 .text          0x000000000010483e      0x83f binaries/doprnt.o
                0x00000000001049b4                _doprnt
 .text.__x86.get_pc_thunk.si
                0x000000000010507d        0x4 binaries/doprnt.o
                0x000000000010507d                __x86.get_pc_thunk.si
 .text          0x0000000000105081      0x776 binaries/doscan.o
                0x0000000000105081                _doscan
 .text          0x00000000001057f7      0x7a9 binaries/fdoprnt.o
                0x000000000010587d                _fdoprnt
 .text          0x0000000000105fa0       0x2b binaries/fgetc.o
                0x0000000000105fa0                fgetc
 .text          0x0000000000105fcb       0x68 binaries/fgets.o
                0x0000000000105fcb                fgets
 .text          0x0000000000106033       0x31 binaries/fprintf.o
                0x0000000000106033                fprintf
 .text          0x0000000000106064       0x36 binaries/fputc.o
                0x0000000000106064                fputc
 .text          0x000000000010609a       0x45 binaries/fputs.o
                0x000000000010609a                fputs
 .text          0x00000000001060df       0x88 binaries/fscanf.o
                0x0000000000106126                fscanf
 .text          0x0000000000106167       0x32 binaries/getchar.o
                0x0000000000106167                getchar
 .text          0x0000000000106199        0xe binaries/labs.o
                0x0000000000106199                labs
 .text          0x00000000001061a7       0x34 binaries/memchr.o
                0x00000000001061a7                memchr
 .text          0x00000000001061db       0x47 binaries/memcmp.o
                0x00000000001061db                memcmp
 .text          0x0000000000106222       0x25 binaries/memcpy.o
                0x0000000000106222                memcpy
 .text          0x0000000000106247       0x1e binaries/memset.o
                0x0000000000106247                memset
 .text          0x0000000000106265       0x46 binaries/printf.o
                0x0000000000106265                printf
 .text          0x00000000001062ab       0x36 binaries/putchar.o
                0x00000000001062ab                putchar
 .text          0x00000000001062e1      0x22b binaries/qsort.o
                0x00000000001064d4                qsort
 .text.__x86.get_pc_thunk.bp
                0x000000000010650c        0x4 binaries/qsort.o
                0x000000000010650c                __x86.get_pc_thunk.bp
 .text          0x0000000000106510       0x3e binaries/rand.o
                0x0000000000106510                srand
                0x0000000000106525                rand
 .text          0x000000000010654e       0x58 binaries/sprintf.o
                0x0000000000106565                sprintf
 .text          0x00000000001065a6       0x68 binaries/sscanf.o
                0x00000000001065cf                sscanf
 .text          0x000000000010660e       0x2f binaries/strchr.o
                0x000000000010660e                strchr
 .text          0x000000000010663d       0x41 binaries/strcmp.o
                0x000000000010663d                strcmp
 .text          0x000000000010667e       0x1a binaries/strcpy.o
                0x000000000010667e                strcpy
 .text          0x0000000000106698       0x1c binaries/strlen.o
                0x0000000000106698                strlen
 .text          0x00000000001066b4       0x3a binaries/strncat.o
                0x00000000001066b4                strncat
 .text          0x00000000001066ee       0x36 binaries/strncmp.o
                0x00000000001066ee                strncmp
 .text          0x0000000000106724       0x57 binaries/strncpy.o
                0x0000000000106724                strncpy
 .text          0x000000000010677b       0x2e binaries/strnlen.o
                0x000000000010677b                strnlen
 .text          0x00000000001067a9       0x34 binaries/strrchr.o
                0x00000000001067a9                strrchr
 .text          0x00000000001067dd       0x75 binaries/strstr.o
                0x00000000001067dd                strstr
 .text          0x0000000000106852      0x164 binaries/ttycontrol.o
                0x0000000000106852                ttycontrol
 .text          0x00000000001069b6       0xda binaries/ttygetc.o
                0x00000000001069b6                ttygetc
 .text          0x0000000000106a90      0x4f5 binaries/ttyhandle_in.o
                0x0000000000106b50                ttyhandle_in
 .text          0x0000000000106f85      0x181 binaries/ttyhandle_out.o
                0x0000000000106f85                ttyhandle_out
 .text          0x0000000000107106       0x93 binaries/ttyhandler.o
                0x0000000000107106                ttyhandler
 .text          0x0000000000107199      0x17a binaries/ttyinit.o
                0x0000000000107199                ttyinit
 .text          0x0000000000107313        0xc binaries/ttykickout.o
                0x0000000000107313                ttykickout
 .text          0x000000000010731f       0xf0 binaries/ttyputc.o
                0x000000000010731f                ttyputc
 .text          0x000000000010740f      0x143 binaries/ttyread.o
                0x000000000010740f                ttyread
 .text          0x0000000000107552       0x59 binaries/ttywrite.o
                0x0000000000107552                ttywrite
 .text          0x00000000001075ab      0x152 binaries/mount.o
                0x00000000001075ab                namlen
                0x00000000001075e1                mount
 .text          0x00000000001076fd      0x1f2 binaries/naminit.o
                0x00000000001076fd                naminit
 .text          0x00000000001078ef      0x231 binaries/nammap.o
                0x00000000001078ef                namrepl
                0x0000000000107a2c                namcpy
                0x0000000000107a77                nammap
 .text          0x0000000000107b20       0x5b binaries/namopen.o
                0x0000000000107b20                namopen
 .text          0x0000000000107b7b       0xfc binaries/colon2mac.o
                0x0000000000107b7b                colon2mac
 .text          0x0000000000107c77       0x8d binaries/ethcontrol.o
                0x0000000000107c77                ethcontrol
 .text          0x0000000000107d04      0x1bc binaries/ethhandler.o
                0x0000000000107d04                ethhandler
 .text          0x0000000000107ec0      0x573 binaries/ethinit.o
                0x0000000000107ec0                eth_phy_read
                0x0000000000107efb                eth_phy_write
                0x0000000000107f39                eth_phy_reset
                0x000000000010800e                ethinit
 .text          0x0000000000108433      0x10d binaries/ethmcast.o
                0x0000000000108433                ethmcast_add
                0x0000000000108487                ethmcast_remove
 .text          0x0000000000108540      0x1d8 binaries/ethread.o
                0x0000000000108540                ethread
 .text          0x0000000000108718       0xdf binaries/ethwrite.o
                0x0000000000108718                ethwrite
 .text          0x00000000001087f7       0x73 binaries/rdsbufalloc.o
                0x00000000001087f7                rdsbufalloc
 .text          0x000000000010886a       0xb7 binaries/rdsclose.o
                0x000000000010886a                rdsclose
 .text          0x0000000000108921      0x22d binaries/rdscomm.o
                0x0000000000108921                rdscomm
 .text          0x0000000000108b4e      0x1d8 binaries/rdscontrol.o
                0x0000000000108b4e                rdscontrol
 .text          0x0000000000108d26      0x201 binaries/rdsinit.o
                0x0000000000108d26                rdsinit
 .text          0x0000000000108f27      0x1a4 binaries/rdsopen.o
                0x0000000000108f27                rdsopen
 .text          0x00000000001090cb      0x2e5 binaries/rdsprocess.o
                0x00000000001090cb                rdsprocess
 .text          0x00000000001093b0      0x209 binaries/rdsread.o
                0x00000000001093b0                rdsread
 .text          0x00000000001095b9      0x1b3 binaries/rdswrite.o
                0x00000000001095b9                rdswrite
 .text          0x000000000010976c        0x6 binaries/ramclose.o
                0x000000000010976c                ramclose
 .text          0x0000000000109772       0x42 binaries/raminit.o
                0x0000000000109772                raminit
 .text          0x00000000001097b4        0x7 binaries/ramopen.o
                0x00000000001097b4                ramopen
 .text          0x00000000001097bb       0x35 binaries/ramread.o
                0x00000000001097bb                ramread
 .text          0x00000000001097f0       0x35 binaries/ramwrite.o
                0x00000000001097f0                ramwrite
 .text          0x0000000000109825       0xa3 binaries/lfdballoc.o
                0x0000000000109825                lfdballoc
 .text          0x00000000001098c8       0x5c binaries/lfdbfree.o
                0x00000000001098c8                lfdbfree
 .text          0x0000000000109924       0xb5 binaries/lfflush.o
                0x0000000000109924                lfflush
 .text          0x00000000001099d9       0x74 binaries/lfgetmode.o
                0x00000000001099d9                lfgetmode
 .text          0x0000000000109a4d       0x70 binaries/lfiballoc.o
                0x0000000000109a4d                lfiballoc
 .text          0x0000000000109abd       0x25 binaries/lfibclear.o
                0x0000000000109abd                lfibclear
 .text          0x0000000000109ae2       0x8f binaries/lfibget.o
                0x0000000000109ae2                lfibget
 .text          0x0000000000109b71       0xa8 binaries/lfibput.o
                0x0000000000109b71                lfibput
 .text          0x0000000000109c19       0xc1 binaries/lflclose.o
                0x0000000000109c19                lflclose
 .text          0x0000000000109cda       0xdb binaries/lflcontrol.o
                0x0000000000109cda                lflcontrol
 .text          0x0000000000109db5      0x118 binaries/lflgetc.o
                0x0000000000109db5                lflgetc
 .text          0x0000000000109ecd       0xf6 binaries/lflinit.o
                0x0000000000109ecd                lflinit
 .text          0x0000000000109fc3      0x150 binaries/lflputc.o
                0x0000000000109fc3                lflputc
 .text          0x000000000010a113       0x77 binaries/lflread.o
                0x000000000010a113                lflread
 .text          0x000000000010a18a       0xda binaries/lflseek.o
                0x000000000010a18a                lflseek
 .text          0x000000000010a264       0x65 binaries/lflwrite.o
                0x000000000010a264                lflwrite
 .text          0x000000000010a2c9      0x14f binaries/lfsckfmt.o
                0x000000000010a2c9                lfsckfmt
 .text          0x000000000010a418      0x1d3 binaries/lfscreate.o
                0x000000000010a418                lfscreate
 .text          0x000000000010a5eb      0x1f7 binaries/lfsetup.o
                0x000000000010a5eb                lfsetup
 .text          0x000000000010a7e2       0x52 binaries/lfsinit.o
                0x000000000010a7e2                lfsinit
 .text          0x000000000010a834      0x33f binaries/lfsopen.o
                0x000000000010a834                lfsopen
 .text          0x000000000010ab73      0x151 binaries/lftruncate.o
                0x000000000010ab73                lftruncate
 .text          0x000000000010acc4       0x83 binaries/rflclose.o
                0x000000000010acc4                rflclose
 .text          0x000000000010ad47       0x38 binaries/rflgetc.o
                0x000000000010ad47                rflgetc
 .text          0x000000000010ad7f       0x80 binaries/rflinit.o
                0x000000000010ad7f                rflinit
 .text          0x000000000010adff       0x3b binaries/rflputc.o
                0x000000000010adff                rflputc
 .text          0x000000000010ae3a      0x33b binaries/rflread.o
                0x000000000010ae3a                rflread
 .text          0x000000000010b175       0x87 binaries/rflseek.o
                0x000000000010b175                rflseek
 .text          0x000000000010b1fc      0x360 binaries/rflwrite.o
                0x000000000010b1fc                rflwrite
 .text          0x000000000010b55c      0x1a6 binaries/rfscomm.o
                0x000000000010b55c                rfscomm
 .text          0x000000000010b702      0x27f binaries/rfscontrol.o
                0x000000000010b702                rfscontrol
 .text          0x000000000010b981       0x74 binaries/rfsgetmode.o
                0x000000000010b981                rfsgetmode
 .text          0x000000000010b9f5       0x98 binaries/rfsinit.o
                0x000000000010b9f5                rfsinit
 .text          0x000000000010ba8d       0xca binaries/rfsndmsg.o
                0x000000000010ba8d                rfsndmsg
 .text          0x000000000010bb57      0x286 binaries/rfsopen.o
                0x000000000010bb57                rfsopen
 .text          0x000000000010bddd      0x6c0 binaries/arp.o
                0x000000000010bddd                arp_init
                0x000000000010be04                arp_alloc
                0x000000000010beb5                arp_ntoh
                0x000000000010bf1f                arp_hton
                0x000000000010bf89                arp_resolve
                0x000000000010c22e                arp_in
 .text          0x000000000010c49d      0x5ea binaries/dhcp.o
                0x000000000010c49d                dhcp_get_opt_val
                0x000000000010c4ee                dhcp_bld_bootp_msg
                0x000000000010c5cc                dhcp_bld_disc
                0x000000000010c61c                dhcp_bld_req
                0x000000000010c6c2                getlocalip
 .text          0x000000000010ca87       0xc6 binaries/dot2ip.o
                0x000000000010ca87                dot2ip
 .text          0x000000000010cb4d      0x3cf binaries/hexdump.o
                0x000000000010cb4d                hexdump
                0x000000000010ccdf                hexadump
 .text          0x000000000010cf1c      0x778 binaries/icmp.o
                0x000000000010cf1c                icmp_init
                0x000000000010cf40                icmp_register
                0x000000000010cff4                icmp_recv
                0x000000000010d1af                icmp_mkpkt
                0x000000000010d2a6                icmp_in
                0x000000000010d44c                icmp_send
                0x000000000010d4cf                icmp_release
                0x000000000010d612                icmp_cksum
                0x000000000010d66c                icmp_hton
                0x000000000010d680                icmp_ntoh
 .text          0x000000000010d694      0x648 binaries/ip.o
                0x000000000010d694                ip_local
                0x000000000010d6e1                ipcksum
                0x000000000010d72f                ip_ntoh
                0x000000000010d799                ip_in
                0x000000000010d8e2                ip_hton
                0x000000000010d94c                ip_out
                0x000000000010da0c                ip_send
                0x000000000010db36                ipout
                0x000000000010dc39                ip_enqueue
 .text          0x000000000010dcdc      0x1cc binaries/net.o
                0x000000000010dcdc                net_init
                0x000000000010ddea                eth_hton
                0x000000000010ddf4                eth_ntoh
                0x000000000010ddfe                netin
 .text          0x000000000010dea8       0xd9 binaries/netstart.o
                0x000000000010dea8                netstart
 .text          0x000000000010df81      0xae9 binaries/pdump.o
                0x000000000010df81                pdump
                0x000000000010e5be                pdumph
 .text          0x000000000010ea6a      0x5ff binaries/tftp.o
                0x000000000010ea6a                tftp_send1
                0x000000000010eb8c                tftpget_mb
                0x000000000010f042                tftpget
 .text          0x000000000010f069      0xa9c binaries/udp.o
                0x000000000010f069                udp_init
                0x000000000010f0ac                udp_in
                0x000000000010f1c8                udp_register
                0x000000000010f2e3                udp_recv
                0x000000000010f488                udp_recvaddr
                0x000000000010f641                udp_send
                0x000000000010f80e                udp_sendto
                0x000000000010f99a                udp_release
                0x000000000010fadd                udp_ntoh
                0x000000000010faf1                udp_hton
 .text          0x000000000010fb05      0x13e binaries/addargs.o
                0x000000000010fb05                addargs
 .text          0x000000000010fc43      0x234 binaries/lexan.o
                0x000000000010fc43                lexan
 .text          0x000000000010fe77      0x63f binaries/shell.o
                0x000000000010fe77                shell
 .text          0x00000000001104b6       0x6e binaries/xsh_argecho.o
                0x00000000001104b6                xsh_argecho
 .text          0x0000000000110524      0x244 binaries/xsh_arp.o
                0x0000000000110524                xsh_arp
 .text          0x0000000000110768      0x259 binaries/xsh_cat.o
                0x0000000000110768                xsh_cat
 .text          0x00000000001109c1       0x6a binaries/xsh_clear.o
                0x00000000001109c1                xsh_clear
 .text          0x0000000000110a2b      0x2b9 binaries/xsh_date.o
                0x0000000000110a2b                xsh_date
 .text          0x0000000000110ce4       0xa4 binaries/xsh_devdump.o
                0x0000000000110ce4                xsh_devdump
 .text          0x0000000000110d88       0x77 binaries/xsh_echo.o
                0x0000000000110d88                xsh_echo
 .text          0x0000000000110dff        0x6 binaries/xsh_exit.o
                0x0000000000110dff                xsh_exit
 .text          0x0000000000110e05      0x37e binaries/xsh_help.o
                0x0000000000110e05                xsh_help
 .text          0x0000000000111183      0x386 binaries/xsh_ipaddr.o
                0x0000000000111183                xsh_ipaddr
 .text          0x0000000000111509      0x1f6 binaries/xsh_kill.o
                0x0000000000111509                xsh_kill
 .text          0x00000000001116ff      0x430 binaries/xsh_memdump.o
                0x00000000001117a9                xsh_memdump
 .text          0x0000000000111b2f      0x221 binaries/xsh_memstat.o
                0x0000000000111b2f                xsh_memstat
 .text          0x0000000000111d50      0x2ff binaries/xsh_ping.o
                0x0000000000111d50                xsh_ping
 .text          0x000000000011204f      0x1d6 binaries/xsh_ps.o
                0x000000000011204f                xsh_ps
 .text          0x0000000000112225      0x1d7 binaries/xsh_sleep.o
                0x0000000000112225                xsh_sleep
 .text          0x00000000001123fc      0x217 binaries/xsh_udpdump.o
                0x00000000001123fc                xsh_udpdump
 .text          0x0000000000112613      0x458 binaries/xsh_udpecho.o
                0x0000000000112613                xsh_udpecho
 .text          0x0000000000112a6b      0x29a binaries/xsh_udpeserver.o
                0x0000000000112a6b                xsh_udpeserver
 .text          0x0000000000112d05      0x1f2 binaries/xsh_uptime.o
                0x0000000000112d05                xsh_uptime
 .text          0x0000000000112ef7        0xe binaries/clkdisp.o
                0x0000000000112ef7                clkdisp
 .text          0x0000000000112f05       0x19 binaries/ctxsw.o
                0x0000000000112f05                ctxsw
 .text          0x0000000000112f1e      0x368 binaries/intr.o
                0x0000000000112f1e                disable
                0x0000000000112f27                restore
                0x0000000000112f35                enable
                0x0000000000112f37                pause
                0x0000000000112f3e                halt
                0x0000000000112f41                spurious_irq7
                0x0000000000112f46                spurious_irq15
                0x0000000000112f55                _Xint0
                0x0000000000112f60                _Xint1
                0x0000000000112f6b                _Xint2
                0x0000000000112f76                _Xint3
                0x0000000000112f81                _Xint4
                0x0000000000112f8c                _Xint5
                0x0000000000112f97                _Xint6
                0x0000000000112fa2                _Xint7
                0x0000000000112fad                _Xint8
                0x0000000000112fb8                _Xint9
                0x0000000000112fc3                _Xint10
                0x0000000000112fce                _Xint11
                0x0000000000112fdc                _Xint12
                0x0000000000112fea                _Xint13
                0x0000000000112ff8                _Xint14
                0x0000000000113006                _Xint15
                0x0000000000113014                _Xint16
                0x0000000000113022                _Xint17
                0x0000000000113030                _Xint18
                0x000000000011303e                _Xint19
                0x000000000011304c                _Xint20
                0x000000000011305a                _Xint21
                0x0000000000113068                _Xint22
                0x0000000000113076                _Xint23
                0x0000000000113084                _Xint24
                0x0000000000113092                _Xint25
                0x00000000001130a0                _Xint26
                0x00000000001130ae                _Xint27
                0x00000000001130bc                _Xint28
                0x00000000001130ca                _Xint29
                0x00000000001130d8                _Xint30
                0x00000000001130e6                _Xint31
                0x00000000001130f4                _Xint32
                0x0000000000113102                _Xint33
                0x0000000000113110                _Xint34
                0x000000000011311e                _Xint35
                0x000000000011312c                _Xint36
                0x000000000011313a                _Xint37
                0x0000000000113148                _Xint38
                0x0000000000113156                _Xint39
                0x0000000000113164                _Xint40
                0x0000000000113172                _Xint41
                0x0000000000113180                _Xint42
                0x000000000011318e                _Xint43
                0x000000000011319c                _Xint44
                0x00000000001131aa                _Xint45
                0x00000000001131b8                _Xint46
                0x00000000001131c6                defevec
 .text          0x0000000000113286        0xf binaries/ttydispatch.o
                0x0000000000113286                ttydispatch
 .text          0x0000000000113295       0x13 binaries/ethdispatch.o
                0x0000000000113295                ethdispatch
 *(.rodata .rodata.*)
 .rodata.str1.1
                0x00000000001132a8       0x54 binaries/ascdate.o
 .rodata.str1.4
                0x00000000001132fc       0x22 binaries/ascdate.o
 .rodata.str1.1
                0x000000000011331e       0x5f binaries/conf.o
 *fill*         0x000000000011337d        0x3 
 .rodata.str1.4
                0x0000000000113380       0x4f binaries/early_imr.o
 *fill*         0x00000000001133cf        0x1 
 .rodata        0x00000000001133d0       0x33 binaries/early_imr.o
 .rodata.str1.1
                0x0000000000113403      0x20c binaries/evec.o
 *fill*         0x000000000011360f        0x1 
 .rodata.str1.4
                0x0000000000113610       0x23 binaries/evec.o
 .rodata.str1.1
                0x0000000000113633        0xb binaries/getutime.o
 *fill*         0x000000000011363e        0x2 
 .rodata.str1.4
                0x0000000000113640       0x54 binaries/getutime.o
 .rodata.str1.1
                0x0000000000113694       0x63 binaries/initialize.o
                                         0x67 (size before relaxing)
 *fill*         0x00000000001136f7        0x1 
 .rodata.str1.4
                0x00000000001136f8       0xd4 binaries/initialize.o
 .rodata        0x00000000001137cc       0x20 binaries/kill.o
 .rodata.str1.4
                0x00000000001137ec      0x11e binaries/main.o
 .rodata.str1.1
                0x000000000011390a      0x1a6 binaries/main.o
 .rodata.str1.4
                0x0000000000113ab0       0x23 binaries/meminit.o
 .rodata.str1.1
                0x0000000000113ad3       0x1b binaries/meminit.o
 .rodata.str1.1
                0x0000000000113aee        0xf binaries/panic.o
 .rodata.str1.1
                0x0000000000113afd       0x1c binaries/ptinit.o
 *fill*         0x0000000000113b19        0x3 
 .rodata.str1.4
                0x0000000000113b1c       0x25 binaries/ptsend.o
 .rodata.str1.1
                0x0000000000113b41       0x22 binaries/quark_pdat.o
 *fill*         0x0000000000113b63        0x1 
 .rodata.str1.4
                0x0000000000113b64       0x27 binaries/xdone.o
 *fill*         0x0000000000113b8b       0x15 
 .rodata        0x0000000000113ba0       0x81 binaries/ctype_.o
                0x0000000000113ba0                _ctype_
 .rodata.str1.1
                0x0000000000113c21       0x29 binaries/doprnt.o
 *fill*         0x0000000000113c4a        0x2 
 .rodata        0x0000000000113c4c       0xc4 binaries/doprnt.o
 .rodata        0x0000000000113d10       0x98 binaries/doscan.o
 .rodata.str1.1
                0x0000000000113da8       0x29 binaries/fdoprnt.o
 .rodata        0x0000000000113da8       0x84 binaries/fdoprnt.o
 .rodata        0x0000000000113e2c       0x20 binaries/ttycontrol.o
 .rodata.str1.4
                0x0000000000113e4c       0x4c binaries/naminit.o
 .rodata.str1.1
                0x0000000000113e98       0x32 binaries/naminit.o
                                         0x35 (size before relaxing)
 .rodata.str1.1
                0x0000000000113eca       0x15 binaries/ethinit.o
 *fill*         0x0000000000113edf        0x1 
 .rodata.str1.4
                0x0000000000113ee0       0x2e binaries/ethinit.o
 *fill*         0x0000000000113f0e        0x2 
 .rodata.str1.4
                0x0000000000113f10       0x2c binaries/rdsbufalloc.o
 .rodata.str1.4
                0x0000000000113f3c       0x76 binaries/rdscomm.o
 *fill*         0x0000000000113fb2        0x2 
 .rodata.str1.4
                0x0000000000113fb4       0x48 binaries/rdscontrol.o
 .rodata.str1.4
                0x0000000000113ffc       0x7e binaries/rdsinit.o
 .rodata.str1.1
                0x000000000011407a       0x18 binaries/rdsinit.o
 *fill*         0x0000000000114092        0x2 
 .rodata.str1.4
                0x0000000000114094       0x22 binaries/rdsopen.o
 *fill*         0x00000000001140b6        0x2 
 .rodata.str1.4
                0x00000000001140b8       0x4d binaries/rdsprocess.o
 .rodata.str1.1
                0x0000000000114105        0x9 binaries/raminit.o
 .rodata.str1.1
                0x000000000011410e       0x13 binaries/lfdballoc.o
 *fill*         0x0000000000114121        0x3 
 .rodata.str1.4
                0x0000000000114124       0x23 binaries/lfdballoc.o
 .rodata.str1.1
                0x0000000000114147       0x14 binaries/lfiballoc.o
 *fill*         0x000000000011415b        0x1 
 .rodata.str1.4
                0x000000000011415c       0x23 binaries/lflcontrol.o
 .rodata.str1.1
                0x000000000011417f       0x64 binaries/lfsckfmt.o
 *fill*         0x00000000001141e3        0x1 
 .rodata.str1.4
                0x00000000001141e4       0x51 binaries/lfsckfmt.o
 *fill*         0x0000000000114235        0x3 
 .rodata.str1.4
                0x0000000000114238       0x21 binaries/rflread.o
 .rodata.str1.4
                0x0000000000114259       0x21 binaries/rflwrite.o
 *fill*         0x0000000000114259        0x3 
 .rodata.str1.4
                0x000000000011425c       0x75 binaries/rfscomm.o
 *fill*         0x00000000001142d1        0x3 
 .rodata.str1.4
                0x00000000001142d4       0x23 binaries/rfscontrol.o
 *fill*         0x00000000001142f7        0x1 
 .rodata        0x00000000001142f8       0x18 binaries/rfscontrol.o
 .rodata.str1.1
                0x0000000000114310       0x10 binaries/rfsinit.o
 .rodata.str1.4
                0x0000000000114310       0x57 binaries/rfsinit.o
 *fill*         0x0000000000114367        0x1 
 .rodata.str1.4
                0x0000000000114368       0x2a binaries/rfsndmsg.o
 .rodata.str1.4
                0x0000000000114392       0x22 binaries/rfsopen.o
 .rodata.str1.1
                0x0000000000114392       0x19 binaries/arp.o
 *fill*         0x00000000001143ab        0x1 
 .rodata.str1.4
                0x00000000001143ac       0x21 binaries/arp.o
 *fill*         0x00000000001143cd        0x3 
 .rodata.str1.4
                0x00000000001143d0       0xa6 binaries/dhcp.o
 .rodata.str1.1
                0x0000000000114476       0x4a binaries/dhcp.o
 .rodata.str1.1
                0x00000000001144c0       0x5a binaries/hexdump.o
                                         0x61 (size before relaxing)
 *fill*         0x000000000011451a        0x2 
 .rodata.str1.4
                0x000000000011451c       0x67 binaries/hexdump.o
 *fill*         0x0000000000114583        0x1 
 .rodata.str1.4
                0x0000000000114584       0x29 binaries/icmp.o
 .rodata.str1.1
                0x00000000001145ad       0x4e binaries/ip.o
 *fill*         0x00000000001145fb        0x1 
 .rodata.str1.4
                0x00000000001145fc       0x20 binaries/ip.o
 .rodata.str1.4
                0x000000000011461c       0x28 binaries/net.o
 .rodata.str1.1
                0x0000000000114644       0x27 binaries/net.o
 *fill*         0x000000000011466b        0x1 
 .rodata.str1.4
                0x000000000011466c       0xcf binaries/netstart.o
 .rodata.str1.1
                0x000000000011473b      0x141 binaries/pdump.o
                                        0x14b (size before relaxing)
 .rodata.str1.4
                0x000000000011487c      0x126 binaries/pdump.o
 *fill*         0x00000000001149a2        0x2 
 .rodata.str1.4
                0x00000000001149a4      0x148 binaries/tftp.o
 .rodata.str1.1
                0x0000000000114aec        0x6 binaries/tftp.o
                                          0xa (size before relaxing)
 .rodata.str1.1
                0x0000000000114af2       0xe3 binaries/shell.o
                                         0xff (size before relaxing)
 *fill*         0x0000000000114bd5        0x3 
 .rodata.str1.4
                0x0000000000114bd8      0x1c4 binaries/shell.o
 .rodata.str1.1
                0x0000000000114d9c       0x26 binaries/xsh_argecho.o
                                         0x28 (size before relaxing)
 .rodata.str1.1
                0x0000000000114dc2       0x70 binaries/xsh_arp.o
                                         0x72 (size before relaxing)
 *fill*         0x0000000000114e32        0x2 
 .rodata.str1.4
                0x0000000000114e34       0xb4 binaries/xsh_arp.o
 .rodata.str1.1
                0x0000000000114ee8       0x2d binaries/xsh_cat.o
                                         0x4f (size before relaxing)
 *fill*         0x0000000000114f15        0x3 
 .rodata.str1.4
                0x0000000000114f18       0x52 binaries/xsh_cat.o
                                         0x79 (size before relaxing)
 .rodata.str1.1
                0x0000000000114f6a       0x15 binaries/xsh_clear.o
 .rodata.str1.1
                0x0000000000114f7f       0x46 binaries/xsh_date.o
                                         0x5f (size before relaxing)
 *fill*         0x0000000000114fc5        0x3 
 .rodata.str1.4
                0x0000000000114fc8      0x163 binaries/xsh_date.o
 .rodata.str1.1
                0x000000000011512b       0x5d binaries/xsh_devdump.o
 .rodata.str1.1
                0x0000000000115188        0x4 binaries/xsh_echo.o
                                          0x9 (size before relaxing)
 .rodata.str1.1
                0x000000000011518c       0x65 binaries/xsh_help.o
                                         0xa3 (size before relaxing)
 *fill*         0x00000000001151f1        0x3 
 .rodata.str1.4
                0x00000000001151f4       0x7c binaries/xsh_help.o
                                         0xc6 (size before relaxing)
 .rodata.str1.1
                0x0000000000115270       0x9c binaries/xsh_ipaddr.o
                                         0xf8 (size before relaxing)
 .rodata.str1.4
                0x000000000011530c       0x4d binaries/xsh_ipaddr.o
                                         0x99 (size before relaxing)
 .rodata.str1.1
                0x0000000000115359       0x78 binaries/xsh_kill.o
                                         0x97 (size before relaxing)
 *fill*         0x00000000001153d1        0x3 
 .rodata.str1.4
                0x00000000001153d4       0x4a binaries/xsh_kill.o
                                         0x96 (size before relaxing)
 .rodata.str1.1
                0x000000000011541e       0x84 binaries/xsh_memdump.o
                                         0xa8 (size before relaxing)
 *fill*         0x00000000001154a2        0x2 
 .rodata.str1.4
                0x00000000001154a4      0x15a binaries/xsh_memdump.o
                                        0x1aa (size before relaxing)
 .rodata.str1.1
                0x00000000001155fe       0x40 binaries/xsh_memstat.o
                                         0x79 (size before relaxing)
 *fill*         0x000000000011563e        0x2 
 .rodata.str1.4
                0x0000000000115640      0x187 binaries/xsh_memstat.o
                                        0x1af (size before relaxing)
 .rodata.str1.1
                0x00000000001157c7       0x90 binaries/xsh_ping.o
                                         0xaf (size before relaxing)
 *fill*         0x0000000000115857        0x1 
 .rodata.str1.4
                0x0000000000115858       0x77 binaries/xsh_ping.o
                                         0xc6 (size before relaxing)
 .rodata.str1.1
                0x00000000001158cf       0x74 binaries/xsh_ps.o
                                         0xd5 (size before relaxing)
 *fill*         0x0000000000115943        0x1 
 .rodata.str1.4
                0x0000000000115944       0x80 binaries/xsh_ps.o
                                         0xd0 (size before relaxing)
 .rodata.str1.1
                0x00000000001159c4       0x31 binaries/xsh_sleep.o
                                         0x72 (size before relaxing)
 *fill*         0x00000000001159f5        0x3 
 .rodata.str1.4
                0x00000000001159f8       0x2a binaries/xsh_sleep.o
                                         0x7a (size before relaxing)
 .rodata.str1.1
                0x0000000000115a22       0x6b binaries/xsh_udpdump.o
                                         0xd2 (size before relaxing)
 *fill*         0x0000000000115a8d        0x3 
 .rodata.str1.4
                0x0000000000115a90       0x94 binaries/xsh_udpdump.o
                                         0xe4 (size before relaxing)
 .rodata.str1.1
                0x0000000000115b24       0xdb binaries/xsh_udpecho.o
                                         0xfa (size before relaxing)
 *fill*         0x0000000000115bff        0x1 
 .rodata.str1.4
                0x0000000000115c00       0xc7 binaries/xsh_udpecho.o
                                        0x116 (size before relaxing)
 .rodata.str1.1
                0x0000000000115cc7       0x66 binaries/xsh_udpeserver.o
                                         0x8f (size before relaxing)
 *fill*         0x0000000000115d2d        0x3 
 .rodata.str1.4
                0x0000000000115d30       0x29 binaries/xsh_udpeserver.o
                                         0x9f (size before relaxing)
 .rodata.str1.1
                0x0000000000115d59       0x49 binaries/xsh_uptime.o
                                         0x8c (size before relaxing)
 *fill*         0x0000000000115da2        0x2 
 .rodata.str1.4
                0x0000000000115da4       0x28 binaries/xsh_uptime.o
                                         0x76 (size before relaxing)
                0x0000000000115dcc                etext = ABSOLUTE (.)
                0x0000000000116000                . = ALIGN (0x1000)
 *fill*         0x0000000000115dcc      0x234 

.eh_frame       0x0000000000116000     0x7124
 .eh_frame      0x0000000000116000       0x98 binaries/ascdate.o
 .eh_frame      0x0000000000116098       0x28 binaries/bufinit.o
                                         0x40 (size before relaxing)
 .eh_frame      0x00000000001160c0       0x5c binaries/cbreg.o
                                         0x88 (size before relaxing)
 .eh_frame      0x000000000011611c       0x54 binaries/chprio.o
                                         0x80 (size before relaxing)
 .eh_frame      0x0000000000116170       0x24 binaries/clkhandler.o
                                         0x50 (size before relaxing)
 .eh_frame      0x0000000000116194       0x44 binaries/clkinit.o
                                         0x70 (size before relaxing)
 .eh_frame      0x00000000001161d8       0x44 binaries/close.o
                                         0x70 (size before relaxing)
 .eh_frame      0x000000000011621c       0x48 binaries/control.o
                                         0x74 (size before relaxing)
 .eh_frame      0x0000000000116264       0x5c binaries/create.o
                                         0x88 (size before relaxing)
 .eh_frame      0x00000000001162c0      0x164 binaries/early_imr.o
                                        0x190 (size before relaxing)
 .eh_frame      0x0000000000116424      0x1f8 binaries/evec.o
                                        0x224 (size before relaxing)
 .eh_frame      0x000000000011661c       0x58 binaries/freebuf.o
                                         0x84 (size before relaxing)
 .eh_frame      0x0000000000116674       0x5c binaries/freemem.o
                                         0x88 (size before relaxing)
 .eh_frame      0x00000000001166d0       0x50 binaries/getbuf.o
                                         0x7c (size before relaxing)
 .eh_frame      0x0000000000116720       0x44 binaries/getc.o
                                         0x70 (size before relaxing)
 .eh_frame      0x0000000000116764       0x60 binaries/getdev.o
                                         0x8c (size before relaxing)
 .eh_frame      0x00000000001167c4       0x68 binaries/getitem.o
                                         0x94 (size before relaxing)
 .eh_frame      0x000000000011682c       0x54 binaries/getmem.o
                                         0x80 (size before relaxing)
 .eh_frame      0x0000000000116880       0x14 binaries/getpid.o
                                         0x40 (size before relaxing)
 .eh_frame      0x0000000000116894       0x40 binaries/getprio.o
                                         0x6c (size before relaxing)
 .eh_frame      0x00000000001168d4       0x5c binaries/getstk.o
                                         0x88 (size before relaxing)
 .eh_frame      0x0000000000116930       0x2c binaries/gettime.o
                                         0x58 (size before relaxing)
 .eh_frame      0x000000000011695c       0x98 binaries/getutime.o
                                         0xc4 (size before relaxing)
 .eh_frame      0x00000000001169f4       0x44 binaries/init.o
                                         0x70 (size before relaxing)
 .eh_frame      0x0000000000116a38       0xe0 binaries/initialize.o
                                        0x10c (size before relaxing)
 .eh_frame      0x0000000000116b18       0x44 binaries/insert.o
                                         0x5c (size before relaxing)
 .eh_frame      0x0000000000116b5c       0x40 binaries/insertd.o
                                         0x6c (size before relaxing)
 .eh_frame      0x0000000000116b9c       0x14 binaries/ioerr.o
                                         0x2c (size before relaxing)
 .eh_frame      0x0000000000116bb0       0x14 binaries/ionull.o
                                         0x2c (size before relaxing)
 .eh_frame      0x0000000000116bc4       0x78 binaries/kill.o
                                         0xa4 (size before relaxing)
 .eh_frame      0x0000000000116c3c       0x90 binaries/kprintf.o
                                         0xd0 (size before relaxing)
 .eh_frame      0x0000000000116ccc      0x144 binaries/main.o
                                        0x170 (size before relaxing)
 .eh_frame      0x0000000000116e10       0x64 binaries/mark.o
                                         0x90 (size before relaxing)
 .eh_frame      0x0000000000116e74       0x80 binaries/meminit.o
                                         0xac (size before relaxing)
 .eh_frame      0x0000000000116ef4       0x78 binaries/mkbufpool.o
                                         0xa4 (size before relaxing)
 .eh_frame      0x0000000000116f6c       0x30 binaries/newqueue.o
                                         0x48 (size before relaxing)
 .eh_frame      0x0000000000116f9c       0x48 binaries/open.o
                                         0x74 (size before relaxing)
 .eh_frame      0x0000000000116fe4       0x28 binaries/panic.o
                                         0x54 (size before relaxing)
 .eh_frame      0x000000000011700c       0xf4 binaries/pci.o
                                        0x10c (size before relaxing)
 .eh_frame      0x0000000000117100       0x40 binaries/platinit.o
                                         0x6c (size before relaxing)
 .eh_frame      0x0000000000117140       0x6c binaries/ptclear.o
                                         0x98 (size before relaxing)
 .eh_frame      0x00000000001171ac       0x64 binaries/ptcount.o
                                         0x90 (size before relaxing)
 .eh_frame      0x0000000000117210       0x60 binaries/ptcreate.o
                                         0x8c (size before relaxing)
 .eh_frame      0x0000000000117270       0x48 binaries/ptdelete.o
                                         0x74 (size before relaxing)
 .eh_frame      0x00000000001172b8       0x44 binaries/ptinit.o
                                         0x70 (size before relaxing)
 .eh_frame      0x00000000001172fc       0x64 binaries/ptrecv.o
                                         0x90 (size before relaxing)
 .eh_frame      0x0000000000117360       0x48 binaries/ptreset.o
                                         0x74 (size before relaxing)
 .eh_frame      0x00000000001173a8       0x70 binaries/ptsend.o
                                         0x9c (size before relaxing)
 .eh_frame      0x0000000000117418       0x54 binaries/putc.o
                                         0x80 (size before relaxing)
 .eh_frame      0x000000000011746c       0x6c binaries/quark_irq.o
                                         0x98 (size before relaxing)
 .eh_frame      0x00000000001174d8       0xe8 binaries/quark_pdat.o
                                        0x114 (size before relaxing)
 .eh_frame      0x00000000001175c0       0x4c binaries/queue.o
                                         0x78 (size before relaxing)
 .eh_frame      0x000000000011760c       0x48 binaries/read.o
                                         0x74 (size before relaxing)
 .eh_frame      0x0000000000117654       0x34 binaries/ready.o
                                         0x60 (size before relaxing)
 .eh_frame      0x0000000000117688       0x58 binaries/receive.o
                                         0x84 (size before relaxing)
 .eh_frame      0x00000000001176e0       0x38 binaries/recvclr.o
                                         0x64 (size before relaxing)
 .eh_frame      0x0000000000117718       0x60 binaries/recvtime.o
                                         0x8c (size before relaxing)
 .eh_frame      0x0000000000117778       0x84 binaries/resched.o
                                         0xc4 (size before relaxing)
 .eh_frame      0x00000000001177fc       0x5c binaries/resume.o
                                         0x88 (size before relaxing)
 .eh_frame      0x0000000000117858       0x44 binaries/seek.o
                                         0x70 (size before relaxing)
 .eh_frame      0x000000000011789c       0x40 binaries/semcount.o
                                         0x6c (size before relaxing)
 .eh_frame      0x00000000001178dc       0x54 binaries/semcreate.o
                                         0x80 (size before relaxing)
 .eh_frame      0x0000000000117930       0x6c binaries/semdelete.o
                                         0x98 (size before relaxing)
 .eh_frame      0x000000000011799c       0x6c binaries/semreset.o
                                         0x98 (size before relaxing)
 .eh_frame      0x0000000000117a08       0x7c binaries/sendblk.o
                                         0xa8 (size before relaxing)
 .eh_frame      0x0000000000117a84       0x60 binaries/send.o
                                         0x8c (size before relaxing)
 .eh_frame      0x0000000000117ae4       0x54 binaries/signal.o
                                         0x80 (size before relaxing)
 .eh_frame      0x0000000000117b38       0x70 binaries/signaln.o
                                         0x9c (size before relaxing)
 .eh_frame      0x0000000000117ba8       0x80 binaries/sleep.o
                                         0xac (size before relaxing)
 .eh_frame      0x0000000000117c28       0x54 binaries/suspend.o
                                         0x80 (size before relaxing)
 .eh_frame      0x0000000000117c7c       0x4c binaries/unsleep.o
                                         0x78 (size before relaxing)
 .eh_frame      0x0000000000117cc8       0x28 binaries/userret.o
                                         0x54 (size before relaxing)
 .eh_frame      0x0000000000117cf0       0x58 binaries/wait.o
                                         0x84 (size before relaxing)
 .eh_frame      0x0000000000117d48       0x48 binaries/wakeup.o
                                         0x74 (size before relaxing)
 .eh_frame      0x0000000000117d90       0x48 binaries/write.o
                                         0x74 (size before relaxing)
 .eh_frame      0x0000000000117dd8       0x24 binaries/xdone.o
                                         0x50 (size before relaxing)
 .eh_frame      0x0000000000117dfc       0x30 binaries/yield.o
                                         0x5c (size before relaxing)
 .eh_frame      0x0000000000117e2c       0x14 binaries/abs.o
                                         0x2c (size before relaxing)
 .eh_frame      0x0000000000117e40       0x28 binaries/atoi.o
                                         0x40 (size before relaxing)
 .eh_frame      0x0000000000117e68       0x28 binaries/atol.o
                                         0x40 (size before relaxing)
 .eh_frame      0x0000000000117e90       0x14 binaries/bzero.o
                                         0x2c (size before relaxing)
 .eh_frame      0x0000000000117ea4      0x174 binaries/doprnt.o
                                        0x1a0 (size before relaxing)
 .eh_frame      0x0000000000118018      0x108 binaries/doscan.o
                                        0x134 (size before relaxing)
 .eh_frame      0x0000000000118120      0x114 binaries/fdoprnt.o
                                        0x140 (size before relaxing)
 .eh_frame      0x0000000000118234       0x2c binaries/fgetc.o
                                         0x58 (size before relaxing)
 .eh_frame      0x0000000000118260       0x48 binaries/fgets.o
                                         0x74 (size before relaxing)
 .eh_frame      0x00000000001182a8       0x2c binaries/fprintf.o
                                         0x58 (size before relaxing)
 .eh_frame      0x00000000001182d4       0x2c binaries/fputc.o
                                         0x58 (size before relaxing)
 .eh_frame      0x0000000000118300       0x3c binaries/fputs.o
                                         0x68 (size before relaxing)
 .eh_frame      0x000000000011833c       0x7c binaries/fscanf.o
                                         0xa8 (size before relaxing)
 .eh_frame      0x00000000001183b8       0x24 binaries/getchar.o
                                         0x50 (size before relaxing)
 .eh_frame      0x00000000001183dc       0x14 binaries/labs.o
                                         0x2c (size before relaxing)
 .eh_frame      0x00000000001183f0       0x14 binaries/memchr.o
                                         0x2c (size before relaxing)
 .eh_frame      0x0000000000118404       0x28 binaries/memcmp.o
                                         0x40 (size before relaxing)
 .eh_frame      0x000000000011842c       0x24 binaries/memcpy.o
                                         0x3c (size before relaxing)
 .eh_frame      0x0000000000118450       0x1c binaries/memset.o
                                         0x34 (size before relaxing)
 .eh_frame      0x000000000011846c       0x2c binaries/printf.o
                                         0x58 (size before relaxing)
 .eh_frame      0x0000000000118498       0x28 binaries/putchar.o
                                         0x54 (size before relaxing)
 .eh_frame      0x00000000001184c0       0xdc binaries/qsort.o
                                        0x11c (size before relaxing)
 .eh_frame      0x000000000011859c       0x28 binaries/rand.o
                                         0x68 (size before relaxing)
 .eh_frame      0x00000000001185c4       0x54 binaries/sprintf.o
                                         0x80 (size before relaxing)
 .eh_frame      0x0000000000118618       0x5c binaries/sscanf.o
                                         0x88 (size before relaxing)
 .eh_frame      0x0000000000118674       0x20 binaries/strchr.o
                                         0x38 (size before relaxing)
 .eh_frame      0x0000000000118694       0x20 binaries/strcmp.o
                                         0x38 (size before relaxing)
 .eh_frame      0x00000000001186b4       0x14 binaries/strcpy.o
                                         0x2c (size before relaxing)
 .eh_frame      0x00000000001186c8       0x14 binaries/strlen.o
                                         0x2c (size before relaxing)
 .eh_frame      0x00000000001186dc       0x2c binaries/strncat.o
                                         0x44 (size before relaxing)
 .eh_frame      0x0000000000118708       0x1c binaries/strncmp.o
                                         0x34 (size before relaxing)
 .eh_frame      0x0000000000118724       0x30 binaries/strncpy.o
                                         0x48 (size before relaxing)
 .eh_frame      0x0000000000118754       0x14 binaries/strnlen.o
                                         0x2c (size before relaxing)
 .eh_frame      0x0000000000118768       0x20 binaries/strrchr.o
                                         0x38 (size before relaxing)
 .eh_frame      0x0000000000118788       0x3c binaries/strstr.o
                                         0x54 (size before relaxing)
 .eh_frame      0x00000000001187c4       0x58 binaries/ttycontrol.o
                                         0x84 (size before relaxing)
 .eh_frame      0x000000000011881c       0x44 binaries/ttygetc.o
                                         0x70 (size before relaxing)
 .eh_frame      0x0000000000118860       0xe0 binaries/ttyhandle_in.o
                                        0x10c (size before relaxing)
 .eh_frame      0x0000000000118940       0x68 binaries/ttyhandle_out.o
                                         0x94 (size before relaxing)
 .eh_frame      0x00000000001189a8       0x5c binaries/ttyhandler.o
                                         0x88 (size before relaxing)
 .eh_frame      0x0000000000118a04       0x4c binaries/ttyinit.o
                                         0x78 (size before relaxing)
 .eh_frame      0x0000000000118a50       0x14 binaries/ttykickout.o
                                         0x2c (size before relaxing)
 .eh_frame      0x0000000000118a64       0x64 binaries/ttyputc.o
                                         0x90 (size before relaxing)
 .eh_frame      0x0000000000118ac8       0x64 binaries/ttyread.o
                                         0x90 (size before relaxing)
 .eh_frame      0x0000000000118b2c       0x4c binaries/ttywrite.o
                                         0x78 (size before relaxing)
 .eh_frame      0x0000000000118b78       0x7c binaries/mount.o
                                         0xa8 (size before relaxing)
 .eh_frame      0x0000000000118bf4       0xe4 binaries/naminit.o
                                        0x110 (size before relaxing)
 .eh_frame      0x0000000000118cd8       0xf0 binaries/nammap.o
                                        0x130 (size before relaxing)
 .eh_frame      0x0000000000118dc8       0x48 binaries/namopen.o
                                         0x74 (size before relaxing)
 .eh_frame      0x0000000000118e10       0x3c binaries/colon2mac.o
                                         0x68 (size before relaxing)
 .eh_frame      0x0000000000118e4c       0x4c binaries/ethcontrol.o
                                         0x78 (size before relaxing)
 .eh_frame      0x0000000000118e98       0x58 binaries/ethhandler.o
                                         0x84 (size before relaxing)
 .eh_frame      0x0000000000118ef0      0x154 binaries/ethinit.o
                                        0x180 (size before relaxing)
 .eh_frame      0x0000000000119044       0xa8 binaries/ethmcast.o
                                         0xd4 (size before relaxing)
 .eh_frame      0x00000000001190ec       0x80 binaries/ethread.o
                                         0xac (size before relaxing)
 .eh_frame      0x000000000011916c       0x48 binaries/ethwrite.o
                                         0x74 (size before relaxing)
 .eh_frame      0x00000000001191b4       0x3c binaries/rdsbufalloc.o
                                         0x68 (size before relaxing)
 .eh_frame      0x00000000001191f0       0x3c binaries/rdsclose.o
                                         0x68 (size before relaxing)
 .eh_frame      0x000000000011922c       0x90 binaries/rdscomm.o
                                         0xbc (size before relaxing)
 .eh_frame      0x00000000001192bc       0xb4 binaries/rdscontrol.o
                                         0xe0 (size before relaxing)
 .eh_frame      0x0000000000119370       0x9c binaries/rdsinit.o
                                         0xc8 (size before relaxing)
 .eh_frame      0x000000000011940c       0x80 binaries/rdsopen.o
                                         0xac (size before relaxing)
 .eh_frame      0x000000000011948c       0xf8 binaries/rdsprocess.o
                                        0x124 (size before relaxing)
 .eh_frame      0x0000000000119584       0x7c binaries/rdsread.o
                                         0xa8 (size before relaxing)
 .eh_frame      0x0000000000119600       0x80 binaries/rdswrite.o
                                         0xac (size before relaxing)
 .eh_frame      0x0000000000119680       0x14 binaries/ramclose.o
                                         0x2c (size before relaxing)
 .eh_frame      0x0000000000119694       0x40 binaries/raminit.o
                                         0x6c (size before relaxing)
 .eh_frame      0x00000000001196d4       0x14 binaries/ramopen.o
                                         0x2c (size before relaxing)
 .eh_frame      0x00000000001196e8       0x2c binaries/ramread.o
                                         0x58 (size before relaxing)
 .eh_frame      0x0000000000119714       0x2c binaries/ramwrite.o
                                         0x58 (size before relaxing)
 .eh_frame      0x0000000000119740       0x80 binaries/lfdballoc.o
                                         0xac (size before relaxing)
 .eh_frame      0x00000000001197c0       0x50 binaries/lfdbfree.o
                                         0x7c (size before relaxing)
 .eh_frame      0x0000000000119810       0x5c binaries/lfflush.o
                                         0x88 (size before relaxing)
 .eh_frame      0x000000000011986c       0x14 binaries/lfgetmode.o
                                         0x2c (size before relaxing)
 .eh_frame      0x0000000000119880       0x5c binaries/lfiballoc.o
                                         0x88 (size before relaxing)
 .eh_frame      0x00000000001198dc       0x14 binaries/lfibclear.o
                                         0x2c (size before relaxing)
 .eh_frame      0x00000000001198f0       0x4c binaries/lfibget.o
                                         0x78 (size before relaxing)
 .eh_frame      0x000000000011993c       0x68 binaries/lfibput.o
                                         0x94 (size before relaxing)
 .eh_frame      0x00000000001199a4       0x54 binaries/lflclose.o
                                         0x80 (size before relaxing)
 .eh_frame      0x00000000001199f8       0x74 binaries/lflcontrol.o
                                         0xa0 (size before relaxing)
 .eh_frame      0x0000000000119a6c       0x6c binaries/lflgetc.o
                                         0x98 (size before relaxing)
 .eh_frame      0x0000000000119ad8       0x5c binaries/lflinit.o
                                         0x88 (size before relaxing)
 .eh_frame      0x0000000000119b34       0x6c binaries/lflputc.o
                                         0x98 (size before relaxing)
 .eh_frame      0x0000000000119ba0       0x48 binaries/lflread.o
                                         0x74 (size before relaxing)
 .eh_frame      0x0000000000119be8       0x60 binaries/lflseek.o
                                         0x8c (size before relaxing)
 .eh_frame      0x0000000000119c48       0x48 binaries/lflwrite.o
                                         0x74 (size before relaxing)
 .eh_frame      0x0000000000119c90       0xd4 binaries/lfsckfmt.o
                                        0x100 (size before relaxing)
 .eh_frame      0x0000000000119d64       0xd4 binaries/lfscreate.o
                                        0x100 (size before relaxing)
 .eh_frame      0x0000000000119e38       0xbc binaries/lfsetup.o
                                         0xe8 (size before relaxing)
 .eh_frame      0x0000000000119ef4       0x38 binaries/lfsinit.o
                                         0x64 (size before relaxing)
 .eh_frame      0x0000000000119f2c       0x90 binaries/lfsopen.o
                                         0xbc (size before relaxing)
 .eh_frame      0x0000000000119fbc       0x84 binaries/lftruncate.o
                                         0xb0 (size before relaxing)
 .eh_frame      0x000000000011a040       0x3c binaries/rflclose.o
                                         0x68 (size before relaxing)
 .eh_frame      0x000000000011a07c       0x30 binaries/rflgetc.o
                                         0x5c (size before relaxing)
 .eh_frame      0x000000000011a0ac       0x30 binaries/rflinit.o
                                         0x5c (size before relaxing)
 .eh_frame      0x000000000011a0dc       0x30 binaries/rflputc.o
                                         0x5c (size before relaxing)
 .eh_frame      0x000000000011a10c       0xdc binaries/rflread.o
                                        0x108 (size before relaxing)
 .eh_frame      0x000000000011a1e8       0x3c binaries/rflseek.o
                                         0x68 (size before relaxing)
 .eh_frame      0x000000000011a224       0xd0 binaries/rflwrite.o
                                         0xfc (size before relaxing)
 .eh_frame      0x000000000011a2f4       0x88 binaries/rfscomm.o
                                         0xb4 (size before relaxing)
 .eh_frame      0x000000000011a37c      0x11c binaries/rfscontrol.o
                                        0x148 (size before relaxing)
 .eh_frame      0x000000000011a498       0x14 binaries/rfsgetmode.o
                                         0x2c (size before relaxing)
 .eh_frame      0x000000000011a4ac       0x50 binaries/rfsinit.o
                                         0x7c (size before relaxing)
 .eh_frame      0x000000000011a4fc       0x50 binaries/rfsndmsg.o
                                         0x7c (size before relaxing)
 .eh_frame      0x000000000011a54c       0xdc binaries/rfsopen.o
                                        0x108 (size before relaxing)
 .eh_frame      0x000000000011a628      0x27c binaries/arp.o
                                        0x2bc (size before relaxing)
 .eh_frame      0x000000000011a8a4      0x284 binaries/dhcp.o
                                        0x2b0 (size before relaxing)
 .eh_frame      0x000000000011ab28       0x40 binaries/dot2ip.o
                                         0x58 (size before relaxing)
 .eh_frame      0x000000000011ab68      0x1bc binaries/hexdump.o
                                        0x1e8 (size before relaxing)
 .eh_frame      0x000000000011ad24      0x310 binaries/icmp.o
                                        0x350 (size before relaxing)
 .eh_frame      0x000000000011b034      0x2e8 binaries/ip.o
                                        0x314 (size before relaxing)
 .eh_frame      0x000000000011b31c      0x138 binaries/net.o
                                        0x164 (size before relaxing)
 .eh_frame      0x000000000011b454       0x74 binaries/netstart.o
                                         0xa0 (size before relaxing)
 .eh_frame      0x000000000011b4c8      0x394 binaries/pdump.o
                                        0x3c0 (size before relaxing)
 .eh_frame      0x000000000011b85c      0x260 binaries/tftp.o
                                        0x28c (size before relaxing)
 .eh_frame      0x000000000011babc      0x36c binaries/udp.o
                                        0x3ac (size before relaxing)
 .eh_frame      0x000000000011be28       0x68 binaries/addargs.o
                                         0x94 (size before relaxing)
 .eh_frame      0x000000000011be90       0x40 binaries/lexan.o
                                         0x58 (size before relaxing)
 .eh_frame      0x000000000011bed0      0x24c binaries/shell.o
                                        0x278 (size before relaxing)
 .eh_frame      0x000000000011c11c       0x5c binaries/xsh_argecho.o
                                         0x88 (size before relaxing)
 .eh_frame      0x000000000011c178       0xe0 binaries/xsh_arp.o
                                        0x10c (size before relaxing)
 .eh_frame      0x000000000011c258       0xac binaries/xsh_cat.o
                                         0xd8 (size before relaxing)
 .eh_frame      0x000000000011c304       0x3c binaries/xsh_clear.o
                                         0x68 (size before relaxing)
 .eh_frame      0x000000000011c340      0x108 binaries/xsh_date.o
                                        0x134 (size before relaxing)
 .eh_frame      0x000000000011c448       0x64 binaries/xsh_devdump.o
                                         0x90 (size before relaxing)
 .eh_frame      0x000000000011c4ac       0x5c binaries/xsh_echo.o
                                         0x88 (size before relaxing)
 .eh_frame      0x000000000011c508       0x14 binaries/xsh_exit.o
                                         0x2c (size before relaxing)
 .eh_frame      0x000000000011c51c       0xd4 binaries/xsh_help.o
                                        0x100 (size before relaxing)
 .eh_frame      0x000000000011c5f0      0x194 binaries/xsh_ipaddr.o
                                        0x1c0 (size before relaxing)
 .eh_frame      0x000000000011c784       0xac binaries/xsh_kill.o
                                         0xd8 (size before relaxing)
 .eh_frame      0x000000000011c830      0x130 binaries/xsh_memdump.o
                                        0x15c (size before relaxing)
 .eh_frame      0x000000000011c960       0xbc binaries/xsh_memstat.o
                                         0xe8 (size before relaxing)
 .eh_frame      0x000000000011ca1c      0x10c binaries/xsh_ping.o
                                        0x138 (size before relaxing)
 .eh_frame      0x000000000011cb28       0xd8 binaries/xsh_ps.o
                                        0x104 (size before relaxing)
 .eh_frame      0x000000000011cc00       0xac binaries/xsh_sleep.o
                                         0xd8 (size before relaxing)
 .eh_frame      0x000000000011ccac       0xe8 binaries/xsh_udpdump.o
                                        0x114 (size before relaxing)
 .eh_frame      0x000000000011cd94      0x1b0 binaries/xsh_udpecho.o
                                        0x1dc (size before relaxing)
 .eh_frame      0x000000000011cf44      0x128 binaries/xsh_udpeserver.o
                                        0x154 (size before relaxing)
 .eh_frame      0x000000000011d06c       0xb8 binaries/xsh_uptime.o
                                         0xe4 (size before relaxing)

.iplt           0x000000000011d128        0x0
 .iplt          0x000000000011d128        0x0 binaries/start.o

.rel.dyn        0x000000000011d124        0x0
 .rel.got       0x000000000011d124        0x0 binaries/start.o
 .rel.iplt      0x000000000011d124        0x0 binaries/start.o
 .rel.text      0x000000000011d124        0x0 binaries/start.o

.data           0x000000000011d140      0xec0
                0x000000000011d140                data = ABSOLUTE (.)
 *(.data .data.*)
 .data          0x000000000011d140      0x85a binaries/start.o
                0x000000000011d140                gdt
                0x000000000011d190                idt
                0x000000000011d996                cpudelay
 .data          0x000000000011d99a        0x0 binaries/ascdate.o
 *fill*         0x000000000011d99a        0x6 
 .data.rel.local
                0x000000000011d9a0       0x88 binaries/ascdate.o
                0x000000000011d9a0                Date
 .data          0x000000000011da28        0x0 binaries/bufinit.o
 .data          0x000000000011da28        0x0 binaries/cbreg.o
 .data          0x000000000011da28        0x0 binaries/chprio.o
 .data          0x000000000011da28        0x4 binaries/clkhandler.o
 .data          0x000000000011da2c        0x0 binaries/clkinit.o
 .data          0x000000000011da2c        0x0 binaries/close.o
 .data          0x000000000011da2c        0x0 binaries/conf.o
 *fill*         0x000000000011da2c       0x14 
 .data.rel      0x000000000011da40      0x30c binaries/conf.o
                0x000000000011da40                devtab
 .data          0x000000000011dd4c        0x0 binaries/control.o
 .data          0x000000000011dd4c        0x4 binaries/create.o
 .data          0x000000000011dd50        0x0 binaries/early_imr.o
 .data          0x000000000011dd50        0x0 binaries/evec.o
 *fill*         0x000000000011dd50       0x10 
 .data.rel.local
                0x000000000011dd60       0x40 binaries/evec.o
                0x000000000011dd60                inames
 .data          0x000000000011dda0        0x0 binaries/freebuf.o
 .data          0x000000000011dda0        0x0 binaries/freemem.o
 .data          0x000000000011dda0        0x0 binaries/getbuf.o
 .data          0x000000000011dda0        0x0 binaries/getc.o
 .data          0x000000000011dda0        0x0 binaries/getdev.o
 .data          0x000000000011dda0        0x0 binaries/getitem.o
 .data          0x000000000011dda0        0x0 binaries/getmem.o
 .data          0x000000000011dda0        0x0 binaries/getpid.o
 .data          0x000000000011dda0        0x0 binaries/getprio.o
 .data          0x000000000011dda0        0x0 binaries/getstk.o
 .data          0x000000000011dda0        0x0 binaries/gettime.o
 .data          0x000000000011dda0        0x0 binaries/getutime.o
 .data          0x000000000011dda0        0x0 binaries/init.o
 .data          0x000000000011dda0        0x0 binaries/initialize.o
 .data          0x000000000011dda0        0x0 binaries/insert.o
 .data          0x000000000011dda0        0x0 binaries/insertd.o
 .data          0x000000000011dda0        0x0 binaries/ioerr.o
 .data          0x000000000011dda0        0x0 binaries/ionull.o
 .data          0x000000000011dda0        0x0 binaries/kill.o
 .data          0x000000000011dda0        0x0 binaries/kprintf.o
 .data          0x000000000011dda0        0x0 binaries/main.o
 .data          0x000000000011dda0        0x0 binaries/mark.o
 .data          0x000000000011dda0       0x48 binaries/meminit.o
                0x000000000011dda0                gdt_copy
                0x000000000011dde0                bootinfo
                0x000000000011dde4                bootsign
 .data          0x000000000011dde8        0x0 binaries/mkbufpool.o
 .data          0x000000000011dde8        0x2 binaries/newqueue.o
 .data          0x000000000011ddea        0x0 binaries/open.o
 .data          0x000000000011ddea        0x0 binaries/panic.o
 .data          0x000000000011ddea        0x0 binaries/pci.o
 .data          0x000000000011ddea        0x0 binaries/platinit.o
 .data          0x000000000011ddea        0x0 binaries/ptclear.o
 .data          0x000000000011ddea        0x0 binaries/ptcount.o
 .data          0x000000000011ddea        0x0 binaries/ptcreate.o
 .data          0x000000000011ddea        0x0 binaries/ptdelete.o
 .data          0x000000000011ddea        0x0 binaries/ptinit.o
 .data          0x000000000011ddea        0x0 binaries/ptrecv.o
 .data          0x000000000011ddea        0x0 binaries/ptreset.o
 .data          0x000000000011ddea        0x0 binaries/ptsend.o
 .data          0x000000000011ddea        0x0 binaries/putc.o
 .data          0x000000000011ddea        0x0 binaries/quark_irq.o
 .data          0x000000000011ddea        0x0 binaries/quark_pdat.o
 .data          0x000000000011ddea        0x0 binaries/queue.o
 .data          0x000000000011ddea        0x0 binaries/read.o
 .data          0x000000000011ddea        0x0 binaries/ready.o
 .data          0x000000000011ddea        0x0 binaries/receive.o
 .data          0x000000000011ddea        0x0 binaries/recvclr.o
 .data          0x000000000011ddea        0x0 binaries/recvtime.o
 .data          0x000000000011ddea        0x0 binaries/resched.o
 .data          0x000000000011ddea        0x0 binaries/resume.o
 .data          0x000000000011ddea        0x0 binaries/seek.o
 .data          0x000000000011ddea        0x0 binaries/semcount.o
 .data          0x000000000011ddea        0x0 binaries/semcreate.o
 .data          0x000000000011ddea        0x0 binaries/semdelete.o
 .data          0x000000000011ddea        0x0 binaries/semreset.o
 .data          0x000000000011ddea        0x0 binaries/sendblk.o
 .data          0x000000000011ddea        0x0 binaries/send.o
 .data          0x000000000011ddea        0x0 binaries/signal.o
 .data          0x000000000011ddea        0x0 binaries/signaln.o
 .data          0x000000000011ddea        0x0 binaries/sleep.o
 .data          0x000000000011ddea        0x0 binaries/suspend.o
 .data          0x000000000011ddea        0x0 binaries/unsleep.o
 .data          0x000000000011ddea        0x0 binaries/userret.o
 .data          0x000000000011ddea        0x0 binaries/wait.o
 .data          0x000000000011ddea        0x0 binaries/wakeup.o
 .data          0x000000000011ddea        0x0 binaries/write.o
 .data          0x000000000011ddea        0x0 binaries/xdone.o
 .data          0x000000000011ddea        0x0 binaries/yield.o
 .data          0x000000000011ddea        0x0 binaries/abs.o
 .data          0x000000000011ddea        0x0 binaries/atoi.o
 .data          0x000000000011ddea        0x0 binaries/atol.o
 .data          0x000000000011ddea        0x0 binaries/bzero.o
 .data          0x000000000011ddea        0x0 binaries/ctype_.o
 .data          0x000000000011ddea        0x0 binaries/doprnt.o
 *fill*         0x000000000011ddea       0x16 
 .data          0x000000000011de00       0x80 binaries/doscan.o
                0x000000000011de00                _sctab
 .data          0x000000000011de80        0x0 binaries/fdoprnt.o
 .data          0x000000000011de80        0x0 binaries/fgetc.o
 .data          0x000000000011de80        0x0 binaries/fgets.o
 .data          0x000000000011de80        0x0 binaries/fprintf.o
 .data          0x000000000011de80        0x0 binaries/fputc.o
 .data          0x000000000011de80        0x0 binaries/fputs.o
 .data          0x000000000011de80        0x0 binaries/fscanf.o
 .data          0x000000000011de80        0x0 binaries/getchar.o
 .data          0x000000000011de80        0x0 binaries/labs.o
 .data          0x000000000011de80        0x0 binaries/memchr.o
 .data          0x000000000011de80        0x0 binaries/memcmp.o
 .data          0x000000000011de80        0x0 binaries/memcpy.o
 .data          0x000000000011de80        0x0 binaries/memset.o
 .data          0x000000000011de80        0x0 binaries/printf.o
 .data          0x000000000011de80        0x0 binaries/putchar.o
 .data          0x000000000011de80        0x0 binaries/qsort.o
 .data          0x000000000011de80        0x4 binaries/rand.o
 .data          0x000000000011de84        0x0 binaries/sprintf.o
 .data          0x000000000011de84        0x0 binaries/sscanf.o
 .data          0x000000000011de84        0x0 binaries/strchr.o
 .data          0x000000000011de84        0x0 binaries/strcmp.o
 .data          0x000000000011de84        0x0 binaries/strcpy.o
 .data          0x000000000011de84        0x0 binaries/strlen.o
 .data          0x000000000011de84        0x0 binaries/strncat.o
 .data          0x000000000011de84        0x0 binaries/strncmp.o
 .data          0x000000000011de84        0x0 binaries/strncpy.o
 .data          0x000000000011de84        0x0 binaries/strnlen.o
 .data          0x000000000011de84        0x0 binaries/strrchr.o
 .data          0x000000000011de84        0x0 binaries/strstr.o
 .data          0x000000000011de84        0x0 binaries/ttycontrol.o
 .data          0x000000000011de84        0x0 binaries/ttygetc.o
 .data          0x000000000011de84        0x0 binaries/ttyhandle_in.o
 .data          0x000000000011de84        0x0 binaries/ttyhandle_out.o
 .data          0x000000000011de84        0x0 binaries/ttyhandler.o
 .data          0x000000000011de84        0x0 binaries/ttyinit.o
 .data          0x000000000011de84        0x0 binaries/ttykickout.o
 .data          0x000000000011de84        0x0 binaries/ttyputc.o
 .data          0x000000000011de84        0x0 binaries/ttyread.o
 .data          0x000000000011de84        0x0 binaries/ttywrite.o
 .data          0x000000000011de84        0x0 binaries/mount.o
 .data          0x000000000011de84        0x0 binaries/naminit.o
 .data          0x000000000011de84        0x0 binaries/nammap.o
 .data          0x000000000011de84        0x0 binaries/namopen.o
 .data          0x000000000011de84        0x0 binaries/colon2mac.o
 .data          0x000000000011de84        0x0 binaries/ethcontrol.o
 .data          0x000000000011de84        0x0 binaries/ethhandler.o
 .data          0x000000000011de84        0x0 binaries/ethinit.o
 .data          0x000000000011de84        0x0 binaries/ethmcast.o
 .data          0x000000000011de84        0x0 binaries/ethread.o
 .data          0x000000000011de84        0x0 binaries/ethwrite.o
 .data          0x000000000011de84        0x0 binaries/rdsbufalloc.o
 .data          0x000000000011de84        0x0 binaries/rdsclose.o
 .data          0x000000000011de84        0x0 binaries/rdscomm.o
 .data          0x000000000011de84        0x0 binaries/rdscontrol.o
 .data          0x000000000011de84        0x0 binaries/rdsinit.o
 .data          0x000000000011de84        0x0 binaries/rdsopen.o
 .data          0x000000000011de84        0x0 binaries/rdsprocess.o
 .data          0x000000000011de84        0x0 binaries/rdsread.o
 .data          0x000000000011de84        0x0 binaries/rdswrite.o
 .data          0x000000000011de84        0x0 binaries/ramclose.o
 .data          0x000000000011de84        0x0 binaries/raminit.o
 .data          0x000000000011de84        0x0 binaries/ramopen.o
 .data          0x000000000011de84        0x0 binaries/ramread.o
 .data          0x000000000011de84        0x0 binaries/ramwrite.o
 .data          0x000000000011de84        0x0 binaries/lfdballoc.o
 .data          0x000000000011de84        0x0 binaries/lfdbfree.o
 .data          0x000000000011de84        0x0 binaries/lfflush.o
 .data          0x000000000011de84        0x0 binaries/lfgetmode.o
 .data          0x000000000011de84        0x0 binaries/lfiballoc.o
 .data          0x000000000011de84        0x0 binaries/lfibclear.o
 .data          0x000000000011de84        0x0 binaries/lfibget.o
 .data          0x000000000011de84        0x0 binaries/lfibput.o
 .data          0x000000000011de84        0x0 binaries/lflclose.o
 .data          0x000000000011de84        0x0 binaries/lflcontrol.o
 .data          0x000000000011de84        0x0 binaries/lflgetc.o
 .data          0x000000000011de84        0x0 binaries/lflinit.o
 .data          0x000000000011de84        0x0 binaries/lflputc.o
 .data          0x000000000011de84        0x0 binaries/lflread.o
 .data          0x000000000011de84        0x0 binaries/lflseek.o
 .data          0x000000000011de84        0x0 binaries/lflwrite.o
 .data          0x000000000011de84        0x0 binaries/lfsckfmt.o
 .data          0x000000000011de84        0x0 binaries/lfscreate.o
 .data          0x000000000011de84        0x0 binaries/lfsetup.o
 .data          0x000000000011de84        0x0 binaries/lfsinit.o
 .data          0x000000000011de84        0x0 binaries/lfsopen.o
 .data          0x000000000011de84        0x0 binaries/lftruncate.o
 .data          0x000000000011de84        0x0 binaries/rflclose.o
 .data          0x000000000011de84        0x0 binaries/rflgetc.o
 .data          0x000000000011de84        0x0 binaries/rflinit.o
 .data          0x000000000011de84        0x0 binaries/rflputc.o
 .data          0x000000000011de84        0x0 binaries/rflread.o
 .data          0x000000000011de84        0x0 binaries/rflseek.o
 .data          0x000000000011de84        0x0 binaries/rflwrite.o
 .data          0x000000000011de84        0x0 binaries/rfscomm.o
 .data          0x000000000011de84        0x0 binaries/rfscontrol.o
 .data          0x000000000011de84        0x0 binaries/rfsgetmode.o
 .data          0x000000000011de84        0x0 binaries/rfsinit.o
 .data          0x000000000011de84        0x0 binaries/rfsndmsg.o
 .data          0x000000000011de84        0x0 binaries/rfsopen.o
 .data          0x000000000011de84        0x0 binaries/arp.o
 .data          0x000000000011de84        0x0 binaries/dhcp.o
 .data          0x000000000011de84        0x0 binaries/dot2ip.o
 .data          0x000000000011de84        0x0 binaries/hexdump.o
 .data          0x000000000011de84        0x4 binaries/icmp.o
 .data          0x000000000011de88        0x0 binaries/ip.o
 .data          0x000000000011de88        0x0 binaries/net.o
 .data          0x000000000011de88        0x0 binaries/netstart.o
 .data          0x000000000011de88        0x0 binaries/pdump.o
 .data          0x000000000011de88        0x0 binaries/tftp.o
 .data          0x000000000011de88        0x4 binaries/udp.o
 .data          0x000000000011de8c        0x0 binaries/addargs.o
 .data          0x000000000011de8c        0x0 binaries/lexan.o
 .data          0x000000000011de8c        0x4 binaries/shell.o
                0x000000000011de8c                ncmd
 *fill*         0x000000000011de90       0x10 
 .data.rel.ro   0x000000000011dea0       0xfc binaries/shell.o
                0x000000000011dea0                cmdtab