
Allocating common symbols
Common symbol       size              file

netbufpool          0x4               binaries/net.o
readylist           0x2               binaries/ready.o
rfltab              0x5a0             binaries/rflinit.o
sleepq              0x2               binaries/clkinit.o
nnames              0x4               binaries/naminit.o
udptab              0x168             binaries/udp.o
minheap             0x4               binaries/meminit.o
marks               0x50              binaries/mark.o
currpid             0x4               binaries/initialize.o
Lf_data             0x20c             binaries/lfsinit.o
porttab             0x2d0             binaries/ptinit.o
girmask             0x2               binaries/evec.o
ttytab              0x10c             binaries/ttyinit.o
proctab             0x1a90            binaries/initialize.o
prcount             0x4               binaries/initialize.o
lfltab              0xf00             binaries/lflinit.o
rdstab              0x8c              binaries/rdsinit.o
ethertab            0x138             binaries/ethinit.o
NetData             0xa8              binaries/net.o
nmarks              0x4               binaries/mark.o
Defer               0x8               binaries/resched.o
semtab              0x4b0             binaries/initialize.o
maxheap             0x4               binaries/meminit.o
preempt             0x4               binaries/clkinit.o
buftab              0xf0              binaries/bufinit.o
Rf_data             0x18              binaries/rfsinit.o
mkmutex             0x4               binaries/mark.o
clktime             0x4               binaries/clkinit.o
arpcache            0x140             binaries/arp.o
icmptab             0x230             binaries/icmp.o
nbpools             0x4               binaries/bufinit.o
queuetab            0xca0             binaries/queue.o
initial_active      0x64              binaries/main.o
ptnextid            0x4               binaries/ptinit.o
Ram                 0x19000           binaries/raminit.o
ipoqueue            0x2c              binaries/ip.o
memlist             0x8               binaries/initialize.o
nametab             0x19a0            binaries/naminit.o
ptfree              0x4               binaries/ptinit.o

Discarded input sections

 .group         0x0000000000000000        0x8 binaries/ascdate.o
 .group         0x0000000000000000        0x8 binaries/bufinit.o
 .group         0x0000000000000000        0x8 binaries/chprio.o
 .text.__x86.get_pc_thunk.bx
                0x0000000000000000        0x4 binaries/chprio.o
 .group         0x0000000000000000        0x8 binaries/clkhandler.o
 .text.__x86.get_pc_thunk.bx
                0x0000000000000000        0x4 binaries/clkhandler.o
 .group         0x0000000000000000        0x8 binaries/clkinit.o
 .text.__x86.get_pc_thunk.bx
                0x0000000000000000        0x4 binaries/clkinit.o
 .group         0x0000000000000000        0x8 binaries/close.o
 .text.__x86.get_pc_thunk.bx
                0x0000000000000000        0x4 binaries/close.o
 .group         0x0000000000000000        0x8 binaries/control.o
 .text.__x86.get_pc_thunk.bx
                0x0000000000000000        0x4 binaries/control.o
 .group         0x0000000000000000        0x8 binaries/create.o
 .text.__x86.get_pc_thunk.bx
                0x0000000000000000        0x4 binaries/create.o
 .group         0x0000000000000000        0x8 binaries/early_imr.o
 .text.__x86.get_pc_thunk.bx
                0x0000000000000000        0x4 binaries/early_imr.o
 .group         0x0000000000000000        0x8 binaries/evec.o
 .text.__x86.get_pc_thunk.bx
                0x0000000000000000        0x4 binaries/evec.o
 .group         0x0000000000000000        0x8 binaries/freebuf.o
 .text.__x86.get_pc_thunk.bx
                0x0000000000000000        0x4 binaries/freebuf.o
 .group         0x0000000000000000        0x8 binaries/freemem.o
 .text.__x86.get_pc_thunk.bx
                0x0000000000000000        0x4 binaries/freemem.o
 .group         0x0000000000000000        0x8 binaries/freemem_r.o
 .text.__x86.get_pc_thunk.bx
                0x0000000000000000        0x4 binaries/freemem_r.o
 .group         0x0000000000000000        0x8 binaries/getbuf.o
 .text.__x86.get_pc_thunk.bx
                0x0000000000000000        0x4 binaries/getbuf.o
 .group         0x0000000000000000        0x8 binaries/getc.o
 .text.__x86.get_pc_thunk.bx
                0x0000000000000000        0x4 binaries/getc.o
 .group         0x0000000000000000        0x8 binaries/getdev.o
 .text.__x86.get_pc_thunk.bx
                0x0000000000000000        0x4 binaries/getdev.o
 .group         0x0000000000000000        0x8 binaries/getitem.o
 .group         0x0000000000000000        0x8 binaries/getitem.o
 .text.__x86.get_pc_thunk.ax
                0x0000000000000000        0x4 binaries/getitem.o
 .group         0x0000000000000000        0x8 binaries/getmem.o
 .text.__x86.get_pc_thunk.bx
[...]
Memory Configuration

Name             Origin             Length             Attributes
*default*        0x0000000000000000 0xffffffffffffffff

Linker script and memory map

                0x0000000000100000                physbase = 0x100000
                0x0000000000100000                . = physbase
                0x0000000000100000                . = ALIGN (0x1000)

.text           0x0000000000100000    0x16000
                0x0000000000100000                text = ABSOLUTE (.)
 *(.text .text.*)
 .text          0x0000000000100000      0x1a8 binaries/start.o
                0x0000000000100024                start
                0x00000000001000f6                inb
                0x00000000001000fe                inw
                0x0000000000100107                inl
                0x000000000010010f                outb
                0x0000000000100119                outw
                0x0000000000100124                outl
                0x000000000010012e                _rtcin
                0x0000000000100139                ___udivsi3
                0x0000000000100144                ___divsi3
                0x0000000000100150                sbzero
                0x0000000000100160                bcopy
                0x0000000000100174                insw
                0x000000000010018a                outsw
                0x00000000001001a0                lidt
 .text          0x00000000001001a8      0x2e5 binaries/ascdate.o
                0x00000000001001a8                ascdate
 .text.__x86.get_pc_thunk.bx
                0x000000000010048d        0x4 binaries/ascdate.o
                0x000000000010048d                __x86.get_pc_thunk.bx
 .text          0x0000000000100491       0x1c binaries/bufinit.o
                0x0000000000100491                bufinit
 .text.__x86.get_pc_thunk.ax
                0x00000000001004ad        0x4 binaries/bufinit.o
                0x00000000001004ad                __x86.get_pc_thunk.ax
 .text          0x00000000001004b1       0x7d binaries/chprio.o
                0x00000000001004b1                chprio
 .text          0x000000000010052e       0x8f binaries/clkhandler.o
                0x000000000010052e                clkhandler
 .text          0x00000000001005bd       0x6e binaries/clkinit.o
                0x00000000001005bd                clkinit
 .text          0x000000000010062b       0x5c binaries/close.o
                0x000000000010062b                close
 .text          0x0000000000100687        0x0 binaries/conf.o
 .text          0x0000000000100687       0x65 binaries/control.o
                0x0000000000100687                control
 .text          0x00000000001006ec      0x23b binaries/create.o
                0x00000000001006ec                create
 .text          0x0000000000100927      0x23b binaries/early_imr.o
                0x0000000000100927                intel_cln_early_sb_read_reg
                0x000000000010098e                intel_cln_early_sb_write_reg
                0x0000000000100a4d                remove_irm_protections
 .text          0x0000000000100b62      0x36f binaries/evec.o
                0x0000000000100b62                setirmask
                0x0000000000100bb3                set_evec
                0x0000000000100c27                initevec
                0x0000000000100d08                trap
 .text          0x0000000000100ed1       0x91 binaries/freebuf.o
                0x0000000000100ed1                freebuf
 .text          0x0000000000100f62      0x123 binaries/freemem.o
                0x0000000000100f62                freemem
 .text          0x0000000000101085      0x1ec binaries/freemem_r.o
                0x0000000000101085                freemem_r
 .text          0x0000000000101271       0x75 binaries/getbuf.o
                0x0000000000101271                getbuf
 .text          0x00000000001012e6       0x5c binaries/getc.o
                0x00000000001012e6                getc
 .text          0x0000000000101342       0x79 binaries/getdev.o
                0x0000000000101342                getdev
 .text          0x00000000001013bb       0x96 binaries/getitem.o
                0x00000000001013bb                getitem
                0x00000000001013ee                getfirst
                0x000000000010141e                getlast
 .text.__x86.get_pc_thunk.dx
                0x0000000000101451        0x4 binaries/getitem.o
                0x0000000000101451                __x86.get_pc_thunk.dx
 .text          0x0000000000101455       0xce binaries/getmem.o
                0x0000000000101455                getmem
 .text          0x0000000000101523      0x188 binaries/getmem_r.o
                0x0000000000101523                getmem_r
 .text          0x00000000001016ab       0x13 binaries/getpid.o
                0x00000000001016ab                getpid
 .text          0x00000000001016be       0x70 binaries/getprio.o
                0x00000000001016be                getprio
 .text          0x000000000010172e       0xc0 binaries/getstk.o
                0x000000000010172e                getstk
 .text          0x00000000001017ee       0x41 binaries/gettime.o
                0x00000000001017ee                gettime
 .text          0x000000000010182f      0x1d7 binaries/getutime.o
                0x000000000010182f                getutime
 .text          0x0000000000101a06       0x5c binaries/init.o
                0x0000000000101a06                init
 .text          0x0000000000101a62      0x286 binaries/initialize.o
                0x0000000000101a62                nulluser
                0x0000000000101c93                stop
                0x0000000000101cc5                delay
 .text          0x0000000000101ce8       0x99 binaries/insert.o
                0x0000000000101ce8                insert
 .text.__x86.get_pc_thunk.di
                0x0000000000101d81        0x4 binaries/insert.o
                0x0000000000101d81                __x86.get_pc_thunk.di
 .text          0x0000000000101d85       0xf8 binaries/insertd.o
                0x0000000000101d85                insertd
 .text          0x0000000000101e7d        0x6 binaries/ioerr.o
                0x0000000000101e7d                ioerr
 .text          0x0000000000101e83        0x6 binaries/ionull.o
                0x0000000000101e83                ionull
 .text          0x0000000000101e89      0x1d6 binaries/kill.o
                0x0000000000101e89                kill
 .text          0x000000000010205f       0xe2 binaries/kprintf.o
                0x000000000010205f                kputc
                0x000000000010209d                console_init
                0x00000000001020e1                kgetc
                0x0000000000102110                kprintf
 .text          0x0000000000102141      0x3bf binaries/main.o
                0x0000000000102141                test0
                0x00000000001022d6                dispatch_test
                0x0000000000102310                run_test
                0x000000000010243c                main
 .text          0x0000000000102500       0xb3 binaries/mark.o
                0x0000000000102500                markinit
                0x000000000010252f                mark
 .text          0x00000000001025b3      0x22c binaries/meminit.o
                0x00000000001025b3                meminit
                0x0000000000102759                setsegs
 .text          0x00000000001027df      0x14a binaries/mkbufpool.o
                0x00000000001027df                mkbufpool
 .text          0x0000000000102929       0x5e binaries/newqueue.o
                0x0000000000102929                newqueue
 .text.__x86.get_pc_thunk.cx
                0x0000000000102987        0x4 binaries/newqueue.o
                0x0000000000102987                __x86.get_pc_thunk.cx
 .text          0x000000000010298b       0x64 binaries/open.o
                0x000000000010298b                open
 .text          0x00000000001029ef       0x2c binaries/panic.o
                0x00000000001029ef                panic
 .text          0x0000000000102a1b      0x280 binaries/pci.o
                0x0000000000102a1b                pci_init
                0x0000000000102a21                find_pci_device
                0x0000000000102ae3                pci_read_config_byte
                0x0000000000102b20                pci_read_config_word
                0x0000000000102b5f                pci_read_config_dword
                0x0000000000102b9c                pci_write_config_byte
                0x0000000000102bd7                pci_write_config_word
                0x0000000000102c13                pci_write_config_dword
                0x0000000000102c4e                pci_get_dev_mmio_base_addr
 .text          0x0000000000102c9b       0x68 binaries/platinit.o
                0x0000000000102c9b                platinit
 .text          0x0000000000102d03       0xab binaries/ptclear.o
                0x0000000000102d03                _ptclear
 .text          0x0000000000102dae       0x9f binaries/ptcount.o
                0x0000000000102dae                ptcount
 .text          0x0000000000102e4d       0xf4 binaries/ptcreate.o
                0x0000000000102e4d                ptcreate
 .text          0x0000000000102f41       0x70 binaries/ptdelete.o
                0x0000000000102f41                ptdelete
 .text          0x0000000000102fb1       0xa0 binaries/ptinit.o
                0x0000000000102fb1                ptinit
 .text          0x0000000000103051      0x123 binaries/ptrecv.o
                0x0000000000103051                ptrecv
 .text          0x0000000000103174       0x68 binaries/ptreset.o
                0x0000000000103174                ptreset
 .text          0x00000000001031dc      0x15c binaries/ptsend.o
                0x00000000001031dc                ptsend
 .text          0x0000000000103338       0x6e binaries/putc.o
                0x0000000000103338                putc
 .text          0x00000000001033a6       0xc3 binaries/quark_irq.o
                0x00000000001033a6                quark_irq_routing
 .text          0x0000000000103469      0x1bb binaries/quark_pdat.o
                0x0000000000103469                get_quark_pdat_entry_data_by_id
                0x0000000000103542                get_quark_pdat_entry_data_by_desc
 .text          0x0000000000103624       0xc7 binaries/queue.o
                0x0000000000103624                enqueue
                0x0000000000103690                dequeue
 .text          0x00000000001036eb       0x64 binaries/read.o
                0x00000000001036eb                read
 .text          0x000000000010374f       0x7b binaries/ready.o
                0x000000000010374f                ready
 .text          0x00000000001037ca       0x7d binaries/receive.o
                0x00000000001037ca                receive
 .text          0x0000000000103847       0x63 binaries/recvclr.o
                0x0000000000103847                recvclr
 .text          0x00000000001038aa       0xcd binaries/recvtime.o
                0x00000000001038aa                recvtime
 .text          0x0000000000103977      0x179 binaries/resched.o
                0x0000000000103977                resched
                0x0000000000103a63                resched_cntl
 .text          0x0000000000103af0       0x97 binaries/resume.o
                0x0000000000103af0                resume
 .text          0x0000000000103b87       0x77 binaries/r_mem_allocated.o
                0x0000000000103b87                r_mem_allocated
 .text          0x0000000000103bfe       0x60 binaries/seek.o
                0x0000000000103bfe                seek
 .text          0x0000000000103c5e       0x65 binaries/semcount.o
                0x0000000000103c5e                semcount
 .text          0x0000000000103cc3       0xb5 binaries/semcreate.o
                0x0000000000103cc3                semcreate
 .text          0x0000000000103d78       0xe0 binaries/semdelete.o
                0x0000000000103d78                semdelete
 .text          0x0000000000103e58       0xc0 binaries/semreset.o
                0x0000000000103e58                semreset
 .text          0x0000000000103f18       0xd1 binaries/send.o
                0x0000000000103f18                send
 .text          0x0000000000103fe9       0xa9 binaries/signal.o
                0x0000000000103fe9                signal
 .text          0x0000000000104092       0xe9 binaries/signaln.o
                0x0000000000104092                signaln
 .text          0x000000000010417b       0xd8 binaries/sleep.o
                0x000000000010417b                sleepms
                0x000000000010421d                sleep
 .text          0x0000000000104253       0xd2 binaries/suspend.o
                0x0000000000104253                suspend
 .text          0x0000000000104325       0xa0 binaries/unsleep.o
                0x0000000000104325                unsleep
 .text          0x00000000001043c5       0x22 binaries/userret.o
                0x00000000001043c5                userret
 .text          0x00000000001043e7       0xc7 binaries/wait.o
                0x00000000001043e7                wait
 .text          0x00000000001044ae       0x88 binaries/wakeup.o
                0x00000000001044ae                wakeup
 .text          0x0000000000104536       0x64 binaries/write.o
                0x0000000000104536                write
 .text          0x000000000010459a       0x25 binaries/xdone.o
                0x000000000010459a                xdone
 .text          0x00000000001045bf       0x30 binaries/yield.o
                0x00000000001045bf                yield
 .text          0x00000000001045ef        0xe binaries/abs.o
                0x00000000001045ef                abs
 .text          0x00000000001045fd       0x60 binaries/atoi.o
                0x00000000001045fd                atoi
 .text          0x000000000010465d       0x60 binaries/atol.o
                0x000000000010465d                atol
 .text          0x00000000001046bd       0x18 binaries/bzero.o
                0x00000000001046bd                bzero
 .text          0x00000000001046d5        0x0 binaries/ctype_.o
 .text          0x00000000001046d5      0x83f binaries/doprnt.o
                0x000000000010484b                _doprnt
 .text.__x86.get_pc_thunk.si
                0x0000000000104f14        0x4 binaries/doprnt.o
                0x0000000000104f14                __x86.get_pc_thunk.si
 .text          0x0000000000104f18      0x776 binaries/doscan.o
                0x0000000000104f18                _doscan
 .text          0x000000000010568e      0x7a9 binaries/fdoprnt.o
                0x0000000000105714                _fdoprnt
 .text          0x0000000000105e37       0x2b binaries/fgetc.o
                0x0000000000105e37                fgetc
 .text          0x0000000000105e62       0x68 binaries/fgets.o
                0x0000000000105e62                fgets
 .text          0x0000000000105eca       0x31 binaries/fprintf.o
                0x0000000000105eca                fprintf
 .text          0x0000000000105efb       0x36 binaries/fputc.o
                0x0000000000105efb                fputc
 .text          0x0000000000105f31       0x45 binaries/fputs.o
                0x0000000000105f31                fputs
 .text          0x0000000000105f76       0x88 binaries/fscanf.o
                0x0000000000105fbd                fscanf
 .text          0x0000000000105ffe       0x36 binaries/getchar.o
                0x0000000000105ffe                getchar
 .text          0x0000000000106034        0xe binaries/labs.o
                0x0000000000106034                labs
 .text          0x0000000000106042       0x34 binaries/memchr.o
                0x0000000000106042                memchr
 .text          0x0000000000106076       0x47 binaries/memcmp.o
                0x0000000000106076                memcmp
 .text          0x00000000001060bd       0x25 binaries/memcpy.o
                0x00000000001060bd                memcpy
 .text          0x00000000001060e2       0x1e binaries/memset.o
                0x00000000001060e2                memset
 .text          0x0000000000106100       0x4a binaries/printf.o
                0x0000000000106100                printf
 .text          0x000000000010614a       0x3a binaries/putchar.o
                0x000000000010614a                putchar
 .text          0x0000000000106184      0x22b binaries/qsort.o
                0x0000000000106377                qsort
 .text.__x86.get_pc_thunk.bp
                0x00000000001063af        0x4 binaries/qsort.o
                0x00000000001063af                __x86.get_pc_thunk.bp
 .text          0x00000000001063b3       0x3e binaries/rand.o
                0x00000000001063b3                srand
                0x00000000001063c8                rand
 .text          0x00000000001063f1       0x58 binaries/sprintf.o
                0x0000000000106408                sprintf
 .text          0x0000000000106449       0x68 binaries/sscanf.o
                0x0000000000106472                sscanf
 .text          0x00000000001064b1       0x2f binaries/strchr.o
                0x00000000001064b1                strchr
 .text          0x00000000001064e0       0x41 binaries/strcmp.o
                0x00000000001064e0                strcmp
 .text          0x0000000000106521       0x1a binaries/strcpy.o
                0x0000000000106521                strcpy
 .text          0x000000000010653b       0x1c binaries/strlen.o
                0x000000000010653b                strlen
 .text          0x0000000000106557       0x3a binaries/strncat.o
                0x0000000000106557                strncat
 .text          0x0000000000106591       0x36 binaries/strncmp.o
                0x0000000000106591                strncmp
 .text          0x00000000001065c7       0x57 binaries/strncpy.o
                0x00000000001065c7                strncpy
 .text          0x000000000010661e       0x2e binaries/strnlen.o
                0x000000000010661e                strnlen
 .text          0x000000000010664c       0x34 binaries/strrchr.o
                0x000000000010664c                strrchr
 .text          0x0000000000106680       0x75 binaries/strstr.o
                0x0000000000106680                strstr
 .text          0x00000000001066f5      0x164 binaries/ttycontrol.o
                0x00000000001066f5                ttycontrol
 .text          0x0000000000106859       0xda binaries/ttygetc.o
                0x0000000000106859                ttygetc
 .text          0x0000000000106933      0x4f5 binaries/ttyhandle_in.o
                0x00000000001069f3                ttyhandle_in
 .text          0x0000000000106e28      0x181 binaries/ttyhandle_out.o
                0x0000000000106e28                ttyhandle_out
 .text          0x0000000000106fa9       0x93 binaries/ttyhandler.o
                0x0000000000106fa9                ttyhandler
 .text          0x000000000010703c      0x17a binaries/ttyinit.o
                0x000000000010703c                ttyinit
 .text          0x00000000001071b6        0xc binaries/ttykickout.o
                0x00000000001071b6                ttykickout
 .text          0x00000000001071c2       0xf0 binaries/ttyputc.o
                0x00000000001071c2                ttyputc
 .text          0x00000000001072b2      0x143 binaries/ttyread.o
                0x00000000001072b2                ttyread
 .text          0x00000000001073f5       0x59 binaries/ttywrite.o
                0x00000000001073f5                ttywrite
 .text          0x000000000010744e      0x152 binaries/mount.o
                0x000000000010744e                namlen
                0x0000000000107484                mount
 .text          0x00000000001075a0      0x1f2 binaries/naminit.o
                0x00000000001075a0                naminit
 .text          0x0000000000107792      0x231 binaries/nammap.o
                0x0000000000107792                namrepl
                0x00000000001078cf                namcpy
                0x000000000010791a                nammap
 .text          0x00000000001079c3       0x5b binaries/namopen.o
                0x00000000001079c3                namopen
 .text          0x0000000000107a1e       0xfc binaries/colon2mac.o
                0x0000000000107a1e                colon2mac
 .text          0x0000000000107b1a       0x8d binaries/ethcontrol.o
                0x0000000000107b1a                ethcontrol
 .text          0x0000000000107ba7      0x1bc binaries/ethhandler.o
                0x0000000000107ba7                ethhandler
 .text          0x0000000000107d63      0x573 binaries/ethinit.o
                0x0000000000107d63                eth_phy_read
                0x0000000000107d9e                eth_phy_write
                0x0000000000107ddc                eth_phy_reset
                0x0000000000107eb1                ethinit
 .text          0x00000000001082d6      0x10d binaries/ethmcast.o
                0x00000000001082d6                ethmcast_add
                0x000000000010832a                ethmcast_remove
 .text          0x00000000001083e3      0x1d8 binaries/ethread.o
                0x00000000001083e3                ethread
 .text          0x00000000001085bb       0xdf binaries/ethwrite.o
                0x00000000001085bb                ethwrite
 .text          0x000000000010869a       0x73 binaries/rdsbufalloc.o
                0x000000000010869a                rdsbufalloc
 .text          0x000000000010870d       0xb7 binaries/rdsclose.o
                0x000000000010870d                rdsclose
 .text          0x00000000001087c4      0x22d binaries/rdscomm.o
                0x00000000001087c4                rdscomm
 .text          0x00000000001089f1      0x1d8 binaries/rdscontrol.o
                0x00000000001089f1                rdscontrol
 .text          0x0000000000108bc9      0x201 binaries/rdsinit.o
                0x0000000000108bc9                rdsinit
 .text          0x0000000000108dca      0x1a4 binaries/rdsopen.o
                0x0000000000108dca                rdsopen
 .text          0x0000000000108f6e      0x2e5 binaries/rdsprocess.o
                0x0000000000108f6e                rdsprocess
 .text          0x0000000000109253      0x209 binaries/rdsread.o
                0x0000000000109253                rdsread
 .text          0x000000000010945c      0x1b3 binaries/rdswrite.o
                0x000000000010945c                rdswrite
 .text          0x000000000010960f        0x6 binaries/ramclose.o
                0x000000000010960f                ramclose
 .text          0x0000000000109615       0x42 binaries/raminit.o
                0x0000000000109615                raminit
 .text          0x0000000000109657        0x7 binaries/ramopen.o
                0x0000000000109657                ramopen
 .text          0x000000000010965e       0x35 binaries/ramread.o
                0x000000000010965e                ramread
 .text          0x0000000000109693       0x35 binaries/ramwrite.o
                0x0000000000109693                ramwrite
 .text          0x00000000001096c8       0xa3 binaries/lfdballoc.o
                0x00000000001096c8                lfdballoc
 .text          0x000000000010976b       0x5c binaries/lfdbfree.o
                0x000000000010976b                lfdbfree
 .text          0x00000000001097c7       0xb5 binaries/lfflush.o
                0x00000000001097c7                lfflush
 .text          0x000000000010987c       0x74 binaries/lfgetmode.o
                0x000000000010987c                lfgetmode
 .text          0x00000000001098f0       0x70 binaries/lfiballoc.o
                0x00000000001098f0                lfiballoc
 .text          0x0000000000109960       0x25 binaries/lfibclear.o
                0x0000000000109960                lfibclear
 .text          0x0000000000109985       0x8f binaries/lfibget.o
                0x0000000000109985                lfibget
 .text          0x0000000000109a14       0xa8 binaries/lfibput.o
                0x0000000000109a14                lfibput
 .text          0x0000000000109abc       0xc1 binaries/lflclose.o
                0x0000000000109abc                lflclose
 .text          0x0000000000109b7d       0xdb binaries/lflcontrol.o
                0x0000000000109b7d                lflcontrol
 .text          0x0000000000109c58      0x118 binaries/lflgetc.o
                0x0000000000109c58                lflgetc
 .text          0x0000000000109d70       0xf6 binaries/lflinit.o
                0x0000000000109d70                lflinit
 .text          0x0000000000109e66      0x150 binaries/lflputc.o
                0x0000000000109e66                lflputc
 .text          0x0000000000109fb6       0x77 binaries/lflread.o
                0x0000000000109fb6                lflread
 .text          0x000000000010a02d       0xda binaries/lflseek.o
                0x000000000010a02d                lflseek
 .text          0x000000000010a107       0x65 binaries/lflwrite.o
                0x000000000010a107                lflwrite
 .text          0x000000000010a16c      0x14f binaries/lfsckfmt.o
                0x000000000010a16c                lfsckfmt
 .text          0x000000000010a2bb      0x1d3 binaries/lfscreate.o
                0x000000000010a2bb                lfscreate
 .text          0x000000000010a48e      0x1f7 binaries/lfsetup.o
                0x000000000010a48e                lfsetup
 .text          0x000000000010a685       0x52 binaries/lfsinit.o
                0x000000000010a685                lfsinit
 .text          0x000000000010a6d7      0x33f binaries/lfsopen.o
                0x000000000010a6d7                lfsopen
 .text          0x000000000010aa16      0x151 binaries/lftruncate.o
                0x000000000010aa16                lftruncate
 .text          0x000000000010ab67       0x83 binaries/rflclose.o
                0x000000000010ab67                rflclose
 .text          0x000000000010abea       0x38 binaries/rflgetc.o
                0x000000000010abea                rflgetc
 .text          0x000000000010ac22       0x80 binaries/rflinit.o
                0x000000000010ac22                rflinit
 .text          0x000000000010aca2       0x3b binaries/rflputc.o
                0x000000000010aca2                rflputc
 .text          0x000000000010acdd      0x33b binaries/rflread.o
                0x000000000010acdd                rflread
 .text          0x000000000010b018       0x87 binaries/rflseek.o
                0x000000000010b018                rflseek
 .text          0x000000000010b09f      0x360 binaries/rflwrite.o
                0x000000000010b09f                rflwrite
 .text          0x000000000010b3ff      0x1a6 binaries/rfscomm.o
                0x000000000010b3ff                rfscomm
 .text          0x000000000010b5a5      0x27f binaries/rfscontrol.o
                0x000000000010b5a5                rfscontrol
 .text          0x000000000010b824       0x74 binaries/rfsgetmode.o
                0x000000000010b824                rfsgetmode
 .text          0x000000000010b898       0x98 binaries/rfsinit.o
                0x000000000010b898                rfsinit
 .text          0x000000000010b930       0xca binaries/rfsndmsg.o
                0x000000000010b930                rfsndmsg
 .text          0x000000000010b9fa      0x286 binaries/rfsopen.o
                0x000000000010b9fa                rfsopen
 .text          0x000000000010bc80      0x6c0 binaries/arp.o
                0x000000000010bc80                arp_init
                0x000000000010bca7                arp_alloc
                0x000000000010bd58                arp_ntoh
                0x000000000010bdc2                arp_hton
                0x000000000010be2c                arp_resolve
                0x000000000010c0d1                arp_in
 .text          0x000000000010c340      0x5ea binaries/dhcp.o
                0x000000000010c340                dhcp_get_opt_val
                0x000000000010c391                dhcp_bld_bootp_msg
                0x000000000010c46f                dhcp_bld_disc
                0x000000000010c4bf                dhcp_bld_req
                0x000000000010c565                getlocalip
 .text          0x000000000010c92a       0xc6 binaries/dot2ip.o
                0x000000000010c92a                dot2ip
 .text          0x000000000010c9f0      0x3cf binaries/hexdump.o
                0x000000000010c9f0                hexdump
                0x000000000010cb82                hexadump
 .text          0x000000000010cdbf      0x778 binaries/icmp.o
                0x000000000010cdbf                icmp_init
                0x000000000010cde3                icmp_register
                0x000000000010ce97                icmp_recv
                0x000000000010d052                icmp_mkpkt
                0x000000000010d149                icmp_in
                0x000000000010d2ef                icmp_send
                0x000000000010d372                icmp_release
                0x000000000010d4b5                icmp_cksum
                0x000000000010d50f                icmp_hton
                0x000000000010d523                icmp_ntoh
 .text          0x000000000010d537      0x648 binaries/ip.o
                0x000000000010d537                ip_local
                0x000000000010d584                ipcksum
                0x000000000010d5d2                ip_ntoh
                0x000000000010d63c                ip_in
                0x000000000010d785                ip_hton
                0x000000000010d7ef                ip_out
                0x000000000010d8af                ip_send
                0x000000000010d9d9                ipout
                0x000000000010dadc                ip_enqueue
 .text          0x000000000010db7f      0x1cc binaries/net.o
                0x000000000010db7f                net_init
                0x000000000010dc8d                eth_hton
                0x000000000010dc97                eth_ntoh
                0x000000000010dca1                netin
 .text          0x000000000010dd4b       0xd9 binaries/netstart.o
                0x000000000010dd4b                netstart
 .text          0x000000000010de24      0xae9 binaries/pdump.o
                0x000000000010de24                pdump
                0x000000000010e461                pdumph
 .text          0x000000000010e90d      0x5ff binaries/tftp.o
                0x000000000010e90d                tftp_send1
                0x000000000010ea2f                tftpget_mb
                0x000000000010eee5                tftpget
 .text          0x000000000010ef0c      0xa9c binaries/udp.o
                0x000000000010ef0c                udp_init
                0x000000000010ef4f                udp_in
                0x000000000010f06b                udp_register
                0x000000000010f186                udp_recv
                0x000000000010f32b                udp_recvaddr
                0x000000000010f4e4                udp_send
                0x000000000010f6b1                udp_sendto
                0x000000000010f83d                udp_release
                0x000000000010f980                udp_ntoh
                0x000000000010f994                udp_hton
 .text          0x000000000010f9a8      0x13a binaries/addargs.o
                0x000000000010f9a8                addargs
 .text          0x000000000010fae2      0x234 binaries/lexan.o
                0x000000000010fae2                lexan
 .text          0x000000000010fd16      0x643 binaries/shell.o
                0x000000000010fd16                shell
 .text          0x0000000000110359       0x6e binaries/xsh_argecho.o
                0x0000000000110359                xsh_argecho
 .text          0x00000000001103c7      0x244 binaries/xsh_arp.o
                0x00000000001103c7                xsh_arp
 .text          0x000000000011060b      0x265 binaries/xsh_cat.o
                0x000000000011060b                xsh_cat
 .text          0x0000000000110870       0x6e binaries/xsh_clear.o
                0x0000000000110870                xsh_clear
 .text          0x00000000001108de      0x2c1 binaries/xsh_date.o
                0x00000000001108de                xsh_date
 .text          0x0000000000110b9f       0xa8 binaries/xsh_devdump.o
                0x0000000000110b9f                xsh_devdump
 .text          0x0000000000110c47       0x77 binaries/xsh_echo.o
                0x0000000000110c47                xsh_echo
 .text          0x0000000000110cbe        0x6 binaries/xsh_exit.o
                0x0000000000110cbe                xsh_exit
 .text          0x0000000000110cc4      0x380 binaries/xsh_help.o
                0x0000000000110cc4                xsh_help
 .text          0x0000000000111044      0x38a binaries/xsh_ipaddr.o
                0x0000000000111044                xsh_ipaddr
 .text          0x00000000001113ce      0x204 binaries/xsh_kill.o
                0x00000000001113ce                xsh_kill
 .text          0x00000000001115d2      0x43c binaries/xsh_memdump.o
                0x000000000011167c                xsh_memdump
 .text          0x0000000000111a0e      0x223 binaries/xsh_memstat.o
                0x0000000000111a0e                xsh_memstat
 .text          0x0000000000111c31      0x319 binaries/xsh_ping.o
                0x0000000000111c31                xsh_ping
 .text          0x0000000000111f4a      0x1d8 binaries/xsh_ps.o
                0x0000000000111f4a                xsh_ps
 .text          0x0000000000112122      0x1df binaries/xsh_sleep.o
                0x0000000000112122                xsh_sleep
 .text          0x0000000000112301      0x219 binaries/xsh_udpdump.o
                0x0000000000112301                xsh_udpdump
 .text          0x000000000011251a      0x477 binaries/xsh_udpecho.o
                0x000000000011251a                xsh_udpecho
 .text          0x0000000000112991      0x2ac binaries/xsh_udpeserver.o
                0x0000000000112991                xsh_udpeserver
 .text          0x0000000000112c3d      0x1f4 binaries/xsh_uptime.o
                0x0000000000112c3d                xsh_uptime
 .text          0x0000000000112e31        0xe binaries/clkdisp.o
                0x0000000000112e31                clkdisp
 .text          0x0000000000112e3f       0x19 binaries/ctxsw.o
                0x0000000000112e3f                ctxsw
 .text          0x0000000000112e58      0x368 binaries/intr.o
                0x0000000000112e58                disable
                0x0000000000112e61                restore
                0x0000000000112e6f                enable
                0x0000000000112e71                pause
                0x0000000000112e78                halt
                0x0000000000112e7b                spurious_irq7
                0x0000000000112e80                spurious_irq15
                0x0000000000112e8f                _Xint0
                0x0000000000112e9a                _Xint1
                0x0000000000112ea5                _Xint2
                0x0000000000112eb0                _Xint3
                0x0000000000112ebb                _Xint4
                0x0000000000112ec6                _Xint5
                0x0000000000112ed1                _Xint6
                0x0000000000112edc                _Xint7
                0x0000000000112ee7                _Xint8
                0x0000000000112ef2                _Xint9
                0x0000000000112efd                _Xint10
                0x0000000000112f08                _Xint11
                0x0000000000112f16                _Xint12
                0x0000000000112f24                _Xint13
                0x0000000000112f32                _Xint14
                0x0000000000112f40                _Xint15
                0x0000000000112f4e                _Xint16
                0x0000000000112f5c                _Xint17
                0x0000000000112f6a                _Xint18
                0x0000000000112f78                _Xint19
                0x0000000000112f86                _Xint20
                0x0000000000112f94                _Xint21
                0x0000000000112fa2                _Xint22
                0x0000000000112fb0                _Xint23
                0x0000000000112fbe                _Xint24
                0x0000000000112fcc                _Xint25
                0x0000000000112fda                _Xint26
                0x0000000000112fe8                _Xint27
                0x0000000000112ff6                _Xint28
                0x0000000000113004                _Xint29
                0x0000000000113012                _Xint30
                0x0000000000113020                _Xint31
                0x000000000011302e                _Xint32
                0x000000000011303c                _Xint33
                0x000000000011304a                _Xint34
                0x0000000000113058                _Xint35
                0x0000000000113066                _Xint36
                0x0000000000113074                _Xint37
                0x0000000000113082                _Xint38
                0x0000000000113090                _Xint39
                0x000000000011309e                _Xint40
                0x00000000001130ac                _Xint41
                0x00000000001130ba                _Xint42
                0x00000000001130c8                _Xint43
                0x00000000001130d6                _Xint44
                0x00000000001130e4                _Xint45
                0x00000000001130f2                _Xint46
                0x0000000000113100                defevec
 .text          0x00000000001131c0        0xf binaries/ttydispatch.o
                0x00000000001131c0                ttydispatch
 .text          0x00000000001131cf       0x13 binaries/ethdispatch.o
                0x00000000001131cf                ethdispatch
 *(.rodata .rodata.*)
 .rodata.str1.1
                0x00000000001131e2       0x54 binaries/ascdate.o
 *fill*         0x0000000000113236        0x2 
 .rodata.str1.4
                0x0000000000113238       0x22 binaries/ascdate.o
 .rodata.str1.1
                0x000000000011325a       0x5f binaries/conf.o
 *fill*         0x00000000001132b9        0x3 
 .rodata.str1.4
                0x00000000001132bc       0x4f binaries/early_imr.o
 *fill*         0x000000000011330b        0x1 
 .rodata        0x000000000011330c       0x33 binaries/early_imr.o
 .rodata.str1.1
                0x000000000011333f      0x20c binaries/evec.o
 *fill*         0x000000000011354b        0x1 
 .rodata.str1.4
                0x000000000011354c       0x23 binaries/evec.o
 .rodata.str1.1
                0x000000000011356f        0xb binaries/getutime.o
 *fill*         0x000000000011357a        0x2 
 .rodata.str1.4
                0x000000000011357c       0x54 binaries/getutime.o
 .rodata.str1.1
                0x00000000001135d0       0x63 binaries/initialize.o
                                         0x67 (size before relaxing)
 *fill*         0x0000000000113633        0x1 
 .rodata.str1.4
                0x0000000000113634       0xd4 binaries/initialize.o
 .rodata        0x0000000000113708       0x20 binaries/kill.o
 .rodata.str1.1
                0x0000000000113728       0x8f binaries/main.o
 *fill*         0x00000000001137b7        0x1 
 .rodata.str1.4
                0x00000000001137b8       0x6e binaries/main.o
 *fill*         0x0000000000113826        0x2 
 .rodata.str1.4
                0x0000000000113828       0x23 binaries/meminit.o
 .rodata.str1.1
                0x000000000011384b       0x1b binaries/meminit.o
 .rodata.str1.1
                0x0000000000113866        0xf binaries/panic.o
 .rodata.str1.1
                0x0000000000113875       0x1c binaries/ptinit.o
 *fill*         0x0000000000113891        0x3 
 .rodata.str1.4
                0x0000000000113894       0x25 binaries/ptsend.o
 .rodata.str1.1
                0x00000000001138b9       0x22 binaries/quark_pdat.o
 *fill*         0x00000000001138db        0x1 
 .rodata.str1.4
                0x00000000001138dc       0x27 binaries/xdone.o
 *fill*         0x0000000000113903       0x1d 
 .rodata        0x0000000000113920       0x81 binaries/ctype_.o
                0x0000000000113920                _ctype_
 .rodata.str1.1
                0x00000000001139a1       0x29 binaries/doprnt.o
 *fill*         0x00000000001139ca        0x2 
 .rodata        0x00000000001139cc       0xc4 binaries/doprnt.o
 .rodata        0x0000000000113a90       0x98 binaries/doscan.o
 .rodata.str1.1
                0x0000000000113b28       0x29 binaries/fdoprnt.o
 .rodata        0x0000000000113b28       0x84 binaries/fdoprnt.o
 .rodata        0x0000000000113bac       0x20 binaries/ttycontrol.o
 .rodata.str1.4
                0x0000000000113bcc       0x4c binaries/naminit.o
 .rodata.str1.1
                0x0000000000113c18       0x32 binaries/naminit.o
                                         0x35 (size before relaxing)
 .rodata.str1.1
                0x0000000000113c4a       0x15 binaries/ethinit.o
 *fill*         0x0000000000113c5f        0x1 
 .rodata.str1.4
                0x0000000000113c60       0x2e binaries/ethinit.o
 *fill*         0x0000000000113c8e        0x2 
 .rodata.str1.4
                0x0000000000113c90       0x2c binaries/rdsbufalloc.o
 .rodata.str1.4
                0x0000000000113cbc       0x76 binaries/rdscomm.o
 *fill*         0x0000000000113d32        0x2 
 .rodata.str1.4
                0x0000000000113d34       0x48 binaries/rdscontrol.o
 .rodata.str1.4
                0x0000000000113d7c       0x7e binaries/rdsinit.o
 .rodata.str1.1
                0x0000000000113dfa       0x18 binaries/rdsinit.o
 *fill*         0x0000000000113e12        0x2 
 .rodata.str1.4
                0x0000000000113e14       0x22 binaries/rdsopen.o
 *fill*         0x0000000000113e36        0x2 
 .rodata.str1.4
                0x0000000000113e38       0x4d binaries/rdsprocess.o
 .rodata.str1.1
                0x0000000000113e85        0x9 binaries/raminit.o
 .rodata.str1.1
                0x0000000000113e8e       0x13 binaries/lfdballoc.o
 *fill*         0x0000000000113ea1        0x3 
 .rodata.str1.4
                0x0000000000113ea4       0x23 binaries/lfdballoc.o
 .rodata.str1.1
                0x0000000000113ec7       0x14 binaries/lfiballoc.o
 *fill*         0x0000000000113edb        0x1 
 .rodata.str1.4
                0x0000000000113edc       0x23 binaries/lflcontrol.o
 .rodata.str1.1
                0x0000000000113eff       0x64 binaries/lfsckfmt.o
 *fill*         0x0000000000113f63        0x1 
 .rodata.str1.4
                0x0000000000113f64       0x51 binaries/lfsckfmt.o
 *fill*         0x0000000000113fb5        0x3 
 .rodata.str1.4
                0x0000000000113fb8       0x21 binaries/rflread.o
 .rodata.str1.4
                0x0000000000113fd9       0x21 binaries/rflwrite.o
 *fill*         0x0000000000113fd9        0x3 
 .rodata.str1.4
                0x0000000000113fdc       0x75 binaries/rfscomm.o
 *fill*         0x0000000000114051        0x3 
 .rodata.str1.4
                0x0000000000114054       0x23 binaries/rfscontrol.o
 *fill*         0x0000000000114077        0x1 
 .rodata        0x0000000000114078       0x18 binaries/rfscontrol.o
 .rodata.str1.1
                0x0000000000114090       0x10 binaries/rfsinit.o
 .rodata.str1.4
                0x0000000000114090       0x57 binaries/rfsinit.o
 *fill*         0x00000000001140e7        0x1 
 .rodata.str1.4
                0x00000000001140e8       0x2a binaries/rfsndmsg.o
 .rodata.str1.4
                0x0000000000114112       0x22 binaries/rfsopen.o
 .rodata.str1.1
                0x0000000000114112       0x19 binaries/arp.o
 *fill*         0x000000000011412b        0x1 
 .rodata.str1.4
                0x000000000011412c       0x21 binaries/arp.o
 *fill*         0x000000000011414d        0x3 
 .rodata.str1.4
                0x0000000000114150       0xa6 binaries/dhcp.o
 .rodata.str1.1
                0x00000000001141f6       0x4a binaries/dhcp.o
 .rodata.str1.1
                0x0000000000114240       0x5a binaries/hexdump.o
                                         0x61 (size before relaxing)
 *fill*         0x000000000011429a        0x2 
 .rodata.str1.4
                0x000000000011429c       0x67 binaries/hexdump.o
 *fill*         0x0000000000114303        0x1 
 .rodata.str1.4
                0x0000000000114304       0x29 binaries/icmp.o
 .rodata.str1.1
                0x000000000011432d       0x4e binaries/ip.o
 *fill*         0x000000000011437b        0x1 
 .rodata.str1.4
                0x000000000011437c       0x20 binaries/ip.o
 .rodata.str1.4
                0x000000000011439c       0x28 binaries/net.o
 .rodata.str1.1
                0x00000000001143c4       0x27 binaries/net.o
 *fill*         0x00000000001143eb        0x1 
 .rodata.str1.4
                0x00000000001143ec       0xcf binaries/netstart.o
 .rodata.str1.1
                0x00000000001144bb      0x141 binaries/pdump.o
                                        0x14b (size before relaxing)
 .rodata.str1.4
                0x00000000001145fc      0x126 binaries/pdump.o
 *fill*         0x0000000000114722        0x2 
 .rodata.str1.4
                0x0000000000114724      0x148 binaries/tftp.o
 .rodata.str1.1
                0x000000000011486c        0x6 binaries/tftp.o
                                          0xa (size before relaxing)
 .rodata.str1.1
                0x0000000000114872       0xe3 binaries/shell.o
                                         0xff (size before relaxing)
 *fill*         0x0000000000114955        0x3 
 .rodata.str1.4
                0x0000000000114958      0x1c4 binaries/shell.o
 .rodata.str1.1
                0x0000000000114b1c       0x26 binaries/xsh_argecho.o
                                         0x28 (size before relaxing)
 .rodata.str1.1
                0x0000000000114b42       0x70 binaries/xsh_arp.o
                                         0x72 (size before relaxing)
 *fill*         0x0000000000114bb2        0x2 
 .rodata.str1.4
                0x0000000000114bb4       0xb4 binaries/xsh_arp.o
 .rodata.str1.1
                0x0000000000114c68       0x2d binaries/xsh_cat.o
                                         0x4f (size before relaxing)
 *fill*         0x0000000000114c95        0x3 
 .rodata.str1.4
                0x0000000000114c98       0x52 binaries/xsh_cat.o
                                         0x79 (size before relaxing)
 .rodata.str1.1
                0x0000000000114cea       0x15 binaries/xsh_clear.o
 .rodata.str1.1
                0x0000000000114cff       0x46 binaries/xsh_date.o
                                         0x5f (size before relaxing)
 *fill*         0x0000000000114d45        0x3 
 .rodata.str1.4
                0x0000000000114d48      0x163 binaries/xsh_date.o
 .rodata.str1.1
                0x0000000000114eab       0x5d binaries/xsh_devdump.o
 .rodata.str1.1
                0x0000000000114f08        0x4 binaries/xsh_echo.o
                                          0x9 (size before relaxing)
 .rodata.str1.1
                0x0000000000114f0c       0x65 binaries/xsh_help.o
                                         0xa3 (size before relaxing)
 *fill*         0x0000000000114f71        0x3 
 .rodata.str1.4
                0x0000000000114f74       0x7c binaries/xsh_help.o
                                         0xc6 (size before relaxing)
 .rodata.str1.1
                0x0000000000114ff0       0x9c binaries/xsh_ipaddr.o
                                         0xf8 (size before relaxing)
 .rodata.str1.4
                0x000000000011508c       0x4d binaries/xsh_ipaddr.o
                                         0x99 (size before relaxing)
 .rodata.str1.1
                0x00000000001150d9       0x78 binaries/xsh_kill.o
                                         0x97 (size before relaxing)
 *fill*         0x0000000000115151        0x3 
 .rodata.str1.4
                0x0000000000115154       0x4a binaries/xsh_kill.o
                                         0x96 (size before relaxing)
 .rodata.str1.1
                0x000000000011519e       0x84 binaries/xsh_memdump.o
                                         0xa8 (size before relaxing)
 *fill*         0x0000000000115222        0x2 
 .rodata.str1.4
                0x0000000000115224      0x15a binaries/xsh_memdump.o
                                        0x1aa (size before relaxing)
 .rodata.str1.1
                0x000000000011537e       0x40 binaries/xsh_memstat.o
                                         0x79 (size before relaxing)
 *fill*         0x00000000001153be        0x2 
 .rodata.str1.4
                0x00000000001153c0      0x187 binaries/xsh_memstat.o
                                        0x1af (size before relaxing)
 .rodata.str1.1
                0x0000000000115547       0x90 binaries/xsh_ping.o
                                         0xaf (size before relaxing)
 *fill*         0x00000000001155d7        0x1 
 .rodata.str1.4
                0x00000000001155d8       0x77 binaries/xsh_ping.o
                                         0xc6 (size before relaxing)
 .rodata.str1.1
                0x000000000011564f       0x74 binaries/xsh_ps.o
                                         0xd5 (size before relaxing)
 *fill*         0x00000000001156c3        0x1 
 .rodata.str1.4
                0x00000000001156c4       0x80 binaries/xsh_ps.o
                                         0xd0 (size before relaxing)
 .rodata.str1.1
                0x0000000000115744       0x31 binaries/xsh_sleep.o
                                         0x72 (size before relaxing)
 *fill*         0x0000000000115775        0x3 
 .rodata.str1.4
                0x0000000000115778       0x2a binaries/xsh_sleep.o
                                         0x7a (size before relaxing)
 .rodata.str1.1
                0x00000000001157a2       0x6b binaries/xsh_udpdump.o
                                         0xd2 (size before relaxing)
 *fill*         0x000000000011580d        0x3 
 .rodata.str1.4
                0x0000000000115810       0x94 binaries/xsh_udpdump.o
                                         0xe4 (size before relaxing)
 .rodata.str1.1
                0x00000000001158a4       0xdb binaries/xsh_udpecho.o
                                         0xfa (size before relaxing)
 *fill*         0x000000000011597f        0x1 
 .rodata.str1.4
                0x0000000000115980       0xc7 binaries/xsh_udpecho.o
                                        0x116 (size before relaxing)
 .rodata.str1.1
                0x0000000000115a47       0x66 binaries/xsh_udpeserver.o
                                         0x8f (size before relaxing)
 *fill*         0x0000000000115aad        0x3 
 .rodata.str1.4
                0x0000000000115ab0       0x29 binaries/xsh_udpeserver.o
                                         0x9f (size before relaxing)
 .rodata.str1.1
                0x0000000000115ad9       0x49 binaries/xsh_uptime.o
                                         0x8c (size before relaxing)
 *fill*         0x0000000000115b22        0x2 
 .rodata.str1.4
                0x0000000000115b24       0x28 binaries/xsh_uptime.o
                                         0x76 (size before relaxing)
                0x0000000000115b4c                etext = ABSOLUTE (.)
                0x0000000000116000                . = ALIGN (0x1000)
 *fill*         0x0000000000115b4c      0x4b4 

.eh_frame       0x0000000000116000     0x71c8
 .eh_frame      0x0000000000116000       0x98 binaries/ascdate.o
 .eh_frame      0x0000000000116098       0x28 binaries/bufinit.o
                                         0x40 (size before relaxing)
 .eh_frame      0x00000000001160c0       0x54 binaries/chprio.o
                                         0x80 (size before relaxing)
 .eh_frame      0x0000000000116114       0x24 binaries/clkhandler.o
                                         0x50 (size before relaxing)
 .eh_frame      0x0000000000116138       0x44 binaries/clkinit.o
                                         0x70 (size before relaxing)
 .eh_frame      0x000000000011617c       0x44 binaries/close.o
                                         0x70 (size before relaxing)
 .eh_frame      0x00000000001161c0       0x48 binaries/control.o
                                         0x74 (size before relaxing)
 .eh_frame      0x0000000000116208       0x5c binaries/create.o
                                         0x88 (size before relaxing)
 .eh_frame      0x0000000000116264      0x164 binaries/early_imr.o
                                        0x190 (size before relaxing)
 .eh_frame      0x00000000001163c8      0x1f8 binaries/evec.o
                                        0x224 (size before relaxing)
 .eh_frame      0x00000000001165c0       0x58 binaries/freebuf.o
                                         0x84 (size before relaxing)
 .eh_frame      0x0000000000116618       0x5c binaries/freemem.o
                                         0x88 (size before relaxing)
 .eh_frame      0x0000000000116674       0x5c binaries/freemem_r.o
                                         0x88 (size before relaxing)
 .eh_frame      0x00000000001166d0       0x50 binaries/getbuf.o
                                         0x7c (size before relaxing)
 .eh_frame      0x0000000000116720       0x44 binaries/getc.o
                                         0x70 (size before relaxing)
 .eh_frame      0x0000000000116764       0x60 binaries/getdev.o
                                         0x8c (size before relaxing)
 .eh_frame      0x00000000001167c4       0x68 binaries/getitem.o
                                         0x94 (size before relaxing)
 .eh_frame      0x000000000011682c       0x54 binaries/getmem.o
                                         0x80 (size before relaxing)
 .eh_frame      0x0000000000116880       0x68 binaries/getmem_r.o
                                         0x94 (size before relaxing)
 .eh_frame      0x00000000001168e8       0x14 binaries/getpid.o
                                         0x40 (size before relaxing)
 .eh_frame      0x00000000001168fc       0x40 binaries/getprio.o
                                         0x6c (size before relaxing)
 .eh_frame      0x000000000011693c       0x5c binaries/getstk.o
                                         0x88 (size before relaxing)
 .eh_frame      0x0000000000116998       0x2c binaries/gettime.o
                                         0x58 (size before relaxing)
 .eh_frame      0x00000000001169c4       0x98 binaries/getutime.o
                                         0xc4 (size before relaxing)
 .eh_frame      0x0000000000116a5c       0x44 binaries/init.o
                                         0x70 (size before relaxing)
 .eh_frame      0x0000000000116aa0       0xe0 binaries/initialize.o
                                        0x10c (size before relaxing)
 .eh_frame      0x0000000000116b80       0x44 binaries/insert.o
                                         0x5c (size before relaxing)
 .eh_frame      0x0000000000116bc4       0x40 binaries/insertd.o
                                         0x6c (size before relaxing)
 .eh_frame      0x0000000000116c04       0x14 binaries/ioerr.o
                                         0x2c (size before relaxing)
 .eh_frame      0x0000000000116c18       0x14 binaries/ionull.o
                                         0x2c (size before relaxing)
 .eh_frame      0x0000000000116c2c       0x84 binaries/kill.o
                                         0xb0 (size before relaxing)
 .eh_frame      0x0000000000116cb0       0x90 binaries/kprintf.o
                                         0xd0 (size before relaxing)
 .eh_frame      0x0000000000116d40      0x1c0 binaries/main.o
                                        0x1ec (size before relaxing)
 .eh_frame      0x0000000000116f00       0x64 binaries/mark.o
                                         0x90 (size before relaxing)
 .eh_frame      0x0000000000116f64       0x80 binaries/meminit.o
                                         0xac (size before relaxing)
 .eh_frame      0x0000000000116fe4       0x78 binaries/mkbufpool.o
                                         0xa4 (size before relaxing)
 .eh_frame      0x000000000011705c       0x30 binaries/newqueue.o
                                         0x48 (size before relaxing)
 .eh_frame      0x000000000011708c       0x48 binaries/open.o
                                         0x74 (size before relaxing)
 .eh_frame      0x00000000001170d4       0x28 binaries/panic.o
                                         0x54 (size before relaxing)
 .eh_frame      0x00000000001170fc       0xf4 binaries/pci.o
                                        0x10c (size before relaxing)
 .eh_frame      0x00000000001171f0       0x40 binaries/platinit.o
                                         0x6c (size before relaxing)
 .eh_frame      0x0000000000117230       0x6c binaries/ptclear.o
                                         0x98 (size before relaxing)
 .eh_frame      0x000000000011729c       0x64 binaries/ptcount.o
                                         0x90 (size before relaxing)
 .eh_frame      0x0000000000117300       0x60 binaries/ptcreate.o
                                         0x8c (size before relaxing)
 .eh_frame      0x0000000000117360       0x48 binaries/ptdelete.o
                                         0x74 (size before relaxing)
 .eh_frame      0x00000000001173a8       0x44 binaries/ptinit.o
                                         0x70 (size before relaxing)
 .eh_frame      0x00000000001173ec       0x64 binaries/ptrecv.o
                                         0x90 (size before relaxing)
 .eh_frame      0x0000000000117450       0x48 binaries/ptreset.o
                                         0x74 (size before relaxing)
 .eh_frame      0x0000000000117498       0x70 binaries/ptsend.o
                                         0x9c (size before relaxing)
 .eh_frame      0x0000000000117508       0x54 binaries/putc.o
                                         0x80 (size before relaxing)
 .eh_frame      0x000000000011755c       0x6c binaries/quark_irq.o
                                         0x98 (size before relaxing)
 .eh_frame      0x00000000001175c8       0xe8 binaries/quark_pdat.o
                                        0x114 (size before relaxing)
 .eh_frame      0x00000000001176b0       0x4c binaries/queue.o
                                         0x78 (size before relaxing)
 .eh_frame      0x00000000001176fc       0x48 binaries/read.o
                                         0x74 (size before relaxing)
 .eh_frame      0x0000000000117744       0x34 binaries/ready.o
                                         0x60 (size before relaxing)
 .eh_frame      0x0000000000117778       0x50 binaries/receive.o
                                         0x7c (size before relaxing)
 .eh_frame      0x00000000001177c8       0x38 binaries/recvclr.o
                                         0x64 (size before relaxing)
 .eh_frame      0x0000000000117800       0x60 binaries/recvtime.o
                                         0x8c (size before relaxing)
 .eh_frame      0x0000000000117860       0x78 binaries/resched.o
                                         0xb8 (size before relaxing)
 .eh_frame      0x00000000001178d8       0x5c binaries/resume.o
                                         0x88 (size before relaxing)
 .eh_frame      0x0000000000117934       0x40 binaries/r_mem_allocated.o
                                         0x6c (size before relaxing)
 .eh_frame      0x0000000000117974       0x44 binaries/seek.o
                                         0x70 (size before relaxing)
 .eh_frame      0x00000000001179b8       0x40 binaries/semcount.o
                                         0x6c (size before relaxing)
 .eh_frame      0x00000000001179f8       0x54 binaries/semcreate.o
                                         0x80 (size before relaxing)
 .eh_frame      0x0000000000117a4c       0x6c binaries/semdelete.o
                                         0x98 (size before relaxing)
 .eh_frame      0x0000000000117ab8       0x6c binaries/semreset.o
                                         0x98 (size before relaxing)
 .eh_frame      0x0000000000117b24       0x60 binaries/send.o
                                         0x8c (size before relaxing)
 .eh_frame      0x0000000000117b84       0x54 binaries/signal.o
                                         0x80 (size before relaxing)
 .eh_frame      0x0000000000117bd8       0x70 binaries/signaln.o
                                         0x9c (size before relaxing)
 .eh_frame      0x0000000000117c48       0x80 binaries/sleep.o
                                         0xac (size before relaxing)
 .eh_frame      0x0000000000117cc8       0x54 binaries/suspend.o
                                         0x80 (size before relaxing)
 .eh_frame      0x0000000000117d1c       0x4c binaries/unsleep.o
                                         0x78 (size before relaxing)
 .eh_frame      0x0000000000117d68       0x28 binaries/userret.o
                                         0x54 (size before relaxing)
 .eh_frame      0x0000000000117d90       0x58 binaries/wait.o
                                         0x84 (size before relaxing)
 .eh_frame      0x0000000000117de8       0x48 binaries/wakeup.o
                                         0x74 (size before relaxing)
 .eh_frame      0x0000000000117e30       0x48 binaries/write.o
                                         0x74 (size before relaxing)
 .eh_frame      0x0000000000117e78       0x24 binaries/xdone.o
                                         0x50 (size before relaxing)
 .eh_frame      0x0000000000117e9c       0x30 binaries/yield.o
                                         0x5c (size before relaxing)
 .eh_frame      0x0000000000117ecc       0x14 binaries/abs.o
                                         0x2c (size before relaxing)
 .eh_frame      0x0000000000117ee0       0x28 binaries/atoi.o
                                         0x40 (size before relaxing)
 .eh_frame      0x0000000000117f08       0x28 binaries/atol.o
                                         0x40 (size before relaxing)
 .eh_frame      0x0000000000117f30       0x14 binaries/bzero.o
                                         0x2c (size before relaxing)
 .eh_frame      0x0000000000117f44      0x174 binaries/doprnt.o
                                        0x1a0 (size before relaxing)
 .eh_frame      0x00000000001180b8      0x108 binaries/doscan.o
                                        0x134 (size before relaxing)
 .eh_frame      0x00000000001181c0      0x114 binaries/fdoprnt.o
                                        0x140 (size before relaxing)
 .eh_frame      0x00000000001182d4       0x2c binaries/fgetc.o
                                         0x58 (size before relaxing)
 .eh_frame      0x0000000000118300       0x48 binaries/fgets.o
                                         0x74 (size before relaxing)
 .eh_frame      0x0000000000118348       0x2c binaries/fprintf.o
                                         0x58 (size before relaxing)
 .eh_frame      0x0000000000118374       0x2c binaries/fputc.o
                                         0x58 (size before relaxing)
 .eh_frame      0x00000000001183a0       0x3c binaries/fputs.o
                                         0x68 (size before relaxing)
 .eh_frame      0x00000000001183dc       0x7c binaries/fscanf.o
                                         0xa8 (size before relaxing)
 .eh_frame      0x0000000000118458       0x24 binaries/getchar.o
                                         0x50 (size before relaxing)
 .eh_frame      0x000000000011847c       0x14 binaries/labs.o
                                         0x2c (size before relaxing)
 .eh_frame      0x0000000000118490       0x14 binaries/memchr.o
                                         0x2c (size before relaxing)
 .eh_frame      0x00000000001184a4       0x28 binaries/memcmp.o
                                         0x40 (size before relaxing)
 .eh_frame      0x00000000001184cc       0x24 binaries/memcpy.o
                                         0x3c (size before relaxing)
 .eh_frame      0x00000000001184f0       0x1c binaries/memset.o
                                         0x34 (size before relaxing)
 .eh_frame      0x000000000011850c       0x2c binaries/printf.o
                                         0x58 (size before relaxing)
 .eh_frame      0x0000000000118538       0x28 binaries/putchar.o
                                         0x54 (size before relaxing)
 .eh_frame      0x0000000000118560       0xdc binaries/qsort.o
                                        0x11c (size before relaxing)
 .eh_frame      0x000000000011863c       0x28 binaries/rand.o
                                         0x68 (size before relaxing)
 .eh_frame      0x0000000000118664       0x54 binaries/sprintf.o
                                         0x80 (size before relaxing)
 .eh_frame      0x00000000001186b8       0x5c binaries/sscanf.o
                                         0x88 (size before relaxing)
 .eh_frame      0x0000000000118714       0x20 binaries/strchr.o
                                         0x38 (size before relaxing)
 .eh_frame      0x0000000000118734       0x20 binaries/strcmp.o
                                         0x38 (size before relaxing)
 .eh_frame      0x0000000000118754       0x14 binaries/strcpy.o
                                         0x2c (size before relaxing)
 .eh_frame      0x0000000000118768       0x14 binaries/strlen.o
                                         0x2c (size before relaxing)
 .eh_frame      0x000000000011877c       0x2c binaries/strncat.o
                                         0x44 (size before relaxing)
 .eh_frame      0x00000000001187a8       0x1c binaries/strncmp.o
                                         0x34 (size before relaxing)
 .eh_frame      0x00000000001187c4       0x30 binaries/strncpy.o
                                         0x48 (size before relaxing)
 .eh_frame      0x00000000001187f4       0x14 binaries/strnlen.o
                                         0x2c (size before relaxing)
 .eh_frame      0x0000000000118808       0x20 binaries/strrchr.o
                                         0x38 (size before relaxing)
 .eh_frame      0x0000000000118828       0x3c binaries/strstr.o
                                         0x54 (size before relaxing)
 .eh_frame      0x0000000000118864       0x58 binaries/ttycontrol.o
                                         0x84 (size before relaxing)
 .eh_frame      0x00000000001188bc       0x44 binaries/ttygetc.o
                                         0x70 (size before relaxing)
 .eh_frame      0x0000000000118900       0xe0 binaries/ttyhandle_in.o
                                        0x10c (size before relaxing)
 .eh_frame      0x00000000001189e0       0x68 binaries/ttyhandle_out.o
                                         0x94 (size before relaxing)
 .eh_frame      0x0000000000118a48       0x5c binaries/ttyhandler.o
                                         0x88 (size before relaxing)
 .eh_frame      0x0000000000118aa4       0x4c binaries/ttyinit.o
                                         0x78 (size before relaxing)
 .eh_frame      0x0000000000118af0       0x14 binaries/ttykickout.o
                                         0x2c (size before relaxing)
 .eh_frame      0x0000000000118b04       0x64 binaries/ttyputc.o
                                         0x90 (size before relaxing)
 .eh_frame      0x0000000000118b68       0x64 binaries/ttyread.o
                                         0x90 (size before relaxing)
 .eh_frame      0x0000000000118bcc       0x4c binaries/ttywrite.o
                                         0x78 (size before relaxing)
 .eh_frame      0x0000000000118c18       0x7c binaries/mount.o
                                         0xa8 (size before relaxing)
 .eh_frame      0x0000000000118c94       0xe4 binaries/naminit.o
                                        0x110 (size before relaxing)
 .eh_frame      0x0000000000118d78       0xf0 binaries/nammap.o
                                        0x130 (size before relaxing)
 .eh_frame      0x0000000000118e68       0x48 binaries/namopen.o
                                         0x74 (size before relaxing)
 .eh_frame      0x0000000000118eb0       0x3c binaries/colon2mac.o
                                         0x68 (size before relaxing)
 .eh_frame      0x0000000000118eec       0x4c binaries/ethcontrol.o
                                         0x78 (size before relaxing)
 .eh_frame      0x0000000000118f38       0x58 binaries/ethhandler.o
                                         0x84 (size before relaxing)
 .eh_frame      0x0000000000118f90      0x154 binaries/ethinit.o
                                        0x180 (size before relaxing)
 .eh_frame      0x00000000001190e4       0xa8 binaries/ethmcast.o
                                         0xd4 (size before relaxing)
 .eh_frame      0x000000000011918c       0x80 binaries/ethread.o
                                         0xac (size before relaxing)
 .eh_frame      0x000000000011920c       0x48 binaries/ethwrite.o
                                         0x74 (size before relaxing)
 .eh_frame      0x0000000000119254       0x3c binaries/rdsbufalloc.o
                                         0x68 (size before relaxing)
 .eh_frame      0x0000000000119290       0x3c binaries/rdsclose.o
                                         0x68 (size before relaxing)
 .eh_frame      0x00000000001192cc       0x90 binaries/rdscomm.o
                                         0xbc (size before relaxing)
 .eh_frame      0x000000000011935c       0xb4 binaries/rdscontrol.o
                                         0xe0 (size before relaxing)
 .eh_frame      0x0000000000119410       0x9c binaries/rdsinit.o
                                         0xc8 (size before relaxing)
 .eh_frame      0x00000000001194ac       0x80 binaries/rdsopen.o
                                         0xac (size before relaxing)
 .eh_frame      0x000000000011952c       0xf8 binaries/rdsprocess.o
                                        0x124 (size before relaxing)
 .eh_frame      0x0000000000119624       0x7c binaries/rdsread.o
                                         0xa8 (size before relaxing)
 .eh_frame      0x00000000001196a0       0x80 binaries/rdswrite.o
                                         0xac (size before relaxing)
 .eh_frame      0x0000000000119720       0x14 binaries/ramclose.o
                                         0x2c (size before relaxing)
 .eh_frame      0x0000000000119734       0x40 binaries/raminit.o
                                         0x6c (size before relaxing)
 .eh_frame      0x0000000000119774       0x14 binaries/ramopen.o
                                         0x2c (size before relaxing)
 .eh_frame      0x0000000000119788       0x2c binaries/ramread.o
                                         0x58 (size before relaxing)
 .eh_frame      0x00000000001197b4       0x2c binaries/ramwrite.o
                                         0x58 (size before relaxing)
 .eh_frame      0x00000000001197e0       0x80 binaries/lfdballoc.o
                                         0xac (size before relaxing)
 .eh_frame      0x0000000000119860       0x50 binaries/lfdbfree.o
                                         0x7c (size before relaxing)
 .eh_frame      0x00000000001198b0       0x5c binaries/lfflush.o
                                         0x88 (size before relaxing)
 .eh_frame      0x000000000011990c       0x14 binaries/lfgetmode.o
                                         0x2c (size before relaxing)
 .eh_frame      0x0000000000119920       0x5c binaries/lfiballoc.o
                                         0x88 (size before relaxing)
 .eh_frame      0x000000000011997c       0x14 binaries/lfibclear.o
                                         0x2c (size before relaxing)
 .eh_frame      0x0000000000119990       0x4c binaries/lfibget.o
                                         0x78 (size before relaxing)
 .eh_frame      0x00000000001199dc       0x68 binaries/lfibput.o
                                         0x94 (size before relaxing)
 .eh_frame      0x0000000000119a44       0x54 binaries/lflclose.o
                                         0x80 (size before relaxing)
 .eh_frame      0x0000000000119a98       0x74 binaries/lflcontrol.o
                                         0xa0 (size before relaxing)
 .eh_frame      0x0000000000119b0c       0x6c binaries/lflgetc.o
                                         0x98 (size before relaxing)
 .eh_frame      0x0000000000119b78       0x5c binaries/lflinit.o
                                         0x88 (size before relaxing)
 .eh_frame      0x0000000000119bd4       0x6c binaries/lflputc.o
                                         0x98 (size before relaxing)
 .eh_frame      0x0000000000119c40       0x48 binaries/lflread.o
                                         0x74 (size before relaxing)
 .eh_frame      0x0000000000119c88       0x60 binaries/lflseek.o
                                         0x8c (size before relaxing)
 .eh_frame      0x0000000000119ce8       0x48 binaries/lflwrite.o
                                         0x74 (size before relaxing)
 .eh_frame      0x0000000000119d30       0xd4 binaries/lfsckfmt.o
                                        0x100 (size before relaxing)
 .eh_frame      0x0000000000119e04       0xd4 binaries/lfscreate.o
                                        0x100 (size before relaxing)
 .eh_frame      0x0000000000119ed8       0xbc binaries/lfsetup.o
                                         0xe8 (size before relaxing)
 .eh_frame      0x0000000000119f94       0x38 binaries/lfsinit.o
                                         0x64 (size before relaxing)
 .eh_frame      0x0000000000119fcc       0x90 binaries/lfsopen.o
                                         0xbc (size before relaxing)
 .eh_frame      0x000000000011a05c       0x84 binaries/lftruncate.o
                                         0xb0 (size before relaxing)
 .eh_frame      0x000000000011a0e0       0x3c binaries/rflclose.o
                                         0x68 (size before relaxing)
 .eh_frame      0x000000000011a11c       0x30 binaries/rflgetc.o
                                         0x5c (size before relaxing)
 .eh_frame      0x000000000011a14c       0x30 binaries/rflinit.o
                                         0x5c (size before relaxing)
 .eh_frame      0x000000000011a17c       0x30 binaries/rflputc.o
                                         0x5c (size before relaxing)
 .eh_frame      0x000000000011a1ac       0xdc binaries/rflread.o
                                        0x108 (size before relaxing)
 .eh_frame      0x000000000011a288       0x3c binaries/rflseek.o
                                         0x68 (size before relaxing)
 .eh_frame      0x000000000011a2c4       0xd0 binaries/rflwrite.o
                                         0xfc (size before relaxing)
 .eh_frame      0x000000000011a394       0x88 binaries/rfscomm.o
                                         0xb4 (size before relaxing)
 .eh_frame      0x000000000011a41c      0x11c binaries/rfscontrol.o
                                        0x148 (size before relaxing)
 .eh_frame      0x000000000011a538       0x14 binaries/rfsgetmode.o
                                         0x2c (size before relaxing)
 .eh_frame      0x000000000011a54c       0x50 binaries/rfsinit.o
                                         0x7c (size before relaxing)
 .eh_frame      0x000000000011a59c       0x50 binaries/rfsndmsg.o
                                         0x7c (size before relaxing)
 .eh_frame      0x000000000011a5ec       0xdc binaries/rfsopen.o
                                        0x108 (size before relaxing)
 .eh_frame      0x000000000011a6c8      0x27c binaries/arp.o
                                        0x2bc (size before relaxing)
 .eh_frame      0x000000000011a944      0x284 binaries/dhcp.o
                                        0x2b0 (size before relaxing)
 .eh_frame      0x000000000011abc8       0x40 binaries/dot2ip.o
                                         0x58 (size before relaxing)
 .eh_frame      0x000000000011ac08      0x1bc binaries/hexdump.o
                                        0x1e8 (size before relaxing)
 .eh_frame      0x000000000011adc4      0x310 binaries/icmp.o
                                        0x350 (size before relaxing)
 .eh_frame      0x000000000011b0d4      0x2e8 binaries/ip.o
                                        0x314 (size before relaxing)
 .eh_frame      0x000000000011b3bc      0x138 binaries/net.o
                                        0x164 (size before relaxing)
 .eh_frame      0x000000000011b4f4       0x74 binaries/netstart.o
                                         0xa0 (size before relaxing)
 .eh_frame      0x000000000011b568      0x394 binaries/pdump.o
                                        0x3c0 (size before relaxing)
 .eh_frame      0x000000000011b8fc      0x260 binaries/tftp.o
                                        0x28c (size before relaxing)
 .eh_frame      0x000000000011bb5c      0x36c binaries/udp.o
                                        0x3ac (size before relaxing)
 .eh_frame      0x000000000011bec8       0x68 binaries/addargs.o
                                         0x94 (size before relaxing)
 .eh_frame      0x000000000011bf30       0x40 binaries/lexan.o
                                         0x58 (size before relaxing)
 .eh_frame      0x000000000011bf70      0x24c binaries/shell.o
                                        0x278 (size before relaxing)
 .eh_frame      0x000000000011c1bc       0x5c binaries/xsh_argecho.o
                                         0x88 (size before relaxing)
 .eh_frame      0x000000000011c218       0xe0 binaries/xsh_arp.o
                                        0x10c (size before relaxing)
 .eh_frame      0x000000000011c2f8       0xb0 binaries/xsh_cat.o
                                         0xdc (size before relaxing)
 .eh_frame      0x000000000011c3a8       0x3c binaries/xsh_clear.o
                                         0x68 (size before relaxing)
 .eh_frame      0x000000000011c3e4      0x108 binaries/xsh_date.o
                                        0x134 (size before relaxing)
 .eh_frame      0x000000000011c4ec       0x64 binaries/xsh_devdump.o
                                         0x90 (size before relaxing)
 .eh_frame      0x000000000011c550       0x5c binaries/xsh_echo.o
                                         0x88 (size before relaxing)
 .eh_frame      0x000000000011c5ac       0x14 binaries/xsh_exit.o
                                         0x2c (size before relaxing)
 .eh_frame      0x000000000011c5c0       0xd4 binaries/xsh_help.o
                                        0x100 (size before relaxing)
 .eh_frame      0x000000000011c694      0x194 binaries/xsh_ipaddr.o
                                        0x1c0 (size before relaxing)
 .eh_frame      0x000000000011c828       0xac binaries/xsh_kill.o
                                         0xd8 (size before relaxing)
 .eh_frame      0x000000000011c8d4      0x130 binaries/xsh_memdump.o
                                        0x15c (size before relaxing)
 .eh_frame      0x000000000011ca04       0xbc binaries/xsh_memstat.o
                                         0xe8 (size before relaxing)
 .eh_frame      0x000000000011cac0      0x10c binaries/xsh_ping.o
                                        0x138 (size before relaxing)
 .eh_frame      0x000000000011cbcc       0xd8 binaries/xsh_ps.o
                                        0x104 (size before relaxing)
 .eh_frame      0x000000000011cca4       0xac binaries/xsh_sleep.o
                                         0xd8 (size before relaxing)
 .eh_frame      0x000000000011cd50       0xe8 binaries/xsh_udpdump.o
                                        0x114 (size before relaxing)
 .eh_frame      0x000000000011ce38      0x1b0 binaries/xsh_udpecho.o
                                        0x1dc (size before relaxing)
 .eh_frame      0x000000000011cfe8      0x128 binaries/xsh_udpeserver.o
                                        0x154 (size before relaxing)
 .eh_frame      0x000000000011d110       0xb8 binaries/xsh_uptime.o
                                         0xe4 (size before relaxing)

.iplt           0x000000000011d1c8        0x0
 .iplt          0x000000000011d1c8        0x0 binaries/start.o

.rel.dyn        0x000000000011d1c8        0x0
 .rel.got       0x000000000011d1c8        0x0 binaries/start.o
 .rel.iplt      0x000000000011d1c8        0x0 binaries/start.o
 .rel.text      0x000000000011d1c8        0x0 binaries/start.o

.data           0x000000000011d1e0     0x1e20
                0x000000000011d1e0                data = ABSOLUTE (.)
 *(.data .data.*)
 .data          0x000000000011d1e0      0x85a binaries/start.o
                0x000000000011d1e0                gdt
                0x000000000011d230                idt
                0x000000000011da36                cpudelay
 .data          0x000000000011da3a        0x0 binaries/ascdate.o
 *fill*         0x000000000011da3a        0x6 
 .data.rel.local
                0x000000000011da40       0x88 binaries/ascdate.o
                0x000000000011da40                Date
 .data          0x000000000011dac8        0x0 binaries/bufinit.o
 .data          0x000000000011dac8        0x0 binaries/chprio.o
 .data          0x000000000011dac8        0x4 binaries/clkhandler.o
 .data          0x000000000011dacc        0x0 binaries/clkinit.o
 .data          0x000000000011dacc        0x0 binaries/close.o
 .data          0x000000000011dacc        0x0 binaries/conf.o
 *fill*         0x000000000011dacc       0x14 
 .data.rel      0x000000000011dae0      0x30c binaries/conf.o
                0x000000000011dae0                devtab
 .data          0x000000000011ddec        0x0 binaries/control.o
 .data          0x000000000011ddec        0x4 binaries/create.o
 .data          0x000000000011ddf0        0x0 binaries/early_imr.o
 .data          0x000000000011ddf0        0x0 binaries/evec.o
 *fill*         0x000000000011ddf0       0x10 
 .data.rel.local
                0x000000000011de00       0x40 binaries/evec.o
                0x000000000011de00                inames
 .data          0x000000000011de40        0x0 binaries/freebuf.o
 .data          0x000000000011de40        0x0 binaries/freemem.o
 .data          0x000000000011de40        0x0 binaries/freemem_r.o
 .data          0x000000000011de40        0x0 binaries/getbuf.o
 .data          0x000000000011de40        0x0 binaries/getc.o
 .data          0x000000000011de40        0x0 binaries/getdev.o
 .data          0x000000000011de40        0x0 binaries/getitem.o
 .data          0x000000000011de40        0x0 binaries/getmem.o
 .data          0x000000000011de40        0x0 binaries/getmem_r.o
 .data          0x000000000011de40        0x0 binaries/getpid.o
 .data          0x000000000011de40        0x0 binaries/getprio.o
 .data          0x000000000011de40        0x0 binaries/getstk.o
 .data          0x000000000011de40        0x0 binaries/gettime.o
 .data          0x000000000011de40        0x0 binaries/getutime.o
 .data          0x000000000011de40        0x0 binaries/init.o
 .data          0x000000000011de40        0x0 binaries/initialize.o
 .data          0x000000000011de40        0x0 binaries/insert.o
 .data          0x000000000011de40        0x0 binaries/insertd.o
 .data          0x000000000011de40        0x0 binaries/ioerr.o
 .data          0x000000000011de40        0x0 binaries/ionull.o
 .data          0x000000000011de40        0x0 binaries/kill.o
 .data          0x000000000011de40        0x0 binaries/kprintf.o
 .data          0x000000000011de40        0x0 binaries/main.o
 .data          0x000000000011de40        0x0 binaries/mark.o
 .data          0x000000000011de40       0x48 binaries/meminit.o
                0x000000000011de40                gdt_copy
                0x000000000011de80                bootinfo
                0x000000000011de84                bootsign
 .data          0x000000000011de88        0x0 binaries/mkbufpool.o
 .data          0x000000000011de88        0x2 binaries/newqueue.o
 .data          0x000000000011de8a        0x0 binaries/open.o
 .data          0x000000000011de8a        0x0 binaries/panic.o
 .data          0x000000000011de8a        0x0 binaries/pci.o
 .data          0x000000000011de8a        0x0 binaries/platinit.o
 .data          0x000000000011de8a        0x0 binaries/ptclear.o
 .data          0x000000000011de8a        0x0 binaries/ptcount.o
 .data          0x000000000011de8a        0x0 binaries/ptcreate.o
 .data          0x000000000011de8a        0x0 binaries/ptdelete.o
 .data          0x000000000011de8a        0x0 binaries/ptinit.o
 .data          0x000000000011de8a        0x0 binaries/ptrecv.o
 .data          0x000000000011de8a        0x0 binaries/ptreset.o
 .data          0x000000000011de8a        0x0 binaries/ptsend.o
 .data          0x000000000011de8a        0x0 binaries/putc.o
 .data          0x000000000011de8a        0x0 binaries/quark_irq.o
 .data          0x000000000011de8a        0x0 binaries/quark_pdat.o
 .data          0x000000000011de8a        0x0 binaries/queue.o
 .data          0x000000000011de8a        0x0 binaries/read.o
 .data          0x000000000011de8a        0x0 binaries/ready.o
 .data          0x000000000011de8a        0x0 binaries/receive.o
 .data          0x000000000011de8a        0x0 binaries/recvclr.o
 .data          0x000000000011de8a        0x0 binaries/recvtime.o
 .data          0x000000000011de8a        0x0 binaries/resched.o
 .data          0x000000000011de8a        0x0 binaries/resume.o
 .data          0x000000000011de8a        0x0 binaries/r_mem_allocated.o
 .data          0x000000000011de8a        0x0 binaries/seek.o
 .data          0x000000000011de8a        0x0 binaries/semcount.o
 .data          0x000000000011de8a        0x0 binaries/semcreate.o
 .data          0x000000000011de8a        0x0 binaries/semdelete.o
 .data          0x000000000011de8a        0x0 binaries/semreset.o
 .data          0x000000000011de8a        0x0 binaries/send.o
 .data          0x000000000011de8a        0x0 binaries/signal.o
 .data          0x000000000011de8a        0x0 binaries/signaln.o
 .data          0x000000000011de8a        0x0 binaries/sleep.o
 .data          0x000000000011de8a        0x0 binaries/suspend.o
 .data          0x000000000011de8a        0x0 binaries/unsleep.o
 .data          0x000000000011de8a        0x0 binaries/userret.o
 .data          0x000000000011de8a        0x0 binaries/wait.o
 .data          0x000000000011de8a        0x0 binaries/wakeup.o
 .data          0x000000000011de8a        0x0 binaries/write.o
 .data          0x000000000011de8a        0x0 binaries/xdone.o
 .data          0x000000000011de8a        0x0 binaries/yield.o
 .data          0x000000000011de8a        0x0 binaries/abs.o
 .data          0x000000000011de8a        0x0 binaries/atoi.o
 .data          0x000000000011de8a        0x0 binaries/atol.o
 .data          0x000000000011de8a        0x0 binaries/bzero.o
 .data          0x000000000011de8a        0x0 binaries/ctype_.o
 .data          0x000000000011de8a        0x0 binaries/doprnt.o
 *fill*         0x000000000011de8a       0x16 
 .data          0x000000000011dea0       0x80 binaries/doscan.o
                0x000000000011dea0                _sctab
 .data          0x000000000011df20        0x0 binaries/fdoprnt.o
 .data          0x000000000011df20        0x0 binaries/fgetc.o
 .data          0x000000000011df20        0x0 binaries/fgets.o
 .data          0x000000000011df20        0x0 binaries/fprintf.o
 .data          0x000000000011df20        0x0 binaries/fputc.o
 .data          0x000000000011df20        0x0 binaries/fputs.o
 .data          0x000000000011df20        0x0 binaries/fscanf.o
 .data          0x000000000011df20        0x0 binaries/getchar.o
 .data          0x000000000011df20        0x0 binaries/labs.o
 .data          0x000000000011df20        0x0 binaries/memchr.o
 .data          0x000000000011df20        0x0 binaries/memcmp.o
 .data          0x000000000011df20        0x0 binaries/memcpy.o
 .data          0x000000000011df20        0x0 binaries/memset.o
 .data          0x000000000011df20        0x0 binaries/printf.o
 .data          0x000000000011df20        0x0 binaries/putchar.o
 .data          0x000000000011df20        0x0 binaries/qsort.o
 .data          0x000000000011df20        0x4 binaries/rand.o
 .data          0x000000000011df24        0x0 binaries/sprintf.o
 .data          0x000000000011df24        0x0 binaries/sscanf.o
 .data          0x000000000011df24        0x0 binaries/strchr.o
 .data          0x000000000011df24        0x0 binaries/strcmp.o
 .data          0x000000000011df24        0x0 binaries/strcpy.o
 .data          0x000000000011df24        0x0 binaries/strlen.o
 .data          0x000000000011df24        0x0 binaries/strncat.o
 .data          0x000000000011df24        0x0 binaries/strncmp.o
 .data          0x000000000011df24        0x0 binaries/strncpy.o
 .data          0x000000000011df24        0x0 binaries/strnlen.o
 .data          0x000000000011df24        0x0 binaries/strrchr.o
 .data          0x000000000011df24        0x0 binaries/strstr.o
 .data          0x000000000011df24        0x0 binaries/ttycontrol.o
 .data          0x000000000011df24        0x0 binaries/ttygetc.o
 .data          0x000000000011df24        0x0 binaries/ttyhandle_in.o
 .data          0x000000000011df24        0x0 binaries/ttyhandle_out.o
 .data          0x000000000011df24        0x0 binaries/ttyhandler.o
 .data          0x000000000011df24        0x0 binaries/ttyinit.o
 .data          0x000000000011df24        0x0 binaries/ttykickout.o
 .data          0x000000000011df24        0x0 binaries/ttyputc.o
 .data          0x000000000011df24        0x0 binaries/ttyread.o
 .data          0x000000000011df24        0x0 binaries/ttywrite.o
 .data          0x000000000011df24        0x0 binaries/mount.o
 .data          0x000000000011df24        0x0 binaries/naminit.o
 .data          0x000000000011df24        0x0 binaries/nammap.o
 .data          0x000000000011df24        0x0 binaries/namopen.o
 .data          0x000000000011df24        0x0 binaries/colon2mac.o
 .data          0x000000000011df24        0x0 binaries/ethcontrol.o
 .data          0x000000000011df24        0x0 binaries/ethhandler.o
 .data          0x000000000011df24        0x0 binaries/ethinit.o
 .data          0x000000000011df24        0x0 binaries/ethmcast.o
 .data          0x000000000011df24        0x0 binaries/ethread.o
 .data          0x000000000011df24        0x0 binaries/ethwrite.o
 .data          0x000000000011df24        0x0 binaries/rdsbufalloc.o
 .data          0x000000000011df24        0x0 binaries/rdsclose.o
 .data          0x000000000011df24        0x0 binaries/rdscomm.o
 .data          0x000000000011df24        0x0 binaries/rdscontrol.o
 .data          0x000000000011df24        0x0 binaries/rdsinit.o
 .data          0x000000000011df24        0x0 binaries/rdsopen.o
 .data          0x000000000011df24        0x0 binaries/rdsprocess.o
 .data          0x000000000011df24        0x0 binaries/rdsread.o
 .data          0x000000000011df24        0x0 binaries/rdswrite.o
 .data          0x000000000011df24        0x0 binaries/ramclose.o
 .data          0x000000000011df24        0x0 binaries/raminit.o
 .data          0x000000000011df24        0x0 binaries/ramopen.o
 .data          0x000000000011df24        0x0 binaries/ramread.o
 .data          0x000000000011df24        0x0 binaries/ramwrite.o
 .data          0x000000000011df24        0x0 binaries/lfdballoc.o
 .data          0x000000000011df24        0x0 binaries/lfdbfree.o
 .data          0x000000000011df24        0x0 binaries/lfflush.o
 .data          0x000000000011df24        0x0 binaries/lfgetmode.o
 .data          0x000000000011df24        0x0 binaries/lfiballoc.o
 .data          0x000000000011df24        0x0 binaries/lfibclear.o
 .data          0x000000000011df24        0x0 binaries/lfibget.o
 .data          0x000000000011df24        0x0 binaries/lfibput.o
 .data          0x000000000011df24        0x0 binaries/lflclose.o
 .data          0x000000000011df24        0x0 binaries/lflcontrol.o
 .data          0x000000000011df24        0x0 binaries/lflgetc.o
 .data          0x000000000011df24        0x0 binaries/lflinit.o
 .data          0x000000000011df24        0x0 binaries/lflputc.o
 .data          0x000000000011df24        0x0 binaries/lflread.o
 .data          0x000000000011df24        0x0 binaries/lflseek.o
 .data          0x000000000011df24        0x0 binaries/lflwrite.o
 .data          0x000000000011df24        0x0 binaries/lfsckfmt.o
 .data          0x000000000011df24        0x0 binaries/lfscreate.o
 .data          0x000000000011df24        0x0 binaries/lfsetup.o
 .data          0x000000000011df24        0x0 binaries/lfsinit.o
 .data          0x000000000011df24        0x0 binaries/lfsopen.o
 .data          0x000000000011df24        0x0 binaries/lftruncate.o
 .data          0x000000000011df24        0x0 binaries/rflclose.o
 .data          0x000000000011df24        0x0 binaries/rflgetc.o
 .data          0x000000000011df24        0x0 binaries/rflinit.o
 .data          0x000000000011df24        0x0 binaries/rflputc.o
 .data          0x000000000011df24        0x0 binaries/rflread.o
 .data          0x000000000011df24        0x0 binaries/rflseek.o
 .data          0x000000000011df24        0x0 binaries/rflwrite.o
 .data          0x000000000011df24        0x0 binaries/rfscomm.o
 .data          0x000000000011df24        0x0 binaries/rfscontrol.o
 .data          0x000000000011df24        0x0 binaries/rfsgetmode.o
 .data          0x000000000011df24        0x0 binaries/rfsinit.o
 .data          0x000000000011df24        0x0 binaries/rfsndmsg.o
 .data          0x000000000011df24        0x0 binaries/rfsopen.o
 .data          0x000000000011df24        0x0 binaries/arp.o
 .data          0x000000000011df24        0x0 binaries/dhcp.o
 .data          0x000000000011df24        0x0 binaries/dot2ip.o
 .data          0x000000000011df24        0x0 binaries/hexdump.o
 .data          0x000000000011df24        0x4 binaries/icmp.o
 .data          0x000000000011df28        0x0 binaries/ip.o
 .data          0x000000000011df28        0x0 binaries/net.o
 .data          0x000000000011df28        0x0 binaries/netstart.o
 .data          0x000000000011df28        0x0 binaries/pdump.o
 .data          0x000000000011df28        0x0 binaries/tftp.o
 .data          0x000000000011df28        0x4 binaries/udp.o